Archive member included to satisfy reference by file (symbol)

/usr/lib/gcc/arm-none-eabi/13.2.1/../../../arm-none-eabi/lib/thumb/v7e-m/nofp/libg.a(libc_a-memset.o)
                              /tmp/ccjvroFX.ltrans0.ltrans.o (memset)
/usr/lib/gcc/arm-none-eabi/13.2.1/../../../arm-none-eabi/lib/thumb/v7e-m/nofp/libg.a(libc_a-memcpy.o)
                              /tmp/ccjvroFX.ltrans0.ltrans.o (memcpy)

Discarded input sections

 .data          0x00000000        0x0 ./build/obj/crt0_v7m.o
 .bss           0x00000000        0x0 ./build/obj/crt0_v7m.o
 .data          0x00000000        0x0 ./build/obj/vectors.o
 .bss           0x00000000        0x0 ./build/obj/vectors.o
 .data          0x00000000        0x0 ./build/obj/chcoreasm_v7m.o
 .bss           0x00000000        0x0 ./build/obj/chcoreasm_v7m.o
 .text          0x00000000        0x0 /tmp/ccjvroFX.ltrans0.ltrans.o
 .data          0x00000000        0x0 /tmp/ccjvroFX.ltrans0.ltrans.o
 .bss           0x00000000        0x0 /tmp/ccjvroFX.ltrans0.ltrans.o
 .comment       0x00000000       0x27 /tmp/ccUcDjOi.debug.temp.o
 .comment       0x00000000       0x27 /tmp/ccz6yTG8.debug.temp.o
 .comment       0x00000000       0x27 /tmp/ccGmKIGE.debug.temp.o
 .debug_info    0x00000000      0xc28 /tmp/cc6H4AE5.debug.temp.o
 .debug_abbrev  0x00000000      0x257 /tmp/cc6H4AE5.debug.temp.o
 .debug_line    0x00000000       0xaa /tmp/cc6H4AE5.debug.temp.o
 .debug_str     0x00000000      0x6db /tmp/cc6H4AE5.debug.temp.o
 .debug_line_str
                0x00000000      0x1df /tmp/cc6H4AE5.debug.temp.o
 .comment       0x00000000       0x27 /tmp/cc6H4AE5.debug.temp.o
 .comment       0x00000000       0x27 /tmp/cc3nO5W7.debug.temp.o
 .debug_info    0x00000000       0x7a /tmp/ccGKHuoS.debug.temp.o
 .debug_abbrev  0x00000000       0x26 /tmp/ccGKHuoS.debug.temp.o
 .debug_line    0x00000000       0x31 /tmp/ccGKHuoS.debug.temp.o
 .debug_str     0x00000000      0x19b /tmp/ccGKHuoS.debug.temp.o
 .debug_line_str
                0x00000000       0x45 /tmp/ccGKHuoS.debug.temp.o
 .comment       0x00000000       0x27 /tmp/ccGKHuoS.debug.temp.o
 .debug_info    0x00000000      0x2d0 /tmp/ccFe0mWD.debug.temp.o
 .debug_abbrev  0x00000000      0x136 /tmp/ccFe0mWD.debug.temp.o
 .debug_line    0x00000000       0x5a /tmp/ccFe0mWD.debug.temp.o
 .debug_str     0x00000000      0x283 /tmp/ccFe0mWD.debug.temp.o
 .debug_line_str
                0x00000000       0xe6 /tmp/ccFe0mWD.debug.temp.o
 .comment       0x00000000       0x27 /tmp/ccFe0mWD.debug.temp.o
 .comment       0x00000000       0x27 /tmp/ccJXzk9e.debug.temp.o
 .comment       0x00000000       0x27 /tmp/ccIWA6V8.debug.temp.o
 .comment       0x00000000       0x27 /tmp/ccgbWEhH.debug.temp.o
 .comment       0x00000000       0x27 /tmp/ccH3uuh1.debug.temp.o
 .debug_info    0x00000000       0x7a /tmp/cclWQOyz.debug.temp.o
 .debug_abbrev  0x00000000       0x26 /tmp/cclWQOyz.debug.temp.o
 .debug_line    0x00000000       0x31 /tmp/cclWQOyz.debug.temp.o
 .debug_str     0x00000000      0x1ad /tmp/cclWQOyz.debug.temp.o
 .debug_line_str
                0x00000000       0x57 /tmp/cclWQOyz.debug.temp.o
 .comment       0x00000000       0x27 /tmp/cclWQOyz.debug.temp.o
 .debug_info    0x00000000       0x7a /tmp/cc0efZcV.debug.temp.o
 .debug_abbrev  0x00000000       0x26 /tmp/cc0efZcV.debug.temp.o
 .debug_line    0x00000000       0x31 /tmp/cc0efZcV.debug.temp.o
 .debug_str     0x00000000      0x1af /tmp/cc0efZcV.debug.temp.o
 .debug_line_str
                0x00000000       0x59 /tmp/cc0efZcV.debug.temp.o
 .comment       0x00000000       0x27 /tmp/cc0efZcV.debug.temp.o
 .comment       0x00000000       0x27 /tmp/ccpdpIqx.debug.temp.o
 .comment       0x00000000       0x27 /tmp/ccChQ0B9.debug.temp.o
 .comment       0x00000000       0x27 /tmp/ccJGq5Oa.debug.temp.o
 .comment       0x00000000       0x27 /tmp/cc2NP7OD.debug.temp.o
 .debug_info    0x00000000       0x7a /tmp/cceC3aA7.debug.temp.o
 .debug_abbrev  0x00000000       0x26 /tmp/cceC3aA7.debug.temp.o
 .debug_line    0x00000000       0x31 /tmp/cceC3aA7.debug.temp.o
 .debug_str     0x00000000      0x19a /tmp/cceC3aA7.debug.temp.o
 .debug_line_str
                0x00000000       0x44 /tmp/cceC3aA7.debug.temp.o
 .comment       0x00000000       0x27 /tmp/cceC3aA7.debug.temp.o
 .comment       0x00000000       0x27 /tmp/ccgG0yX4.debug.temp.o
 .debug_info    0x00000000       0x7a /tmp/cc8ol2FW.debug.temp.o
 .debug_abbrev  0x00000000       0x26 /tmp/cc8ol2FW.debug.temp.o
 .debug_line    0x00000000       0x31 /tmp/cc8ol2FW.debug.temp.o
 .debug_str     0x00000000      0x198 /tmp/cc8ol2FW.debug.temp.o
 .debug_line_str
                0x00000000       0x42 /tmp/cc8ol2FW.debug.temp.o
 .comment       0x00000000       0x27 /tmp/cc8ol2FW.debug.temp.o
 .debug_info    0x00000000       0x7a /tmp/ccmMTxaR.debug.temp.o
 .debug_abbrev  0x00000000       0x26 /tmp/ccmMTxaR.debug.temp.o
 .debug_line    0x00000000       0x31 /tmp/ccmMTxaR.debug.temp.o
 .debug_str     0x00000000      0x198 /tmp/ccmMTxaR.debug.temp.o
 .debug_line_str
[...]
Memory Configuration

Name             Origin             Length             Attributes
flash0           0x08000000         0x00040000
flash1           0x00000000         0x00000000
flash2           0x00000000         0x00000000
flash3           0x00000000         0x00000000
flash4           0x00000000         0x00000000
flash5           0x00000000         0x00000000
flash6           0x00000000         0x00000000
flash7           0x00000000         0x00000000
ram0             0x20000000         0x00010000
ram1             0x00000000         0x00000000
ram2             0x00000000         0x00000000
ram3             0x00000000         0x00000000
ram4             0x00000000         0x00000000
ram5             0x00000000         0x00000000
ram6             0x00000000         0x00000000
ram7             0x00000000         0x00000000
*default*        0x00000000         0xffffffff

Linker script and memory map

LOAD ./build/obj/crt0_v7m.o
LOAD ./build/obj/vectors.o
LOAD ./build/obj/chcoreasm_v7m.o
LOAD ./build/obj/crt1.o
LOAD /tmp/ccjvroFX.ltrans0.ltrans.o
LOAD /tmp/ccUcDjOi.debug.temp.o
LOAD /tmp/ccz6yTG8.debug.temp.o
LOAD /tmp/ccGmKIGE.debug.temp.o
LOAD /tmp/cc6H4AE5.debug.temp.o
LOAD /tmp/cc3nO5W7.debug.temp.o
LOAD /tmp/ccGKHuoS.debug.temp.o
LOAD /tmp/ccFe0mWD.debug.temp.o
LOAD /tmp/ccJXzk9e.debug.temp.o
LOAD /tmp/ccIWA6V8.debug.temp.o
LOAD /tmp/ccgbWEhH.debug.temp.o
LOAD /tmp/ccH3uuh1.debug.temp.o
LOAD /tmp/cclWQOyz.debug.temp.o
LOAD /tmp/cc0efZcV.debug.temp.o
LOAD /tmp/ccpdpIqx.debug.temp.o
LOAD /tmp/ccChQ0B9.debug.temp.o
LOAD /tmp/ccJGq5Oa.debug.temp.o
LOAD /tmp/cc2NP7OD.debug.temp.o
LOAD /tmp/cceC3aA7.debug.temp.o
LOAD /tmp/ccgG0yX4.debug.temp.o
LOAD /tmp/cc8ol2FW.debug.temp.o
LOAD /tmp/ccmMTxaR.debug.temp.o
LOAD /tmp/ccFgU0PD.debug.temp.o
LOAD /tmp/ccOxDiuy.debug.temp.o
LOAD /tmp/ccxM1gMf.debug.temp.o
LOAD /tmp/ccjZiZWW.debug.temp.o
LOAD /tmp/ccpLTmqI.debug.temp.o
LOAD /tmp/cc8M7s1t.debug.temp.o
LOAD /tmp/ccsTFu4n.debug.temp.o
LOAD /tmp/ccC2NP1g.debug.temp.o
LOAD /tmp/ccPVFBGW.debug.temp.o
LOAD /tmp/cc4ENvfO.debug.temp.o
LOAD /tmp/ccCLR2oK.debug.temp.o
LOAD /tmp/ccHKLZ8A.debug.temp.o
LOAD /tmp/ccXw5laI.debug.temp.o
LOAD /tmp/ccos5U73.debug.temp.o
LOAD /tmp/ccJxW3a9.debug.temp.o
LOAD /tmp/ccz8ujmn.debug.temp.o
LOAD /tmp/ccGJZw63.debug.temp.o
LOAD /tmp/ccJ7ZZWV.debug.temp.o
LOAD /tmp/cc9XQGEs.debug.temp.o
LOAD /tmp/cca7VAHu.debug.temp.o
LOAD /tmp/ccjI4dOp.debug.temp.o
LOAD /tmp/ccPmIGD0.debug.temp.o
LOAD /tmp/ccxzzlRZ.debug.temp.o
LOAD /tmp/cc1uJW0x.debug.temp.o
LOAD /tmp/ccEMRxbP.debug.temp.o
LOAD /tmp/cckXi7Rt.debug.temp.o
LOAD /tmp/cc1a4Ojq.debug.temp.o
LOAD /tmp/ccrU1NM4.debug.temp.o
LOAD /tmp/cc54eeSA.debug.temp.o
LOAD /tmp/cctHq8S1.debug.temp.o
LOAD /tmp/cc0BW0f6.debug.temp.o
LOAD /tmp/ccQ9hcgY.debug.temp.o
LOAD /tmp/ccm9TxnT.debug.temp.o
LOAD /tmp/cctVSyjd.debug.temp.o
LOAD /tmp/ccjg8Ilr.debug.temp.o
LOAD /tmp/ccx8o84t.debug.temp.o
LOAD /tmp/ccQs7pHm.debug.temp.o
LOAD /tmp/ccgEv7MH.debug.temp.o
LOAD ./build/obj/hal.o
LOAD ./build/obj/hal_st.o
LOAD ./build/obj/hal_buffers.o
LOAD ./build/obj/hal_queues.o
LOAD ./build/obj/hal_mmcsd.o
LOAD ./build/obj/hal_pal.o
LOAD ./build/obj/hal_serial.o
LOAD ./build/obj/nvic.o
LOAD ./build/obj/stm32_isr.o
LOAD ./build/obj/hal_lld.o
LOAD ./build/obj/stm32_dma.o
LOAD ./build/obj/stm32_exti.o
LOAD ./build/obj/hal_pal_lld.o
LOAD ./build/obj/hal_st_lld.o
LOAD ./build/obj/hal_serial_lld.o
LOAD ./build/obj/board.o
LOAD ./build/obj/osal.o
LOAD ./build/obj/chsys.o
LOAD ./build/obj/chdebug.o
LOAD ./build/obj/chtrace.o
LOAD ./build/obj/chvt.o
LOAD ./build/obj/chschd.o
LOAD ./build/obj/chthreads.o
LOAD ./build/obj/chtm.o
LOAD ./build/obj/chregistry.o
LOAD ./build/obj/chsem.o
LOAD ./build/obj/chmtx.o
LOAD ./build/obj/chcond.o
LOAD ./build/obj/chevents.o
LOAD ./build/obj/chmsg.o
LOAD ./build/obj/chdynamic.o
LOAD ./build/obj/chmboxes.o
LOAD ./build/obj/chmemcore.o
LOAD ./build/obj/chmemheaps.o
LOAD ./build/obj/chmempools.o
LOAD ./build/obj/chpipes.o
LOAD ./build/obj/chfactory.o
LOAD ./build/obj/chcore.o
LOAD ./build/obj/chcore_v7m.o
LOAD ./build/obj/ch_test.o
LOAD ./build/obj/rt_test_root.o
LOAD ./build/obj/rt_test_sequence_001.o
LOAD ./build/obj/rt_test_sequence_002.o
LOAD ./build/obj/rt_test_sequence_003.o
LOAD ./build/obj/rt_test_sequence_004.o
LOAD ./build/obj/rt_test_sequence_005.o
LOAD ./build/obj/rt_test_sequence_006.o
LOAD ./build/obj/rt_test_sequence_007.o
LOAD ./build/obj/rt_test_sequence_008.o
LOAD ./build/obj/rt_test_sequence_009.o
LOAD ./build/obj/rt_test_sequence_010.o
LOAD ./build/obj/oslib_test_root.o
LOAD ./build/obj/oslib_test_sequence_001.o
LOAD ./build/obj/oslib_test_sequence_002.o
LOAD ./build/obj/oslib_test_sequence_003.o
LOAD ./build/obj/oslib_test_sequence_004.o
LOAD ./build/obj/oslib_test_sequence_005.o
LOAD ./build/obj/main.o

.mstack         0x20000000      0x400
                0x20000000                        . = ALIGN (0x8)
                0x20000000                        __main_stack_base__ = .
                0x20000400                        . = (. + __main_stack_size__)
 *fill*         0x20000000      0x400 
                0x20000400                        . = ALIGN (0x8)
                0x20000400                        __main_stack_end__ = .

.pstack         0x20000400      0x400
                0x20000400                        . = ALIGN (0x8)
                0x20000400                        __process_stack_base__ = .
                0x20000400                        __main_thread_stack_base__ = .
                0x20000800                        . = (. + __process_stack_size__)
 *fill*         0x20000400      0x400 
                0x20000800                        . = ALIGN (0x8)
                0x20000800                        __process_stack_end__ = .
                0x20000800                        __main_thread_stack_end__ = .

.vectors        0x08000000      0x1e0
 *(.vectors)
 .vectors       0x08000000      0x1e0 ./build/obj/vectors.o
                0x08000000                _vectors

.xtors          0x080001e0        0x0
                0x080001e0                        __init_array_start = .
 *(SORT_BY_NAME(.init_array.*))
 *(.init_array)
                0x080001e0                        __init_array_end = .
                0x080001e0                        __fini_array_start = .
 *(.fini_array)
 *(SORT_BY_NAME(.fini_array.*))
                0x080001e0                        __fini_array_end = .

.text           0x080001e0     0x1bc0
                0x080001e0                        __text_base = .
 *(.text)
 .text          0x080001e0       0xd8 ./build/obj/crt0_v7m.o
                0x080001e0                _crt0_entry
 .text          0x080002b8        0x8 ./build/obj/vectors.o
                0x080002b8                Reset_Handler
                0x080002ba                Vector58
                0x080002ba                VectorE8
                0x080002ba                Vector9C
                0x080002ba                VectorAC
                0x080002ba                DebugMon_Handler
                0x080002ba                Vector1A0
                0x080002ba                Vector5C
                0x080002ba                Vector11C
                0x080002ba                HardFault_Handler
                0x080002ba                Vector1B8
                0x080002ba                Vector19C
                0x080002ba                Vector8C
                0x080002ba                SysTick_Handler
                0x080002ba                VectorDC
                0x080002ba                PendSV_Handler
                0x080002ba                Vector168
                0x080002ba                NMI_Handler
                0x080002ba                Vector110
                0x080002ba                Vector120
                0x080002ba                Vector1D8
                0x080002ba                VectorC8
                0x080002ba                Vector94
                0x080002ba                VectorA8
                0x080002ba                VectorB4
                0x080002ba                Vector74
                0x080002ba                Vector160
                0x080002ba                Vector1B0
                0x080002ba                UsageFault_Handler
                0x080002ba                VectorEC
                0x080002ba                Vector40
                0x080002ba                VectorF8
                0x080002ba                Vector108
                0x080002ba                VectorBC
                0x080002ba                Vector190
                0x080002ba                Vector150
                0x080002ba                Vector124
                0x080002ba                Vector1C4
                0x080002ba                Vector1CC
                0x080002ba                Vector148
                0x080002ba                Vector188
                0x080002ba                Vector198
                0x080002ba                Vector118
                0x080002ba                Vector64
                0x080002ba                VectorCC
                0x080002ba                Vector54
                0x080002ba                Vector98
                0x080002ba                Vector138
                0x080002ba                Vector24
                0x080002ba                Vector1AC
                0x080002ba                Vector178
                0x080002ba                Vector84
                0x080002ba                Vector1A4
                0x080002ba                VectorD0
                0x080002ba                Vector1B4
                0x080002ba                Vector140
                0x080002ba                VectorE4
                0x080002ba                VectorC0
                0x080002ba                Vector158
                0x080002ba                Vector130
                0x080002ba                Vector1C0
                0x080002ba                Vector134
                0x080002ba                Vector1D0
                0x080002ba                VectorF0
                0x080002ba                Vector12C
                0x080002ba                Vector13C
                0x080002ba                Vector100
                0x080002ba                VectorE0
                0x080002ba                VectorF4
                0x080002ba                MemManage_Handler
                0x080002ba                Vector6C
                0x080002ba                VectorA0
                0x080002ba                VectorC4
                0x080002ba                Vector7C
                0x080002ba                Vector180
                0x080002ba                Vector90
                0x080002ba                Vector114
                0x080002ba                Vector164
                0x080002ba                Vector60
                0x080002ba                Vector1C
                0x080002ba                Vector1BC
                0x080002ba                Vector1D4
                0x080002ba                Vector17C
                0x080002ba                Vector48
                0x080002ba                Vector1A8
                0x080002ba                Vector16C
                0x080002ba                Vector70
                0x080002ba                VectorD4
                0x080002ba                Vector4C
                0x080002ba                Vector144
                0x080002ba                Vector80
                0x080002ba                Vector15C
                0x080002ba                Vector68
                0x080002ba                Vector78
                0x080002ba                Vector170
                0x080002ba                Vector88
                0x080002ba                Vector104
                0x080002ba                Vector184
                0x080002ba                Vector10C
                0x080002ba                Vector14C
                0x080002ba                BusFault_Handler
                0x080002ba                Vector50
                0x080002ba                Vector1C8
                0x080002ba                Vector194
                0x080002ba                Vector1DC
                0x080002ba                Vector154
                0x080002ba                Vector44
                0x080002ba                Vector28
                0x080002ba                VectorB8
                0x080002ba                VectorFC
                0x080002ba                Vector34
                0x080002ba                Vector128
                0x080002ba                VectorA4
                0x080002ba                Vector20
                0x080002ba                Vector18C
                0x080002ba                Vector174
                0x080002be                _unhandled_exception
 .text          0x080002c0       0x28 ./build/obj/chcoreasm_v7m.o
                0x080002c0                _port_switch
                0x080002d0                _port_thread_start
                0x080002e0                _port_switch_from_isr
                0x080002e4                _port_exit_from_isr
 .text          0x080002e8       0xa4 /usr/lib/gcc/arm-none-eabi/13.2.1/../../../arm-none-eabi/lib/thumb/v7e-m/nofp/libg.a(libc_a-memset.o)
                0x080002e8                memset
 .text          0x0800038c      0x134 /usr/lib/gcc/arm-none-eabi/13.2.1/../../../arm-none-eabi/lib/thumb/v7e-m/nofp/libg.a(libc_a-memcpy.o)
                0x0800038c                memcpy
 *(.text.*)
 .text._ctl     0x080004c0        0x4 /tmp/ccjvroFX.ltrans0.ltrans.o
 *fill*         0x080004c4        0xc 
 .text._pal_lld_setgroupmode
                0x080004d0       0xcc /tmp/ccjvroFX.ltrans0.ltrans.o
 *fill*         0x0800059c        0x4 
 .text.notify2  0x080005a0       0x10 /tmp/ccjvroFX.ltrans0.ltrans.o
 .text._idle_thread
                0x080005b0        0x4 /tmp/ccjvroFX.ltrans0.ltrans.o
 *fill*         0x080005b4        0xc 
 .text.wakeup   0x080005c0       0x6c /tmp/ccjvroFX.ltrans0.ltrans.o
 *fill*         0x0800062c        0x4 
 .text.chTMStopMeasurementX
                0x08000630       0x44 /tmp/ccjvroFX.ltrans0.ltrans.o
 *fill*         0x08000674        0xc 
 .text.chCoreAllocAlignedWithOffset
                0x08000680       0x48 /tmp/ccjvroFX.ltrans0.ltrans.o
 *fill*         0x080006c8        0x8 
 .text.chCoreAllocAlignedI
                0x080006d0       0x38 /tmp/ccjvroFX.ltrans0.ltrans.o
 *fill*         0x08000708        0x8 
 .text.chTMStartMeasurementX.constprop.0
                0x08000710        0xc /tmp/ccjvroFX.ltrans0.ltrans.o
 *fill*         0x0800071c        0x4 
 .text.chEvtBroadcastFlagsI.constprop.0
                0x08000720       0x8c /tmp/ccjvroFX.ltrans0.ltrans.o
 *fill*         0x080007ac        0x4 
 .text.chSchGoSleepTimeoutS
                0x080007b0      0x150 /tmp/ccjvroFX.ltrans0.ltrans.o
 .text.oqWriteTimeout
                0x08000900       0xe4 /tmp/ccjvroFX.ltrans0.ltrans.o
 *fill*         0x080009e4        0xc 
 .text._write   0x080009f0        0xc /tmp/ccjvroFX.ltrans0.ltrans.o
 *fill*         0x080009fc        0x4 
 .text._writet  0x08000a00        0x8 /tmp/ccjvroFX.ltrans0.ltrans.o
 *fill*         0x08000a08        0x8 
 .text.iqGetTimeout
                0x08000a10       0x70 /tmp/ccjvroFX.ltrans0.ltrans.o
 .text._get     0x08000a80        0xc /tmp/ccjvroFX.ltrans0.ltrans.o
 *fill*         0x08000a8c        0x4 
 .text._gett    0x08000a90        0x8 /tmp/ccjvroFX.ltrans0.ltrans.o
 *fill*         0x08000a98        0x8 
 .text.iqReadTimeout
                0x08000aa0       0xe4 /tmp/ccjvroFX.ltrans0.ltrans.o
 *fill*         0x08000b84        0xc 
 .text._read    0x08000b90        0xc /tmp/ccjvroFX.ltrans0.ltrans.o
 *fill*         0x08000b9c        0x4 
 .text._readt   0x08000ba0        0x8 /tmp/ccjvroFX.ltrans0.ltrans.o
 *fill*         0x08000ba8        0x8 
 .text.oqPutTimeout
                0x08000bb0       0x70 /tmp/ccjvroFX.ltrans0.ltrans.o
 .text._put     0x08000c20        0xc /tmp/ccjvroFX.ltrans0.ltrans.o
 *fill*         0x08000c2c        0x4 
 .text._putt    0x08000c30        0x8 /tmp/ccjvroFX.ltrans0.ltrans.o
 *fill*         0x08000c38        0x8 
 .text.uart_send_string
                0x08000c40       0x24 /tmp/ccjvroFX.ltrans0.ltrans.o
 *fill*         0x08000c64        0xc 
 .text.LedThread
                0x08000c70       0xcc /tmp/ccjvroFX.ltrans0.ltrans.o
 *fill*         0x08000d3c        0x4 
 .text.UartTxThread
                0x08000d40       0xe0 /tmp/ccjvroFX.ltrans0.ltrans.o
 .text.chSchWakeupS.constprop.0
                0x08000e20       0x58 /tmp/ccjvroFX.ltrans0.ltrans.o
 *fill*         0x08000e78        0x8 
 .text.chThdCreateStatic.constprop.0.isra.0
                0x08000e80       0x78 /tmp/ccjvroFX.ltrans0.ltrans.o
 *fill*         0x08000ef8        0x8 
 .text.UartRxThread
                0x08000f00      0x26c /tmp/ccjvroFX.ltrans0.ltrans.o
 *fill*         0x0800116c        0x4 
 .text.__core_init
                0x08001170        0x4 /tmp/ccjvroFX.ltrans0.ltrans.o
                0x08001170                __core_init
 *fill*         0x08001174        0xc 
 .text.__late_init
                0x08001180        0x4 /tmp/ccjvroFX.ltrans0.ltrans.o
                0x08001180                __late_init
 *fill*         0x08001184        0xc 
 .text.__default_exit
                0x08001190        0x4 /tmp/ccjvroFX.ltrans0.ltrans.o
                0x08001190                __default_exit
 *fill*         0x08001194        0xc 
 .text.__init_ram_areas
                0x080011a0       0x54 /tmp/ccjvroFX.ltrans0.ltrans.o
                0x080011a0                __init_ram_areas
 *fill*         0x080011f4        0xc 
 .text.VectorB0
                0x08001200      0x100 /tmp/ccjvroFX.ltrans0.ltrans.o
                0x08001200                VectorB0
 .text.VectorD8
                0x08001300      0x238 /tmp/ccjvroFX.ltrans0.ltrans.o
                0x08001300                VectorD8
 *fill*         0x08001538        0x8 
 .text.__early_init
                0x08001540      0x248 /tmp/ccjvroFX.ltrans0.ltrans.o
                0x08001540                __early_init
 *fill*         0x08001788        0x8 
 .text.chSchDoReschedule
                0x08001790       0x40 /tmp/ccjvroFX.ltrans0.ltrans.o
                0x08001790                chSchDoReschedule
 .text.chThdExit
                0x080017d0       0x78 /tmp/ccjvroFX.ltrans0.ltrans.o
                0x080017d0                chThdExit
 *fill*         0x08001848        0x8 
 .text.SVC_Handler
                0x08001850       0x14 /tmp/ccjvroFX.ltrans0.ltrans.o
                0x08001850                SVC_Handler
 *fill*         0x08001864        0xc 
 .text.startup.main
                0x08001870      0x530 /tmp/ccjvroFX.ltrans0.ltrans.o
                0x08001870                main
 *(.glue_7t)
 .glue_7t       0x08001da0        0x0 linker stubs
 *(.glue_7)
 .glue_7        0x08001da0        0x0 linker stubs
 *(.gcc*)
                0x08001da0                        __text_end = .

.vfp11_veneer   0x08001da0        0x0
 .vfp11_veneer  0x08001da0        0x0 linker stubs

.v4_bx          0x08001da0        0x0
 .v4_bx         0x08001da0        0x0 linker stubs

.iplt           0x08001da0        0x0
 .iplt          0x08001da0        0x0 ./build/obj/crt0_v7m.o

.rodata         0x08001da0      0x2e4
                0x08001da0                        __rodata_base__ = .
 *(.rodata)
 *(.rodata.*)
 .rodata.LedThread.str1.4
                0x08001da0      0x221 /tmp/ccjvroFX.ltrans0.ltrans.o
                                  0xc (size before relaxing)
 .rodata.UartTxThread.str1.4
                0x08001fc1       0x18 /tmp/ccjvroFX.ltrans0.ltrans.o
 .rodata.chThdCreateStatic.constprop.0.isra.0.str1.4
                0x08001fc1        0x7 /tmp/ccjvroFX.ltrans0.ltrans.o
 .rodata.UartRxThread.str1.4
                0x08001fc1       0xdf /tmp/ccjvroFX.ltrans0.ltrans.o
 .rodata.main.str1.4
                0x08001fc1      0x115 /tmp/ccjvroFX.ltrans0.ltrans.o
 *fill*         0x08001fc1        0x3 
 .rodata.vmt    0x08001fc4       0x28 /tmp/ccjvroFX.ltrans0.ltrans.o
 .rodata.ch_debug
                0x08001fec       0x16 /tmp/ccjvroFX.ltrans0.ltrans.o
 *fill*         0x08002002        0x2 
 .rodata.ram_areas
                0x08002004       0x80 /tmp/ccjvroFX.ltrans0.ltrans.o
                0x08002084                        . = ALIGN (0x4)
                0x08002084                        __rodata_end__ = .

.ARM.extab
 *(.ARM.extab* .gnu.linkonce.armextab.*)

.ARM.exidx      0x08002084        0x8
                0x08002084                        __exidx_start = .
 *(.ARM.exidx* .gnu.linkonce.armexidx.*)
 .ARM.exidx     0x08002084        0x8 /usr/lib/gcc/arm-none-eabi/13.2.1/../../../arm-none-eabi/lib/thumb/v7e-m/nofp/libg.a(libc_a-memcpy.o)
                0x0800208c                        __exidx_end = .

.rel.dyn        0x0800208c        0x0
 .rel.iplt      0x0800208c        0x0 ./build/obj/crt0_v7m.o

.eh_frame_hdr
 *(.eh_frame_hdr)

.eh_frame
 *(.eh_frame)

.data           0x20000800        0x0 load address 0x0800208c
                [!provide]                        PROVIDE (_textdata = LOADADDR (.data))
                [!provide]                        PROVIDE (_data = .)
                0x0800208c                        _textdata_start = LOADADDR (.data)
                0x20000800                        _data_start = .
 *(.data)
 *(.data.*)
 *(.ramtext)
                0x20000800                        . = ALIGN (0x4)
                [!provide]                        PROVIDE (_edata = .)
                0x20000800                        _data_end = .

.igot.plt       0x20000800        0x0 load address 0x0800208c
 .igot.plt      0x20000800        0x0 ./build/obj/crt0_v7m.o

.bss            0x20000800      0x818 load address 0x0800208c
                0x20000800                        _bss_start = .
 *(.bss)
 *(.bss.*)
 .bss.ch_idle_thread_wa
                0x20000800       0xd8 /tmp/ccjvroFX.ltrans0.ltrans.o
 .bss.default_heap
                0x200008d8       0x1c /tmp/ccjvroFX.ltrans0.ltrans.o
 .bss.ch_factory
                0x200008f4       0x48 /tmp/ccjvroFX.ltrans0.ltrans.o
 *fill*         0x2000093c        0x4 
 .bss.waLedThread
                0x20000940      0x1c8 /tmp/ccjvroFX.ltrans0.ltrans.o
 .bss.waUartTxThread
                0x20000b08      0x1c8 /tmp/ccjvroFX.ltrans0.ltrans.o
 .bss.waUartRxThread
                0x20000cd0      0x1c8 /tmp/ccjvroFX.ltrans0.ltrans.o
 .bss.rx_buffer
                0x20000e98       0x80 /tmp/ccjvroFX.ltrans0.ltrans.o
 .bss.ch_memcore
                0x20000f18        0x8 /tmp/ccjvroFX.ltrans0.ltrans.o
 .bss.SD2       0x20000f20       0x7c /tmp/ccjvroFX.ltrans0.ltrans.o
 *fill*         0x20000f9c        0x4 
 .bss.ch        0x20000fa0       0x78 /tmp/ccjvroFX.ltrans0.ltrans.o
 *(COMMON)
                0x20001018                        . = ALIGN (0x4)
                0x20001018                        _bss_end = .
                [!provide]                        PROVIDE (end = .)
                0x20000000                        __ram0_start__ = ORIGIN (ram0)
                0x00010000                        __ram0_size__ = LENGTH (ram0)
                0x20010000                        __ram0_end__ = (__ram0_start__ + __ram0_size__)
                0x00000000                        __ram1_start__ = ORIGIN (ram1)
                0x00000000                        __ram1_size__ = LENGTH (ram1)
                0x00000000                        __ram1_end__ = (__ram1_start__ + __ram1_size__)
                0x00000000                        __ram2_start__ = ORIGIN (ram2)
                0x00000000                        __ram2_size__ = LENGTH (ram2)
                0x00000000                        __ram2_end__ = (__ram2_start__ + __ram2_size__)
                0x00000000                        __ram3_start__ = ORIGIN (ram3)
                0x00000000                        __ram3_size__ = LENGTH (ram3)
                0x00000000                        __ram3_end__ = (__ram3_start__ + __ram3_size__)
                0x00000000                        __ram4_start__ = ORIGIN (ram4)
                0x00000000                        __ram4_size__ = LENGTH (ram4)
                0x00000000                        __ram4_end__ = (__ram4_start__ + __ram4_size__)
                0x00000000                        __ram5_start__ = ORIGIN (ram5)
                0x00000000                        __ram5_size__ = LENGTH (ram5)
                0x00000000                        __ram5_end__ = (__ram5_start__ + __ram5_size__)
                0x00000000                        __ram6_start__ = ORIGIN (ram6)
                0x00000000                        __ram6_size__ = LENGTH (ram6)
                0x00000000                        __ram6_end__ = (__ram6_start__ + __ram6_size__)
                0x00000000                        __ram7_start__ = ORIGIN (ram7)
                0x00000000                        __ram7_size__ = LENGTH (ram7)
                0x00000000                        __ram7_end__ = (__ram7_start__ + __ram7_size__)
                0x08000000                        __flash0_start__ = ORIGIN (flash0)
                0x00040000                        __flash0_size__ = LENGTH (flash0)
                0x08040000                        __flash0_end__ = (__flash0_start__ + __flash0_size__)
                0x00000000                        __flash1_start__ = ORIGIN (flash1)
                0x00000000                        __flash1_size__ = LENGTH (flash1)
                0x00000000                        __flash1_end__ = (__flash1_start__ + __flash1_size__)
                0x00000000                        __flash2_start__ = ORIGIN (flash2)
                0x00000000                        __flash2_size__ = LENGTH (flash2)
                0x00000000                        __flash2_end__ = (__flash2_start__ + __flash2_size__)
                0x00000000                        __flash3_start__ = ORIGIN (flash3)
                0x00000000                        __flash3_size__ = LENGTH (flash3)
                0x00000000                        __flash3_end__ = (__flash3_start__ + __flash3_size__)
                0x00000000                        __flash4_start__ = ORIGIN (flash4)
                0x00000000                        __flash4_size__ = LENGTH (flash4)
                0x00000000                        __flash4_end__ = (__flash4_start__ + __flash4_size__)
                0x00000000                        __flash5_start__ = ORIGIN (flash5)
                0x00000000                        __flash5_size__ = LENGTH (flash5)
                0x00000000                        __flash5_end__ = (__flash5_start__ + __flash5_size__)
                0x00000000                        __flash6_start__ = ORIGIN (flash6)
                0x00000000                        __flash6_size__ = LENGTH (flash6)
                0x00000000                        __flash6_end__ = (__flash6_start__ + __flash6_size__)
                0x00000000                        __flash7_start__ = ORIGIN (flash7)
                0x00000000                        __flash7_size__ = LENGTH (flash7)
                0x00000000                        __flash7_end__ = (__flash7_start__ + __flash7_size__)

.ram0_init      0x20001018        0x0 load address 0x0800208c
                0x0800208c                        __ram0_init_text__ = LOADADDR (.ram0_init)
                0x20001018                        __ram0_init__ = .
 *(.ram0_init)
 *(.ram0_init.*)
                0x20001018                        . = ALIGN (0x4)

.ram0           0x20001018        0x0 load address 0x0800208c
                0x20001018                        __ram0_clear__ = .
 *(.ram0_clear)
 *(.ram0_clear.*)
                0x20001018                        . = ALIGN (0x4)
                0x20001018                        __ram0_noinit__ = .
 *(.ram0)
 *(.ram0.*)
                0x20001018                        . = ALIGN (0x4)
                0x20001018                        __ram0_free__ = .

.ram1_init      0x00000000        0x0 load address 0x0800208c
                0x0800208c                        __ram1_init_text__ = LOADADDR (.ram1_init)
                0x00000000                        __ram1_init__ = .
 *(.ram1_init)
 *(.ram1_init.*)
                0x00000000                        . = ALIGN (0x4)

.ram1           0x00000000        0x0 load address 0x0800208c
                0x00000000                        __ram1_clear__ = .
 *(.ram1_clear)
 *(.ram1_clear.*)
                0x00000000                        . = ALIGN (0x4)
                0x00000000                        __ram1_noinit__ = .
 *(.ram1)
 *(.ram1.*)
                0x00000000                        . = ALIGN (0x4)
                0x00000000                        __ram1_free__ = .

.ram2_init      0x00000000        0x0 load address 0x0800208c
                0x0800208c                        __ram2_init_text__ = LOADADDR (.ram2_init)
                0x00000000                        __ram2_init__ = .
 *(.ram2_init)
 *(.ram2_init.*)
                0x00000000                        . = ALIGN (0x4)

.ram2           0x00000000        0x0 load address 0x0800208c
                0x00000000                        __ram2_clear__ = .
 *(.ram2_clear)
 *(.ram2_clear.*)
                0x00000000                        . = ALIGN (0x4)
                0x00000000                        __ram2_noinit__ = .
 *(.ram2)
 *(.ram2.*)
                0x00000000                        . = ALIGN (0x4)
                0x00000000                        __ram2_free__ = .

.ram3_init      0x00000000        0x0 load address 0x0800208c
                0x0800208c                        __ram3_init_text__ = LOADADDR (.ram3_init)
                0x00000000                        __ram3_init__ = .
 *(.ram3_init)
 *(.ram3_init.*)
                0x00000000                        . = ALIGN (0x4)

.ram3           0x00000000        0x0 load address 0x0800208c
                0x00000000                        __ram3_clear__ = .
 *(.ram3_clear)
 *(.ram3_clear.*)
                0x00000000                        . = ALIGN (0x4)
                0x00000000                        __ram3_noinit__ = .
 *(.ram3)
 *(.ram3.*)
                0x00000000                        . = ALIGN (0x4)
                0x00000000                        __ram3_free__ = .

.ram4_init      0x00000000        0x0 load address 0x0800208c
                0x0800208c                        __ram4_init_text__ = LOADADDR (.ram4_init)
                0x00000000                        __ram4_init__ = .
 *(.ram4_init)
 *(.ram4_init.*)
                0x00000000                        . = ALIGN (0x4)

.ram4           0x00000000        0x0 load address 0x0800208c
                0x00000000                        __ram4_clear__ = .
 *(.ram4_clear)
 *(.ram4_clear.*)
                0x00000000                        . = ALIGN (0x4)
                0x00000000                        __ram4_noinit__ = .
 *(.ram4)
 *(.ram4.*)
                0x00000000                        . = ALIGN (0x4)
                0x00000000                        __ram4_free__ = .

.ram5_init      0x00000000        0x0 load address 0x0800208c
                0x0800208c                        __ram5_init_text__ = LOADADDR (.ram5_init)
                0x00000000                        __ram5_init__ = .
 *(.ram5_init)
 *(.ram5_init.*)
                0x00000000                        . = ALIGN (0x4)

.ram5           0x00000000        0x0 load address 0x0800208c
                0x00000000                        __ram5_clear__ = .
 *(.ram5_clear)
 *(.ram5_clear.*)
                0x00000000                        . = ALIGN (0x4)
                0x00000000                        __ram5_noinit__ = .
 *(.ram5)
 *(.ram5.*)
                0x00000000                        . = ALIGN (0x4)
                0x00000000                        __ram5_free__ = .

.ram6_init      0x00000000        0x0 load address 0x0800208c
                0x0800208c                        __ram6_init_text__ = LOADADDR (.ram6_init)
                0x00000000                        __ram6_init__ = .
 *(.ram6_init)
 *(.ram6_init.*)
                0x00000000                        . = ALIGN (0x4)

.ram6           0x00000000        0x0 load address 0x0800208c
                0x00000000                        __ram6_clear__ = .
 *(.ram6_clear)
 *(.ram6_clear.*)
                0x00000000                        . = ALIGN (0x4)
                0x00000000                        __ram6_noinit__ = .
 *(.ram6)
 *(.ram6.*)
                0x00000000                        . = ALIGN (0x4)
                0x00000000                        __ram6_free__ = .

.ram7_init      0x00000000        0x0 load address 0x0800208c
                0x0800208c                        __ram7_init_text__ = LOADADDR (.ram7_init)
                0x00000000                        __ram7_init__ = .
 *(.ram7_init)
 *(.ram7_init.*)
                0x00000000                        . = ALIGN (0x4)

.ram7           0x00000000        0x0 load address 0x0800208c
                0x00000000                        __ram7_clear__ = .
 *(.ram7_clear)
 *(.ram7_clear.*)
                0x00000000                        . = ALIGN (0x4)
                0x00000000                        __ram7_noinit__ = .
 *(.ram7)
 *(.ram7.*)
                0x00000000                        . = ALIGN (0x4)
                0x00000000                        __ram7_free__ = .

.flash0         0x0800208c        0x0
                0x0800208c                        __flash0_init__ = .
 *(.flash0_init)
 *(.flash0_init.*)
                0x0800208c                        __flash0_free__ = .

.flash1         0x00000000        0x0
                0x00000000                        __flash1_init__ = .
 *(.flash1_init)
 *(.flash1_init.*)
                0x00000000                        __flash1_free__ = .

.flash2         0x00000000        0x0
                0x00000000                        __flash2_init__ = .
 *(.flash2_init)
 *(.flash2_init.*)
                0x00000000                        __flash2_free__ = .

.flash3         0x00000000        0x0
                0x00000000                        __flash3_init__ = .
 *(.flash3_init)
 *(.flash3_init.*)
                0x00000000                        __flash3_free__ = .

.flash4         0x00000000        0x0
                0x00000000                        __flash4_init__ = .
 *(.flash4_init)
 *(.flash4_init.*)
                0x00000000                        __flash4_free__ = .

.flash5         0x00000000        0x0
                0x00000000                        __flash5_init__ = .
 *(.flash5_init)
 *(.flash5_init.*)
                0x00000000                        __flash5_free__ = .

.flash6         0x00000000        0x0
                0x00000000                        __flash6_init__ = .
 *(.flash6_init)
 *(.flash6_init.*)
                0x00000000                        __flash6_free__ = .

.flash7         0x00000000        0x0
                0x00000000                        __flash7_init__ = .
 *(.flash7_init)
 *(.flash7_init.*)
                0x00000000                        __flash7_free__ = .

.heap           0x20001018     0xefe8
                0x20001018                        . = ALIGN (0x8)
                0x20001018                        __heap_base__ = .
                0x20010000                        . = (ORIGIN (HEAP_RAM) + LENGTH (HEAP_RAM))
 *fill*         0x20001018     0xefe8 
                0x20010000                        __heap_end__ = .
                0x00000400                        __process_stack_size__ = 0x400
                0x00000400                        __main_stack_size__ = 0x400
START GROUP
LOAD /usr/lib/gcc/arm-none-eabi/13.2.1/thumb/v7e-m/nofp/libgcc.a
LOAD /usr/lib/gcc/arm-none-eabi/13.2.1/../../../arm-none-eabi/lib/thumb/v7e-m/nofp/libg.a
LOAD /usr/lib/gcc/arm-none-eabi/13.2.1/../../../arm-none-eabi/lib/thumb/v7e-m/nofp/libc.a
END GROUP
OUTPUT(build/ch.elf elf32-littlearm)
LOAD linker stubs

.ARM.attributes
                0x00000000       0x2f
 .ARM.attributes
                0x00000000       0x21 ./build/obj/crt0_v7m.o
 .ARM.attributes
                0x00000021       0x21 ./build/obj/vectors.o
 .ARM.attributes
                0x00000042       0x21 ./build/obj/chcoreasm_v7m.o
 .ARM.attributes
                0x00000063       0x2c /tmp/ccjvroFX.ltrans0.ltrans.o
 .ARM.attributes
                0x0000008f       0x2e /usr/lib/gcc/arm-none-eabi/13.2.1/../../../arm-none-eabi/lib/thumb/v7e-m/nofp/libg.a(libc_a-memset.o)
 .ARM.attributes
                0x000000bd       0x1c /usr/lib/gcc/arm-none-eabi/13.2.1/../../../arm-none-eabi/lib/thumb/v7e-m/nofp/libg.a(libc_a-memcpy.o)

.comment        0x00000000       0x26
 .comment       0x00000000       0x26 /tmp/ccjvroFX.ltrans0.ltrans.o
                                 0x27 (size before relaxing)
 .comment       0x00000026       0x27 /usr/lib/gcc/arm-none-eabi/13.2.1/../../../arm-none-eabi/lib/thumb/v7e-m/nofp/libg.a(libc_a-memset.o)

.debug_line     0x00000000     0x4ef0
 .debug_line    0x00000000       0xa4 ./build/obj/crt0_v7m.o
 .debug_line    0x000000a4       0x4f ./build/obj/vectors.o
 .debug_line    0x000000f3       0x5d ./build/obj/chcoreasm_v7m.o
 .debug_line    0x00000150     0x3d3f /tmp/ccjvroFX.ltrans0.ltrans.o
 .debug_line    0x00003e8f       0x43 /tmp/ccUcDjOi.debug.temp.o
 .debug_line    0x00003ed2       0x6c /tmp/ccz6yTG8.debug.temp.o
 .debug_line    0x00003f3e       0x5a /tmp/ccGmKIGE.debug.temp.o
 .debug_line    0x00003f98       0xaa /tmp/cc3nO5W7.debug.temp.o
 .debug_line    0x00004042       0xb8 /tmp/ccJXzk9e.debug.temp.o
 .debug_line    0x000040fa       0x4c /tmp/ccIWA6V8.debug.temp.o
 .debug_line    0x00004146       0x55 /tmp/ccgbWEhH.debug.temp.o
 .debug_line    0x0000419b       0x5f /tmp/ccH3uuh1.debug.temp.o
 .debug_line    0x000041fa       0x4d /tmp/ccpdpIqx.debug.temp.o
 .debug_line    0x00004247       0x7e /tmp/ccChQ0B9.debug.temp.o
 .debug_line    0x000042c5       0xbd /tmp/ccJGq5Oa.debug.temp.o
 .debug_line    0x00004382       0x5e /tmp/cc2NP7OD.debug.temp.o
 .debug_line    0x000043e0       0xdb /tmp/ccgG0yX4.debug.temp.o
 .debug_line    0x000044bb       0x9d /tmp/ccFgU0PD.debug.temp.o
 .debug_line    0x00004558       0x8f /tmp/ccOxDiuy.debug.temp.o
 .debug_line    0x000045e7       0xbf /tmp/ccxM1gMf.debug.temp.o
 .debug_line    0x000046a6       0x85 /tmp/ccjZiZWW.debug.temp.o
 .debug_line    0x0000472b       0xa2 /tmp/ccpLTmqI.debug.temp.o
 .debug_line    0x000047cd       0x8a /tmp/ccsTFu4n.debug.temp.o
 .debug_line    0x00004857       0x8f /tmp/ccPVFBGW.debug.temp.o
 .debug_line    0x000048e6       0x8e /tmp/ccXw5laI.debug.temp.o
 .debug_line    0x00004974       0x85 /tmp/ccos5U73.debug.temp.o
 .debug_line    0x000049f9       0x98 /tmp/ccJxW3a9.debug.temp.o
 .debug_line    0x00004a91       0xa7 /tmp/ccGJZw63.debug.temp.o
 .debug_line    0x00004b38       0x64 /tmp/cc9XQGEs.debug.temp.o
 .debug_line    0x00004b9c       0xe5 /tmp/ccgEv7MH.debug.temp.o
 .debug_line    0x00004c81      0x1b6 /usr/lib/gcc/arm-none-eabi/13.2.1/../../../arm-none-eabi/lib/thumb/v7e-m/nofp/libg.a(libc_a-memset.o)
 .debug_line    0x00004e37       0xb9 /usr/lib/gcc/arm-none-eabi/13.2.1/../../../arm-none-eabi/lib/thumb/v7e-m/nofp/libg.a(libc_a-memcpy.o)

.debug_line_str
                0x00000000      0x80e
 .debug_line_str
                0x00000000      0x80e ./build/obj/crt0_v7m.o
                                 0x60 (size before relaxing)
 .debug_line_str
                0x0000080e       0x5f ./build/obj/vectors.o
 .debug_line_str
                0x0000080e       0x63 ./build/obj/chcoreasm_v7m.o
 .debug_line_str
                0x0000080e       0xc0 /tmp/ccUcDjOi.debug.temp.o
 .debug_line_str
                0x0000080e      0x124 /tmp/ccz6yTG8.debug.temp.o
 .debug_line_str
                0x0000080e       0xdf /tmp/ccGmKIGE.debug.temp.o
 .debug_line_str
                0x0000080e      0x1dc /tmp/cc3nO5W7.debug.temp.o
 .debug_line_str
                0x0000080e      0x22a /tmp/ccJXzk9e.debug.temp.o
 .debug_line_str
                0x0000080e       0xdb /tmp/ccIWA6V8.debug.temp.o
 .debug_line_str
                0x0000080e      0x107 /tmp/ccgbWEhH.debug.temp.o
 .debug_line_str
                0x0000080e      0x130 /tmp/ccH3uuh1.debug.temp.o
 .debug_line_str
                0x0000080e       0xd7 /tmp/ccpdpIqx.debug.temp.o
 .debug_line_str
                0x0000080e      0x1a2 /tmp/ccChQ0B9.debug.temp.o
 .debug_line_str
                0x0000080e      0x25d /tmp/ccJGq5Oa.debug.temp.o
 .debug_line_str
                0x0000080e      0x14a /tmp/cc2NP7OD.debug.temp.o
 .debug_line_str
                0x0000080e      0x269 /tmp/ccgG0yX4.debug.temp.o
 .debug_line_str
                0x0000080e      0x199 /tmp/ccFgU0PD.debug.temp.o
 .debug_line_str
                0x0000080e      0x176 /tmp/ccOxDiuy.debug.temp.o
 .debug_line_str
                0x0000080e      0x213 /tmp/ccxM1gMf.debug.temp.o
 .debug_line_str
                0x0000080e      0x162 /tmp/ccjZiZWW.debug.temp.o
 .debug_line_str
                0x0000080e      0x1b6 /tmp/ccpLTmqI.debug.temp.o
 .debug_line_str
                0x0000080e      0x16d /tmp/ccsTFu4n.debug.temp.o
 .debug_line_str
                0x0000080e      0x17e /tmp/ccPVFBGW.debug.temp.o
 .debug_line_str
                0x0000080e      0x194 /tmp/ccXw5laI.debug.temp.o
 .debug_line_str
                0x0000080e      0x167 /tmp/ccos5U73.debug.temp.o
 .debug_line_str
                0x0000080e      0x1ac /tmp/ccJxW3a9.debug.temp.o
 .debug_line_str
                0x0000080e      0x1bd /tmp/ccGJZw63.debug.temp.o
 .debug_line_str
                0x0000080e      0x11b /tmp/cc9XQGEs.debug.temp.o
 .debug_line_str
                0x0000080e      0x27c /tmp/ccgEv7MH.debug.temp.o
 .debug_line_str
                0x0000080e       0x91 /usr/lib/gcc/arm-none-eabi/13.2.1/../../../arm-none-eabi/lib/thumb/v7e-m/nofp/libg.a(libc_a-memcpy.o)

.debug_info     0x00000000    0x129ae
 .debug_info    0x00000000       0x25 ./build/obj/crt0_v7m.o
 .debug_info    0x00000025       0x24 ./build/obj/vectors.o
 .debug_info    0x00000049       0x24 ./build/obj/chcoreasm_v7m.o
 .debug_info    0x0000006d     0x4b53 /tmp/ccjvroFX.ltrans0.ltrans.o
 .debug_info    0x00004bc0      0x28a /tmp/ccUcDjOi.debug.temp.o
                0x00004bc0                crt1.c.5c72c9f2
 .debug_info    0x00004e4a       0xb3 /tmp/ccz6yTG8.debug.temp.o
                0x00004e4a                hal.c.05c48c23
 .debug_info    0x00004efd      0x2a6 /tmp/ccGmKIGE.debug.temp.o
                0x00004efd                hal_st.c.461d7d26
 .debug_info    0x000051a3      0xb01 /tmp/cc3nO5W7.debug.temp.o
                0x000051a3                hal_queues.c.fdcd898b
 .debug_info    0x00005ca4      0xeba /tmp/ccJXzk9e.debug.temp.o
                0x00005ca4                hal_serial.c.f3401440
 .debug_info    0x00006b5e      0x3c7 /tmp/ccIWA6V8.debug.temp.o
                0x00006b5e                nvic.c.c4330c30
 .debug_info    0x00006f25      0x246 /tmp/ccgbWEhH.debug.temp.o
                0x00006f25                stm32_isr.c.8cc4cc6c
 .debug_info    0x0000716b      0x578 /tmp/ccH3uuh1.debug.temp.o
                0x0000716b                hal_lld.c.31088415
 .debug_info    0x000076e3      0x230 /tmp/ccpdpIqx.debug.temp.o
                0x000076e3                hal_pal_lld.c.f7cd1200
 .debug_info    0x00007913      0x4b0 /tmp/ccChQ0B9.debug.temp.o
                0x00007913                hal_st_lld.c.f2ec6e77
 .debug_info    0x00007dc3      0xd34 /tmp/ccJGq5Oa.debug.temp.o
                0x00007dc3                hal_serial_lld.c.27d95397
 .debug_info    0x00008af7      0x461 /tmp/cc2NP7OD.debug.temp.o
                0x00008af7                board.c.4afa3e4d
 .debug_info    0x00008f58     0x140e /tmp/ccgG0yX4.debug.temp.o
                0x00008f58                chsys.c.4e6b8f60
 .debug_info    0x0000a366      0x938 /tmp/ccFgU0PD.debug.temp.o
                0x0000a366                chvt.c.a5022dfc
 .debug_info    0x0000ac9e      0x95b /tmp/ccOxDiuy.debug.temp.o
                0x0000ac9e                chschd.c.1ce79ee2
 .debug_info    0x0000b5f9     0x1122 /tmp/ccxM1gMf.debug.temp.o
                0x0000b5f9                chthreads.c.e046fae0
 .debug_info    0x0000c71b      0x8cf /tmp/ccjZiZWW.debug.temp.o
                0x0000c71b                chtm.c.968a5dc2
 .debug_info    0x0000cfea      0x8e5 /tmp/ccpLTmqI.debug.temp.o
                0x0000cfea                chregistry.c.0bb49e58
 .debug_info    0x0000d8cf      0x979 /tmp/ccsTFu4n.debug.temp.o
                0x0000d8cf                chmtx.c.c6f8626e
 .debug_info    0x0000e248      0xb80 /tmp/ccPVFBGW.debug.temp.o
                0x0000e248                chevents.c.cbae628d
 .debug_info    0x0000edc8      0x594 /tmp/ccXw5laI.debug.temp.o
                0x0000edc8                chmemcore.c.21dc07d8
 .debug_info    0x0000f35c      0x731 /tmp/ccos5U73.debug.temp.o
                0x0000f35c                chmemheaps.c.a0608fc2
 .debug_info    0x0000fa8d      0x879 /tmp/ccJxW3a9.debug.temp.o
                0x0000fa8d                chmempools.c.8b5e6bb8
 .debug_info    0x00010306     0x11cb /tmp/ccGJZw63.debug.temp.o
                0x00010306                chfactory.c.3c1ea393
 .debug_info    0x000114d1      0x390 /tmp/cc9XQGEs.debug.temp.o
                0x000114d1                chcore_v7m.c.1a15cb5f
 .debug_info    0x00011861      0xfe5 /tmp/ccgEv7MH.debug.temp.o
                0x00011861                main.c.f15cf9c5
 .debug_info    0x00012846      0x135 /usr/lib/gcc/arm-none-eabi/13.2.1/../../../arm-none-eabi/lib/thumb/v7e-m/nofp/libg.a(libc_a-memset.o)
 .debug_info    0x0001297b       0x33 /usr/lib/gcc/arm-none-eabi/13.2.1/../../../arm-none-eabi/lib/thumb/v7e-m/nofp/libg.a(libc_a-memcpy.o)

.debug_abbrev   0x00000000     0x36a5
 .debug_abbrev  0x00000000       0x14 ./build/obj/crt0_v7m.o
 .debug_abbrev  0x00000014       0x14 ./build/obj/vectors.o
 .debug_abbrev  0x00000028       0x14 ./build/obj/chcoreasm_v7m.o
 .debug_abbrev  0x0000003c      0x2e9 /tmp/ccjvroFX.ltrans0.ltrans.o
 .debug_abbrev  0x00000325       0xec /tmp/ccUcDjOi.debug.temp.o
 .debug_abbrev  0x00000411       0x6d /tmp/ccz6yTG8.debug.temp.o
 .debug_abbrev  0x0000047e      0x143 /tmp/ccGmKIGE.debug.temp.o
 .debug_abbrev  0x000005c1      0x26c /tmp/cc3nO5W7.debug.temp.o
 .debug_abbrev  0x0000082d      0x2a2 /tmp/ccJXzk9e.debug.temp.o
 .debug_abbrev  0x00000acf      0x128 /tmp/ccIWA6V8.debug.temp.o
 .debug_abbrev  0x00000bf7       0x8b /tmp/ccgbWEhH.debug.temp.o
 .debug_abbrev  0x00000c82      0x144 /tmp/ccH3uuh1.debug.temp.o
 .debug_abbrev  0x00000dc6       0xf2 /tmp/ccpdpIqx.debug.temp.o
 .debug_abbrev  0x00000eb8      0x143 /tmp/ccChQ0B9.debug.temp.o
 .debug_abbrev  0x00000ffb      0x29a /tmp/ccJGq5Oa.debug.temp.o
 .debug_abbrev  0x00001295      0x168 /tmp/cc2NP7OD.debug.temp.o
 .debug_abbrev  0x000013fd      0x3cf /tmp/ccgG0yX4.debug.temp.o
 .debug_abbrev  0x000017cc      0x261 /tmp/ccFgU0PD.debug.temp.o
 .debug_abbrev  0x00001a2d      0x29e /tmp/ccOxDiuy.debug.temp.o
 .debug_abbrev  0x00001ccb      0x2e9 /tmp/ccxM1gMf.debug.temp.o
 .debug_abbrev  0x00001fb4      0x1b2 /tmp/ccjZiZWW.debug.temp.o
 .debug_abbrev  0x00002166      0x240 /tmp/ccpLTmqI.debug.temp.o
 .debug_abbrev  0x000023a6      0x297 /tmp/ccsTFu4n.debug.temp.o
 .debug_abbrev  0x0000263d      0x292 /tmp/ccPVFBGW.debug.temp.o
 .debug_abbrev  0x000028cf      0x1df /tmp/ccXw5laI.debug.temp.o
 .debug_abbrev  0x00002aae      0x24e /tmp/ccos5U73.debug.temp.o
 .debug_abbrev  0x00002cfc      0x268 /tmp/ccJxW3a9.debug.temp.o
 .debug_abbrev  0x00002f64      0x284 /tmp/ccGJZw63.debug.temp.o
 .debug_abbrev  0x000031e8      0x14e /tmp/cc9XQGEs.debug.temp.o
 .debug_abbrev  0x00003336      0x290 /tmp/ccgEv7MH.debug.temp.o
 .debug_abbrev  0x000035c6       0xb7 /usr/lib/gcc/arm-none-eabi/13.2.1/../../../arm-none-eabi/lib/thumb/v7e-m/nofp/libg.a(libc_a-memset.o)
 .debug_abbrev  0x0000367d       0x28 /usr/lib/gcc/arm-none-eabi/13.2.1/../../../arm-none-eabi/lib/thumb/v7e-m/nofp/libg.a(libc_a-memcpy.o)

.debug_aranges  0x00000000      0x1f8
 .debug_aranges
                0x00000000       0x20 ./build/obj/crt0_v7m.o
 .debug_aranges
                0x00000020       0x20 ./build/obj/vectors.o
 .debug_aranges
                0x00000040       0x20 ./build/obj/chcoreasm_v7m.o
 .debug_aranges
                0x00000060      0x158 /tmp/ccjvroFX.ltrans0.ltrans.o
 .debug_aranges
                0x000001b8       0x20 /usr/lib/gcc/arm-none-eabi/13.2.1/../../../arm-none-eabi/lib/thumb/v7e-m/nofp/libg.a(libc_a-memset.o)
 .debug_aranges
                0x000001d8       0x20 /usr/lib/gcc/arm-none-eabi/13.2.1/../../../arm-none-eabi/lib/thumb/v7e-m/nofp/libg.a(libc_a-memcpy.o)

.debug_str      0x00000000     0x2df7
 .debug_str     0x00000000     0x2df7 ./build/obj/crt0_v7m.o
                                 0x6c (size before relaxing)
 .debug_str     0x00002df7       0x6b ./build/obj/vectors.o
 .debug_str     0x00002df7       0x6f ./build/obj/chcoreasm_v7m.o
 .debug_str     0x00002df7      0x1aa /tmp/ccjvroFX.ltrans0.ltrans.o
 .debug_str     0x00002df7      0x434 /tmp/ccUcDjOi.debug.temp.o
 .debug_str     0x00002df7      0x1d9 /tmp/ccz6yTG8.debug.temp.o
 .debug_str     0x00002df7      0x286 /tmp/ccGmKIGE.debug.temp.o
 .debug_str     0x00002df7      0x5d1 /tmp/cc3nO5W7.debug.temp.o
 .debug_str     0x00002df7      0x74a /tmp/ccJXzk9e.debug.temp.o
 .debug_str     0x00002df7      0x2d5 /tmp/ccIWA6V8.debug.temp.o
 .debug_str     0x00002df7      0x577 /tmp/ccgbWEhH.debug.temp.o
 .debug_str     0x00002df7      0x3cf /tmp/ccH3uuh1.debug.temp.o
 .debug_str     0x00002df7      0x282 /tmp/ccpdpIqx.debug.temp.o
 .debug_str     0x00002df7      0x425 /tmp/ccChQ0B9.debug.temp.o
 .debug_str     0x00002df7      0x7da /tmp/ccJGq5Oa.debug.temp.o
 .debug_str     0x00002df7      0x3e2 /tmp/cc2NP7OD.debug.temp.o
 .debug_str     0x00002df7      0xe99 /tmp/ccgG0yX4.debug.temp.o
 .debug_str     0x00002df7      0x5cb /tmp/ccFgU0PD.debug.temp.o
 .debug_str     0x00002df7      0x660 /tmp/ccOxDiuy.debug.temp.o
 .debug_str     0x00002df7      0x8d9 /tmp/ccxM1gMf.debug.temp.o
 .debug_str     0x00002df7      0x5e8 /tmp/ccjZiZWW.debug.temp.o
 .debug_str     0x00002df7      0x631 /tmp/ccpLTmqI.debug.temp.o
 .debug_str     0x00002df7      0x5c4 /tmp/ccsTFu4n.debug.temp.o
 .debug_str     0x00002df7      0x6e3 /tmp/ccPVFBGW.debug.temp.o
 .debug_str     0x00002df7      0x452 /tmp/ccXw5laI.debug.temp.o
 .debug_str     0x00002df7      0x49d /tmp/ccos5U73.debug.temp.o
 .debug_str     0x00002df7      0x577 /tmp/ccJxW3a9.debug.temp.o
 .debug_str     0x00002df7      0xa07 /tmp/ccGJZw63.debug.temp.o
 .debug_str     0x00002df7      0x31e /tmp/cc9XQGEs.debug.temp.o
 .debug_str     0x00002df7      0x83f /tmp/ccgEv7MH.debug.temp.o
 .debug_str     0x00002df7      0x1a2 /usr/lib/gcc/arm-none-eabi/13.2.1/../../../arm-none-eabi/lib/thumb/v7e-m/nofp/libg.a(libc_a-memset.o)
 .debug_str     0x00002df7       0xa4 /usr/lib/gcc/arm-none-eabi/13.2.1/../../../arm-none-eabi/lib/thumb/v7e-m/nofp/libg.a(libc_a-memcpy.o)

.debug_loclists
                0x00000000     0x26e9
 .debug_loclists
                0x00000000     0x2527 /tmp/ccjvroFX.ltrans0.ltrans.o
 .debug_loclists
                0x00002527      0x1c2 /usr/lib/gcc/arm-none-eabi/13.2.1/../../../arm-none-eabi/lib/thumb/v7e-m/nofp/libg.a(libc_a-memset.o)

.debug_rnglists
                0x00000000      0xb4a
 .debug_rnglists
                0x00000000      0xb4a /tmp/ccjvroFX.ltrans0.ltrans.o

.debug_frame    0x00000000      0x47c
 .debug_frame   0x00000000      0x450 /tmp/ccjvroFX.ltrans0.ltrans.o
 .debug_frame   0x00000450       0x2c /usr/lib/gcc/arm-none-eabi/13.2.1/../../../arm-none-eabi/lib/thumb/v7e-m/nofp/libg.a(libc_a-memset.o)

Cross Reference Table

Symbol                                            File
BusFault_Handler                                  ./build/obj/vectors.o
DebugMon_Handler                                  ./build/obj/vectors.o
HardFault_Handler                                 ./build/obj/vectors.o
MemManage_Handler                                 ./build/obj/vectors.o
NMI_Handler                                       ./build/obj/vectors.o
PendSV_Handler                                    ./build/obj/vectors.o
Reset_Handler                                     ./build/obj/vectors.o
SD2                                               ./build/obj/hal_serial_lld.o (symbol from plugin)
                                                  ./build/obj/main.o (symbol from plugin)
SVC_Handler                                       /tmp/ccjvroFX.ltrans0.ltrans.o
                                                  ./build/obj/chcore_v7m.o (symbol from plugin)
                                                  ./build/obj/vectors.o
SysTick_Handler                                   ./build/obj/vectors.o
SystemCoreClock                                   ./build/obj/hal_lld.o (symbol from plugin)
UsageFault_Handler                                ./build/obj/vectors.o
Vector100                                         ./build/obj/vectors.o
Vector104                                         ./build/obj/vectors.o
Vector108                                         ./build/obj/vectors.o
Vector10C                                         ./build/obj/vectors.o
Vector110                                         ./build/obj/vectors.o
Vector114                                         ./build/obj/vectors.o
Vector118                                         ./build/obj/vectors.o
Vector11C                                         ./build/obj/vectors.o
Vector120                                         ./build/obj/vectors.o
Vector124                                         ./build/obj/vectors.o
Vector128                                         ./build/obj/vectors.o
Vector12C                                         ./build/obj/vectors.o
Vector130                                         ./build/obj/vectors.o
Vector134                                         ./build/obj/vectors.o
Vector138                                         ./build/obj/vectors.o
Vector13C                                         ./build/obj/vectors.o
Vector140                                         ./build/obj/vectors.o
Vector144                                         ./build/obj/vectors.o
Vector148                                         ./build/obj/vectors.o
Vector14C                                         ./build/obj/vectors.o
Vector150                                         ./build/obj/vectors.o
Vector154                                         ./build/obj/vectors.o
Vector158                                         ./build/obj/vectors.o
Vector15C                                         ./build/obj/vectors.o
Vector160                                         ./build/obj/vectors.o
Vector164                                         ./build/obj/vectors.o
Vector168                                         ./build/obj/vectors.o
Vector16C                                         ./build/obj/vectors.o
Vector170                                         ./build/obj/vectors.o
Vector174                                         ./build/obj/vectors.o
Vector178                                         ./build/obj/vectors.o
Vector17C                                         ./build/obj/vectors.o
Vector180                                         ./build/obj/vectors.o
Vector184                                         ./build/obj/vectors.o
Vector188                                         ./build/obj/vectors.o
Vector18C                                         ./build/obj/vectors.o
Vector190                                         ./build/obj/vectors.o
Vector194                                         ./build/obj/vectors.o
Vector198                                         ./build/obj/vectors.o
Vector19C                                         ./build/obj/vectors.o
Vector1A0                                         ./build/obj/vectors.o
Vector1A4                                         ./build/obj/vectors.o
Vector1A8                                         ./build/obj/vectors.o
Vector1AC                                         ./build/obj/vectors.o
Vector1B0                                         ./build/obj/vectors.o
Vector1B4                                         ./build/obj/vectors.o
Vector1B8                                         ./build/obj/vectors.o
Vector1BC                                         ./build/obj/vectors.o
Vector1C                                          ./build/obj/vectors.o
Vector1C0                                         ./build/obj/vectors.o
Vector1C4                                         ./build/obj/vectors.o
Vector1C8                                         ./build/obj/vectors.o
Vector1CC                                         ./build/obj/vectors.o
Vector1D0                                         ./build/obj/vectors.o
Vector1D4                                         ./build/obj/vectors.o
Vector1D8                                         ./build/obj/vectors.o
Vector1DC                                         ./build/obj/vectors.o
Vector20                                          ./build/obj/vectors.o
Vector24                                          ./build/obj/vectors.o
Vector28                                          ./build/obj/vectors.o
Vector34                                          ./build/obj/vectors.o
Vector40                                          ./build/obj/vectors.o
Vector44                                          ./build/obj/vectors.o
Vector48                                          ./build/obj/vectors.o
Vector4C                                          ./build/obj/vectors.o
Vector50                                          ./build/obj/vectors.o
Vector54                                          ./build/obj/vectors.o
Vector58                                          ./build/obj/vectors.o
Vector5C                                          ./build/obj/vectors.o
Vector60                                          ./build/obj/vectors.o
Vector64                                          ./build/obj/vectors.o
Vector68                                          ./build/obj/vectors.o
Vector6C                                          ./build/obj/vectors.o
Vector70                                          ./build/obj/vectors.o
Vector74                                          ./build/obj/vectors.o
Vector78                                          ./build/obj/vectors.o
Vector7C                                          ./build/obj/vectors.o
Vector80                                          ./build/obj/vectors.o
Vector84                                          ./build/obj/vectors.o
Vector88                                          ./build/obj/vectors.o
Vector8C                                          ./build/obj/vectors.o
Vector90                                          ./build/obj/vectors.o
Vector94                                          ./build/obj/vectors.o
Vector98                                          ./build/obj/vectors.o
Vector9C                                          ./build/obj/vectors.o
VectorA0                                          ./build/obj/vectors.o
VectorA4                                          ./build/obj/vectors.o
VectorA8                                          ./build/obj/vectors.o
VectorAC                                          ./build/obj/vectors.o
VectorB0                                          /tmp/ccjvroFX.ltrans0.ltrans.o
                                                  ./build/obj/hal_st_lld.o (symbol from plugin)
                                                  ./build/obj/vectors.o
VectorB4                                          ./build/obj/vectors.o
VectorB8                                          ./build/obj/vectors.o
VectorBC                                          ./build/obj/vectors.o
VectorC0                                          ./build/obj/vectors.o
VectorC4                                          ./build/obj/vectors.o
VectorC8                                          ./build/obj/vectors.o
VectorCC                                          ./build/obj/vectors.o
VectorD0                                          ./build/obj/vectors.o
VectorD4                                          ./build/obj/vectors.o
VectorD8                                          /tmp/ccjvroFX.ltrans0.ltrans.o
                                                  ./build/obj/hal_serial_lld.o (symbol from plugin)
                                                  ./build/obj/vectors.o
VectorDC                                          ./build/obj/vectors.o
VectorE0                                          ./build/obj/vectors.o
VectorE4                                          ./build/obj/vectors.o
VectorE8                                          ./build/obj/vectors.o
VectorEC                                          ./build/obj/vectors.o
VectorF0                                          ./build/obj/vectors.o
VectorF4                                          ./build/obj/vectors.o
VectorF8                                          ./build/obj/vectors.o
VectorFC                                          ./build/obj/vectors.o
__core_init                                       /tmp/ccjvroFX.ltrans0.ltrans.o
                                                  ./build/obj/crt1.o (symbol from plugin)
                                                  ./build/obj/crt0_v7m.o
__default_exit                                    /tmp/ccjvroFX.ltrans0.ltrans.o
                                                  ./build/obj/crt1.o (symbol from plugin)
                                                  ./build/obj/crt0_v7m.o
__early_init                                      /tmp/ccjvroFX.ltrans0.ltrans.o
                                                  ./build/obj/board.o (symbol from plugin)
                                                  ./build/obj/crt1.o (symbol from plugin)
                                                  ./build/obj/crt0_v7m.o
__fini_array_end                                  ./build/obj/crt0_v7m.o
__fini_array_start                                ./build/obj/crt0_v7m.o
__heap_base__                                     /tmp/ccjvroFX.ltrans0.ltrans.o
                                                  ./build/obj/chmemcore.o (symbol from plugin)
__heap_end__                                      /tmp/ccjvroFX.ltrans0.ltrans.o
                                                  ./build/obj/chmemcore.o (symbol from plugin)
__init_array_end                                  ./build/obj/crt0_v7m.o
__init_array_start                                ./build/obj/crt0_v7m.o
__init_ram_areas                                  /tmp/ccjvroFX.ltrans0.ltrans.o
                                                  ./build/obj/crt1.o (symbol from plugin)
                                                  ./build/obj/crt0_v7m.o
__late_init                                       /tmp/ccjvroFX.ltrans0.ltrans.o
                                                  ./build/obj/crt1.o (symbol from plugin)
                                                  ./build/obj/crt0_v7m.o
__main_stack_base__                               ./build/obj/crt0_v7m.o
__main_stack_end__                                ./build/obj/vectors.o
                                                  ./build/obj/crt0_v7m.o
__process_stack_base__                            ./build/obj/crt0_v7m.o
__process_stack_end__                             ./build/obj/crt0_v7m.o
__ram0_clear__                                    /tmp/ccjvroFX.ltrans0.ltrans.o
                                                  ./build/obj/crt1.o (symbol from plugin)
__ram0_init__                                     /tmp/ccjvroFX.ltrans0.ltrans.o
                                                  ./build/obj/crt1.o (symbol from plugin)
__ram0_init_text__                                /tmp/ccjvroFX.ltrans0.ltrans.o
                                                  ./build/obj/crt1.o (symbol from plugin)
__ram0_noinit__                                   /tmp/ccjvroFX.ltrans0.ltrans.o
                                                  ./build/obj/crt1.o (symbol from plugin)
__ram1_clear__                                    /tmp/ccjvroFX.ltrans0.ltrans.o
                                                  ./build/obj/crt1.o (symbol from plugin)
__ram1_init__                                     /tmp/ccjvroFX.ltrans0.ltrans.o
                                                  ./build/obj/crt1.o (symbol from plugin)
__ram1_init_text__                                /tmp/ccjvroFX.ltrans0.ltrans.o
                                                  ./build/obj/crt1.o (symbol from plugin)
__ram1_noinit__                                   /tmp/ccjvroFX.ltrans0.ltrans.o
                                                  ./build/obj/crt1.o (symbol from plugin)
__ram2_clear__                                    /tmp/ccjvroFX.ltrans0.ltrans.o
                                                  ./build/obj/crt1.o (symbol from plugin)
__ram2_init__                                     /tmp/ccjvroFX.ltrans0.ltrans.o
                                                  ./build/obj/crt1.o (symbol from plugin)
__ram2_init_text__                                /tmp/ccjvroFX.ltrans0.ltrans.o
                                                  ./build/obj/crt1.o (symbol from plugin)
__ram2_noinit__                                   /tmp/ccjvroFX.ltrans0.ltrans.o
                                                  ./build/obj/crt1.o (symbol from plugin)
__ram3_clear__                                    /tmp/ccjvroFX.ltrans0.ltrans.o
                                                  ./build/obj/crt1.o (symbol from plugin)
__ram3_init__                                     /tmp/ccjvroFX.ltrans0.ltrans.o
                                                  ./build/obj/crt1.o (symbol from plugin)
__ram3_init_text__                                /tmp/ccjvroFX.ltrans0.ltrans.o
                                                  ./build/obj/crt1.o (symbol from plugin)
__ram3_noinit__                                   /tmp/ccjvroFX.ltrans0.ltrans.o
                                                  ./build/obj/crt1.o (symbol from plugin)
__ram4_clear__                                    /tmp/ccjvroFX.ltrans0.ltrans.o
                                                  ./build/obj/crt1.o (symbol from plugin)
__ram4_init__                                     /tmp/ccjvroFX.ltrans0.ltrans.o
                                                  ./build/obj/crt1.o (symbol from plugin)
__ram4_init_text__                                /tmp/ccjvroFX.ltrans0.ltrans.o
                                                  ./build/obj/crt1.o (symbol from plugin)
__ram4_noinit__                                   /tmp/ccjvroFX.ltrans0.ltrans.o
                                                  ./build/obj/crt1.o (symbol from plugin)
__ram5_clear__                                    /tmp/ccjvroFX.ltrans0.ltrans.o
                                                  ./build/obj/crt1.o (symbol from plugin)
__ram5_init__                                     /tmp/ccjvroFX.ltrans0.ltrans.o
                                                  ./build/obj/crt1.o (symbol from plugin)
__ram5_init_text__                                /tmp/ccjvroFX.ltrans0.ltrans.o
                                                  ./build/obj/crt1.o (symbol from plugin)
__ram5_noinit__                                   /tmp/ccjvroFX.ltrans0.ltrans.o
                                                  ./build/obj/crt1.o (symbol from plugin)
__ram6_clear__                                    /tmp/ccjvroFX.ltrans0.ltrans.o
                                                  ./build/obj/crt1.o (symbol from plugin)
__ram6_init__                                     /tmp/ccjvroFX.ltrans0.ltrans.o
                                                  ./build/obj/crt1.o (symbol from plugin)
__ram6_init_text__                                /tmp/ccjvroFX.ltrans0.ltrans.o
                                                  ./build/obj/crt1.o (symbol from plugin)
__ram6_noinit__                                   /tmp/ccjvroFX.ltrans0.ltrans.o
                                                  ./build/obj/crt1.o (symbol from plugin)
__ram7_clear__                                    /tmp/ccjvroFX.ltrans0.ltrans.o
                                                  ./build/obj/crt1.o (symbol from plugin)
__ram7_init__                                     /tmp/ccjvroFX.ltrans0.ltrans.o
                                                  ./build/obj/crt1.o (symbol from plugin)
__ram7_init_text__                                /tmp/ccjvroFX.ltrans0.ltrans.o
                                                  ./build/obj/crt1.o (symbol from plugin)
__ram7_noinit__                                   /tmp/ccjvroFX.ltrans0.ltrans.o
                                                  ./build/obj/crt1.o (symbol from plugin)
__text_base                                       ./build/obj/ch_test.o (symbol from plugin)
__text_end                                        ./build/obj/ch_test.o (symbol from plugin)
_bss_end                                          ./build/obj/ch_test.o (symbol from plugin)
                                                  ./build/obj/crt0_v7m.o
_bss_start                                        ./build/obj/ch_test.o (symbol from plugin)
                                                  ./build/obj/crt0_v7m.o
_core_init                                        ./build/obj/chmemcore.o (symbol from plugin)
                                                  ./build/obj/chsys.o (symbol from plugin)
_crt0_entry                                       ./build/obj/crt0_v7m.o
                                                  ./build/obj/vectors.o
_data_end                                         ./build/obj/ch_test.o (symbol from plugin)
                                                  ./build/obj/crt0_v7m.o
_data_start                                       ./build/obj/ch_test.o (symbol from plugin)
                                                  ./build/obj/crt0_v7m.o
_factory_init                                     ./build/obj/chfactory.o (symbol from plugin)
                                                  ./build/obj/chsys.o (symbol from plugin)
_heap_init                                        ./build/obj/chmemheaps.o (symbol from plugin)
                                                  ./build/obj/chsys.o (symbol from plugin)
_pal_lld_init                                     ./build/obj/hal_pal_lld.o (symbol from plugin)
                                                  ./build/obj/hal.o (symbol from plugin)
_pal_lld_setgroupmode                             ./build/obj/hal_pal_lld.o (symbol from plugin)
                                                  ./build/obj/main.o (symbol from plugin)
                                                  ./build/obj/hal_pal.o (symbol from plugin)
_port_exit_from_isr                               ./build/obj/chcoreasm_v7m.o
                                                  /tmp/ccjvroFX.ltrans0.ltrans.o
                                                  ./build/obj/chcore_v7m.o (symbol from plugin)
_port_irq_epilogue                                ./build/obj/chcore_v7m.o (symbol from plugin)
                                                  ./build/obj/hal_serial_lld.o (symbol from plugin)
                                                  ./build/obj/hal_st_lld.o (symbol from plugin)
_port_switch                                      ./build/obj/chcoreasm_v7m.o
                                                  /tmp/ccjvroFX.ltrans0.ltrans.o
                                                  ./build/obj/chschd.o (symbol from plugin)
_port_switch_from_isr                             ./build/obj/chcoreasm_v7m.o
                                                  /tmp/ccjvroFX.ltrans0.ltrans.o
                                                  ./build/obj/chcore_v7m.o (symbol from plugin)
_port_thread_start                                ./build/obj/chcoreasm_v7m.o
                                                  /tmp/ccjvroFX.ltrans0.ltrans.o
                                                  ./build/obj/chthreads.o (symbol from plugin)
_scheduler_init                                   ./build/obj/chschd.o (symbol from plugin)
                                                  ./build/obj/chsys.o (symbol from plugin)
_test_assert                                      ./build/obj/ch_test.o (symbol from plugin)
                                                  ./build/obj/oslib_test_sequence_005.o (symbol from plugin)
                                                  ./build/obj/oslib_test_sequence_004.o (symbol from plugin)
                                                  ./build/obj/oslib_test_sequence_003.o (symbol from plugin)
                                                  ./build/obj/oslib_test_sequence_002.o (symbol from plugin)
                                                  ./build/obj/oslib_test_sequence_001.o (symbol from plugin)
                                                  ./build/obj/rt_test_sequence_009.o (symbol from plugin)
                                                  ./build/obj/rt_test_sequence_008.o (symbol from plugin)
                                                  ./build/obj/rt_test_sequence_006.o (symbol from plugin)
                                                  ./build/obj/rt_test_sequence_005.o (symbol from plugin)
                                                  ./build/obj/rt_test_sequence_004.o (symbol from plugin)
                                                  ./build/obj/rt_test_sequence_003.o (symbol from plugin)
                                                  ./build/obj/rt_test_sequence_002.o (symbol from plugin)
_test_assert_sequence                             ./build/obj/ch_test.o (symbol from plugin)
                                                  ./build/obj/oslib_test_sequence_001.o (symbol from plugin)
                                                  ./build/obj/rt_test_sequence_009.o (symbol from plugin)
                                                  ./build/obj/rt_test_sequence_008.o (symbol from plugin)
                                                  ./build/obj/rt_test_sequence_007.o (symbol from plugin)
                                                  ./build/obj/rt_test_sequence_006.o (symbol from plugin)
                                                  ./build/obj/rt_test_sequence_005.o (symbol from plugin)
                                                  ./build/obj/rt_test_sequence_003.o (symbol from plugin)
_test_assert_time_window                          ./build/obj/ch_test.o (symbol from plugin)
                                                  ./build/obj/rt_test_sequence_008.o (symbol from plugin)
                                                  ./build/obj/rt_test_sequence_005.o (symbol from plugin)
                                                  ./build/obj/rt_test_sequence_004.o (symbol from plugin)
                                                  ./build/obj/rt_test_sequence_003.o (symbol from plugin)
_test_fail                                        ./build/obj/ch_test.o (symbol from plugin)
_textdata_start                                   ./build/obj/crt0_v7m.o
_thread_init                                      ./build/obj/chthreads.o (symbol from plugin)
                                                  ./build/obj/chsys.o (symbol from plugin)
_tm_init                                          ./build/obj/chtm.o (symbol from plugin)
                                                  ./build/obj/chsys.o (symbol from plugin)
_unhandled_exception                              ./build/obj/vectors.o
_vectors                                          ./build/obj/vectors.o
                                                  ./build/obj/crt0_v7m.o
_vt_init                                          ./build/obj/chvt.o (symbol from plugin)
                                                  ./build/obj/chsys.o (symbol from plugin)
board.c.4afa3e4d                                  /tmp/cc2NP7OD.debug.temp.o
                                                  /tmp/ccjvroFX.ltrans0.ltrans.o
boardInit                                         ./build/obj/board.o (symbol from plugin)
                                                  ./build/obj/hal.o (symbol from plugin)
ch                                                ./build/obj/chschd.o (symbol from plugin)
                                                  ./build/obj/main.o (symbol from plugin)
                                                  ./build/obj/rt_test_sequence_010.o (symbol from plugin)
                                                  ./build/obj/rt_test_sequence_009.o (symbol from plugin)
                                                  ./build/obj/rt_test_sequence_008.o (symbol from plugin)
                                                  ./build/obj/rt_test_sequence_007.o (symbol from plugin)
                                                  ./build/obj/rt_test_sequence_006.o (symbol from plugin)
                                                  ./build/obj/rt_test_sequence_005.o (symbol from plugin)
                                                  ./build/obj/rt_test_sequence_004.o (symbol from plugin)
                                                  ./build/obj/rt_test_sequence_003.o (symbol from plugin)
                                                  ./build/obj/chmsg.o (symbol from plugin)
                                                  ./build/obj/chevents.o (symbol from plugin)
                                                  ./build/obj/chcond.o (symbol from plugin)
                                                  ./build/obj/chmtx.o (symbol from plugin)
                                                  ./build/obj/chsem.o (symbol from plugin)
                                                  ./build/obj/chregistry.o (symbol from plugin)
                                                  ./build/obj/chtm.o (symbol from plugin)
                                                  ./build/obj/chthreads.o (symbol from plugin)
                                                  ./build/obj/chvt.o (symbol from plugin)
                                                  ./build/obj/chsys.o (symbol from plugin)
chCondBroadcast                                   ./build/obj/chcond.o (symbol from plugin)
                                                  ./build/obj/rt_test_sequence_006.o (symbol from plugin)
chCondBroadcastI                                  ./build/obj/chcond.o (symbol from plugin)
chCondObjectInit                                  ./build/obj/chcond.o (symbol from plugin)
                                                  ./build/obj/rt_test_sequence_006.o (symbol from plugin)
chCondSignal                                      ./build/obj/chcond.o (symbol from plugin)
                                                  ./build/obj/rt_test_sequence_006.o (symbol from plugin)
chCondSignalI                                     ./build/obj/chcond.o (symbol from plugin)
                                                  ./build/obj/rt_test_sequence_006.o (symbol from plugin)
chCondWait                                        ./build/obj/chcond.o (symbol from plugin)
                                                  ./build/obj/rt_test_sequence_006.o (symbol from plugin)
chCondWaitS                                       ./build/obj/chcond.o (symbol from plugin)
chCondWaitTimeout                                 ./build/obj/chcond.o (symbol from plugin)
                                                  ./build/obj/rt_test_sequence_006.o (symbol from plugin)
chCondWaitTimeoutS                                ./build/obj/chcond.o (symbol from plugin)
chCoreAllocAlignedWithOffset                      ./build/obj/chmemcore.o (symbol from plugin)
                                                  ./build/obj/chmemheaps.o (symbol from plugin)
chCoreAllocAlignedWithOffsetI                     ./build/obj/chmemcore.o (symbol from plugin)
                                                  ./build/obj/chfactory.o (symbol from plugin)
chCoreGetStatusX                                  ./build/obj/chmemcore.o (symbol from plugin)
chEvtAddEvents                                    ./build/obj/chevents.o (symbol from plugin)
                                                  ./build/obj/rt_test_sequence_008.o (symbol from plugin)
chEvtBroadcastFlags                               ./build/obj/chevents.o (symbol from plugin)
                                                  ./build/obj/rt_test_sequence_008.o (symbol from plugin)
chEvtBroadcastFlagsI                              ./build/obj/chevents.o (symbol from plugin)
                                                  ./build/obj/hal_serial_lld.o (symbol from plugin)
                                                  ./build/obj/hal_serial.o (symbol from plugin)
chEvtDispatch                                     ./build/obj/chevents.o (symbol from plugin)
                                                  ./build/obj/rt_test_sequence_008.o (symbol from plugin)
chEvtGetAndClearEvents                            ./build/obj/chevents.o (symbol from plugin)
                                                  ./build/obj/rt_test_sequence_008.o (symbol from plugin)
chEvtGetAndClearEventsI                           ./build/obj/chevents.o (symbol from plugin)
chEvtGetAndClearFlags                             ./build/obj/chevents.o (symbol from plugin)
chEvtGetAndClearFlagsI                            ./build/obj/chevents.o (symbol from plugin)
chEvtRegisterMaskWithFlags                        ./build/obj/chevents.o (symbol from plugin)
                                                  ./build/obj/rt_test_sequence_008.o (symbol from plugin)
chEvtSignal                                       ./build/obj/chevents.o (symbol from plugin)
                                                  ./build/obj/rt_test_sequence_008.o (symbol from plugin)
chEvtSignalI                                      ./build/obj/chevents.o (symbol from plugin)
chEvtUnregister                                   ./build/obj/chevents.o (symbol from plugin)
                                                  ./build/obj/rt_test_sequence_008.o (symbol from plugin)
chEvtWaitAll                                      ./build/obj/chevents.o (symbol from plugin)
                                                  ./build/obj/rt_test_sequence_008.o (symbol from plugin)
chEvtWaitAllTimeout                               ./build/obj/chevents.o (symbol from plugin)
                                                  ./build/obj/rt_test_sequence_008.o (symbol from plugin)
chEvtWaitAny                                      ./build/obj/chevents.o (symbol from plugin)
                                                  ./build/obj/rt_test_sequence_008.o (symbol from plugin)
chEvtWaitAnyTimeout                               ./build/obj/chevents.o (symbol from plugin)
                                                  ./build/obj/rt_test_sequence_008.o (symbol from plugin)
chEvtWaitOne                                      ./build/obj/chevents.o (symbol from plugin)
                                                  ./build/obj/rt_test_sequence_008.o (symbol from plugin)
chEvtWaitOneTimeout                               ./build/obj/chevents.o (symbol from plugin)
                                                  ./build/obj/rt_test_sequence_008.o (symbol from plugin)
chFactoryCreateBuffer                             ./build/obj/chfactory.o (symbol from plugin)
                                                  ./build/obj/oslib_test_sequence_005.o (symbol from plugin)
chFactoryCreateMailbox                            ./build/obj/chfactory.o (symbol from plugin)
                                                  ./build/obj/oslib_test_sequence_005.o (symbol from plugin)
chFactoryCreateObjectsFIFO                        ./build/obj/chfactory.o (symbol from plugin)
                                                  ./build/obj/oslib_test_sequence_005.o (symbol from plugin)
chFactoryCreatePipe                               ./build/obj/chfactory.o (symbol from plugin)
                                                  ./build/obj/oslib_test_sequence_005.o (symbol from plugin)
chFactoryCreateSemaphore                          ./build/obj/chfactory.o (symbol from plugin)
                                                  ./build/obj/oslib_test_sequence_005.o (symbol from plugin)
chFactoryFindBuffer                               ./build/obj/chfactory.o (symbol from plugin)
                                                  ./build/obj/oslib_test_sequence_005.o (symbol from plugin)
chFactoryFindMailbox                              ./build/obj/chfactory.o (symbol from plugin)
                                                  ./build/obj/oslib_test_sequence_005.o (symbol from plugin)
chFactoryFindObject                               ./build/obj/chfactory.o (symbol from plugin)
                                                  ./build/obj/oslib_test_sequence_005.o (symbol from plugin)
chFactoryFindObjectByPointer                      ./build/obj/chfactory.o (symbol from plugin)
chFactoryFindObjectsFIFO                          ./build/obj/chfactory.o (symbol from plugin)
                                                  ./build/obj/oslib_test_sequence_005.o (symbol from plugin)
chFactoryFindPipe                                 ./build/obj/chfactory.o (symbol from plugin)
                                                  ./build/obj/oslib_test_sequence_005.o (symbol from plugin)
chFactoryFindSemaphore                            ./build/obj/chfactory.o (symbol from plugin)
                                                  ./build/obj/oslib_test_sequence_005.o (symbol from plugin)
chFactoryRegisterObject                           ./build/obj/chfactory.o (symbol from plugin)
                                                  ./build/obj/oslib_test_sequence_005.o (symbol from plugin)
chFactoryReleaseBuffer                            ./build/obj/chfactory.o (symbol from plugin)
                                                  ./build/obj/oslib_test_sequence_005.o (symbol from plugin)
chFactoryReleaseMailbox                           ./build/obj/chfactory.o (symbol from plugin)
                                                  ./build/obj/oslib_test_sequence_005.o (symbol from plugin)
chFactoryReleaseObject                            ./build/obj/chfactory.o (symbol from plugin)
                                                  ./build/obj/oslib_test_sequence_005.o (symbol from plugin)
chFactoryReleaseObjectsFIFO                       ./build/obj/chfactory.o (symbol from plugin)
                                                  ./build/obj/oslib_test_sequence_005.o (symbol from plugin)
chFactoryReleasePipe                              ./build/obj/chfactory.o (symbol from plugin)
                                                  ./build/obj/oslib_test_sequence_005.o (symbol from plugin)
chFactoryReleaseSemaphore                         ./build/obj/chfactory.o (symbol from plugin)
                                                  ./build/obj/oslib_test_sequence_005.o (symbol from plugin)
chGuardedPoolAllocTimeout                         ./build/obj/chmempools.o (symbol from plugin)
                                                  ./build/obj/oslib_test_sequence_003.o (symbol from plugin)
chGuardedPoolAllocTimeoutS                        ./build/obj/chmempools.o (symbol from plugin)
chGuardedPoolFree                                 ./build/obj/chmempools.o (symbol from plugin)
                                                  ./build/obj/oslib_test_sequence_003.o (symbol from plugin)
chGuardedPoolLoadArray                            ./build/obj/chmempools.o (symbol from plugin)
                                                  ./build/obj/oslib_test_sequence_003.o (symbol from plugin)
                                                  ./build/obj/chfactory.o (symbol from plugin)
chGuardedPoolObjectInitAligned                    ./build/obj/chmempools.o (symbol from plugin)
                                                  ./build/obj/oslib_test_sequence_003.o (symbol from plugin)
                                                  ./build/obj/chfactory.o (symbol from plugin)
chHeapAllocAligned                                ./build/obj/chmemheaps.o (symbol from plugin)
                                                  ./build/obj/oslib_test_sequence_004.o (symbol from plugin)
                                                  ./build/obj/chfactory.o (symbol from plugin)
                                                  ./build/obj/chdynamic.o (symbol from plugin)
chHeapFree                                        ./build/obj/chmemheaps.o (symbol from plugin)
                                                  ./build/obj/oslib_test_sequence_004.o (symbol from plugin)
                                                  ./build/obj/chfactory.o (symbol from plugin)
                                                  ./build/obj/chthreads.o (symbol from plugin)
chHeapObjectInit                                  ./build/obj/chmemheaps.o (symbol from plugin)
                                                  ./build/obj/oslib_test_sequence_004.o (symbol from plugin)
                                                  ./build/obj/rt_test_sequence_009.o (symbol from plugin)
chHeapStatus                                      ./build/obj/chmemheaps.o (symbol from plugin)
                                                  ./build/obj/oslib_test_sequence_004.o (symbol from plugin)
                                                  ./build/obj/rt_test_sequence_009.o (symbol from plugin)
chMBFetchI                                        ./build/obj/chmboxes.o (symbol from plugin)
                                                  ./build/obj/oslib_test_sequence_001.o (symbol from plugin)
chMBFetchTimeout                                  ./build/obj/chmboxes.o (symbol from plugin)
                                                  ./build/obj/oslib_test_sequence_001.o (symbol from plugin)
chMBFetchTimeoutS                                 ./build/obj/chmboxes.o (symbol from plugin)
chMBObjectInit                                    ./build/obj/chmboxes.o (symbol from plugin)
                                                  ./build/obj/oslib_test_sequence_001.o (symbol from plugin)
                                                  ./build/obj/chfactory.o (symbol from plugin)
chMBPostAheadI                                    ./build/obj/chmboxes.o (symbol from plugin)
                                                  ./build/obj/oslib_test_sequence_001.o (symbol from plugin)
chMBPostAheadTimeout                              ./build/obj/chmboxes.o (symbol from plugin)
                                                  ./build/obj/oslib_test_sequence_001.o (symbol from plugin)
chMBPostAheadTimeoutS                             ./build/obj/chmboxes.o (symbol from plugin)
chMBPostI                                         ./build/obj/chmboxes.o (symbol from plugin)
                                                  ./build/obj/oslib_test_sequence_001.o (symbol from plugin)
chMBPostTimeout                                   ./build/obj/chmboxes.o (symbol from plugin)
                                                  ./build/obj/oslib_test_sequence_001.o (symbol from plugin)
chMBPostTimeoutS                                  ./build/obj/chmboxes.o (symbol from plugin)
chMBReset                                         ./build/obj/chmboxes.o (symbol from plugin)
                                                  ./build/obj/oslib_test_sequence_001.o (symbol from plugin)
chMBResetI                                        ./build/obj/chmboxes.o (symbol from plugin)
                                                  ./build/obj/oslib_test_sequence_001.o (symbol from plugin)
chMsgRelease                                      ./build/obj/chmsg.o (symbol from plugin)
                                                  ./build/obj/rt_test_sequence_010.o (symbol from plugin)
                                                  ./build/obj/rt_test_sequence_007.o (symbol from plugin)
chMsgSend                                         ./build/obj/chmsg.o (symbol from plugin)
                                                  ./build/obj/rt_test_sequence_010.o (symbol from plugin)
                                                  ./build/obj/rt_test_sequence_007.o (symbol from plugin)
chMsgWait                                         ./build/obj/chmsg.o (symbol from plugin)
                                                  ./build/obj/rt_test_sequence_010.o (symbol from plugin)
                                                  ./build/obj/rt_test_sequence_007.o (symbol from plugin)
chMtxLock                                         ./build/obj/chmtx.o (symbol from plugin)
                                                  ./build/obj/rt_test_sequence_010.o (symbol from plugin)
                                                  ./build/obj/rt_test_sequence_006.o (symbol from plugin)
                                                  ./build/obj/chfactory.o (symbol from plugin)
                                                  ./build/obj/chpipes.o (symbol from plugin)
                                                  ./build/obj/chmemheaps.o (symbol from plugin)
chMtxLockS                                        ./build/obj/chmtx.o (symbol from plugin)
                                                  ./build/obj/rt_test_sequence_006.o (symbol from plugin)
                                                  ./build/obj/chcond.o (symbol from plugin)
chMtxObjectInit                                   ./build/obj/chmtx.o (symbol from plugin)
                                                  ./build/obj/rt_test_sequence_010.o (symbol from plugin)
                                                  ./build/obj/rt_test_sequence_006.o (symbol from plugin)
                                                  ./build/obj/chfactory.o (symbol from plugin)
                                                  ./build/obj/chpipes.o (symbol from plugin)
                                                  ./build/obj/chmemheaps.o (symbol from plugin)
chMtxTryLock                                      ./build/obj/chmtx.o (symbol from plugin)
                                                  ./build/obj/rt_test_sequence_006.o (symbol from plugin)
chMtxTryLockS                                     ./build/obj/chmtx.o (symbol from plugin)
chMtxUnlock                                       ./build/obj/chmtx.o (symbol from plugin)