Archive member included to satisfy reference by file (symbol)

/usr/lib/gcc/arm-none-eabi/13.2.1/../../../arm-none-eabi/lib/thumb/v7e-m/nofp/libg.a(libc_a-strncpy.o)
                              /tmp/ccIzIhOr.ltrans0.ltrans.o (strncpy)
/usr/lib/gcc/arm-none-eabi/13.2.1/../../../arm-none-eabi/lib/thumb/v7e-m/nofp/libg.a(libc_a-memset.o)
                              /tmp/ccIzIhOr.ltrans0.ltrans.o (memset)
/usr/lib/gcc/arm-none-eabi/13.2.1/../../../arm-none-eabi/lib/thumb/v7e-m/nofp/libg.a(libc_a-strcmp.o)
                              /tmp/ccIzIhOr.ltrans0.ltrans.o (strcmp)
/usr/lib/gcc/arm-none-eabi/13.2.1/../../../arm-none-eabi/lib/thumb/v7e-m/nofp/libg.a(libc_a-strncmp.o)
                              /tmp/ccIzIhOr.ltrans0.ltrans.o (strncmp)
/usr/lib/gcc/arm-none-eabi/13.2.1/../../../arm-none-eabi/lib/thumb/v7e-m/nofp/libg.a(libc_a-memcmp.o)
                              /tmp/ccIzIhOr.ltrans0.ltrans.o (memcmp)
/usr/lib/gcc/arm-none-eabi/13.2.1/../../../arm-none-eabi/lib/thumb/v7e-m/nofp/libg.a(libc_a-memcpy.o)
                              /tmp/ccIzIhOr.ltrans0.ltrans.o (memcpy)

Discarded input sections

 .data          0x00000000        0x0 ./build/obj/crt0_v7m.o
 .bss           0x00000000        0x0 ./build/obj/crt0_v7m.o
 .data          0x00000000        0x0 ./build/obj/vectors.o
 .bss           0x00000000        0x0 ./build/obj/vectors.o
 .data          0x00000000        0x0 ./build/obj/chcoreasm_v7m.o
 .bss           0x00000000        0x0 ./build/obj/chcoreasm_v7m.o
 .text          0x00000000        0x0 /tmp/ccIzIhOr.ltrans0.ltrans.o
 .data          0x00000000        0x0 /tmp/ccIzIhOr.ltrans0.ltrans.o
 .bss           0x00000000        0x0 /tmp/ccIzIhOr.ltrans0.ltrans.o
 .text          0x00000000        0x0 /tmp/ccIzIhOr.ltrans1.ltrans.o
 .data          0x00000000        0x0 /tmp/ccIzIhOr.ltrans1.ltrans.o
 .bss           0x00000000        0x0 /tmp/ccIzIhOr.ltrans1.ltrans.o
 .comment       0x00000000       0x27 /tmp/ccgcRVuc.debug.temp.o
 .comment       0x00000000       0x27 /tmp/ccmRus0V.debug.temp.o
 .comment       0x00000000       0x27 /tmp/cc8bk2HZ.debug.temp.o
 .debug_info    0x00000000      0xc28 /tmp/ccOAoqGn.debug.temp.o
 .debug_abbrev  0x00000000      0x257 /tmp/ccOAoqGn.debug.temp.o
 .debug_line    0x00000000       0xaa /tmp/ccOAoqGn.debug.temp.o
 .debug_str     0x00000000      0x700 /tmp/ccOAoqGn.debug.temp.o
 .debug_line_str
                0x00000000      0x22e /tmp/ccOAoqGn.debug.temp.o
 .comment       0x00000000       0x27 /tmp/ccOAoqGn.debug.temp.o
 .comment       0x00000000       0x27 /tmp/ccJJYS7Y.debug.temp.o
 .debug_info    0x00000000       0x7a /tmp/ccJweCgB.debug.temp.o
 .debug_abbrev  0x00000000       0x26 /tmp/ccJweCgB.debug.temp.o
 .debug_line    0x00000000       0x31 /tmp/ccJweCgB.debug.temp.o
 .debug_str     0x00000000      0x1c0 /tmp/ccJweCgB.debug.temp.o
 .debug_line_str
                0x00000000       0x6a /tmp/ccJweCgB.debug.temp.o
 .comment       0x00000000       0x27 /tmp/ccJweCgB.debug.temp.o
 .debug_info    0x00000000      0x2d0 /tmp/ccKRuO8H.debug.temp.o
 .debug_abbrev  0x00000000      0x136 /tmp/ccKRuO8H.debug.temp.o
 .debug_line    0x00000000       0x5a /tmp/ccKRuO8H.debug.temp.o
 .debug_str     0x00000000      0x2a8 /tmp/ccKRuO8H.debug.temp.o
 .debug_line_str
                0x00000000      0x11d /tmp/ccKRuO8H.debug.temp.o
 .comment       0x00000000       0x27 /tmp/ccKRuO8H.debug.temp.o
 .comment       0x00000000       0x27 /tmp/ccrEJWcj.debug.temp.o
 .comment       0x00000000       0x27 /tmp/ccIZMwZB.debug.temp.o
 .comment       0x00000000       0x27 /tmp/cc7iYND2.debug.temp.o
 .comment       0x00000000       0x27 /tmp/ccYBWptj.debug.temp.o
 .debug_info    0x00000000       0x7a /tmp/ccYv3uKC.debug.temp.o
 .debug_abbrev  0x00000000       0x26 /tmp/ccYv3uKC.debug.temp.o
 .debug_line    0x00000000       0x31 /tmp/ccYv3uKC.debug.temp.o
 .debug_str     0x00000000      0x1d2 /tmp/ccYv3uKC.debug.temp.o
 .debug_line_str
                0x00000000       0x7c /tmp/ccYv3uKC.debug.temp.o
 .comment       0x00000000       0x27 /tmp/ccYv3uKC.debug.temp.o
 .debug_info    0x00000000       0x7a /tmp/ccexhVaG.debug.temp.o
 .debug_abbrev  0x00000000       0x26 /tmp/ccexhVaG.debug.temp.o
 .debug_line    0x00000000       0x31 /tmp/ccexhVaG.debug.temp.o
 .debug_str     0x00000000      0x1d4 /tmp/ccexhVaG.debug.temp.o
 .debug_line_str
                0x00000000       0x7e /tmp/ccexhVaG.debug.temp.o
 .comment       0x00000000       0x27 /tmp/ccexhVaG.debug.temp.o
 .comment       0x00000000       0x27 /tmp/ccdvvPFX.debug.temp.o
 .comment       0x00000000       0x27 /tmp/ccylIG9y.debug.temp.o
 .comment       0x00000000       0x27 /tmp/cc2dc1LU.debug.temp.o
 .comment       0x00000000       0x27 /tmp/cc32RFj7.debug.temp.o
 .debug_info    0x00000000       0x7a /tmp/ccOOokmS.debug.temp.o
 .debug_abbrev  0x00000000       0x26 /tmp/ccOOokmS.debug.temp.o
 .debug_line    0x00000000       0x31 /tmp/ccOOokmS.debug.temp.o
 .debug_str     0x00000000      0x1bf /tmp/ccOOokmS.debug.temp.o
[...]
Memory Configuration

Name             Origin             Length             Attributes
flash0           0x08000000         0x00100000
flash1           0x00000000         0x00000000
flash2           0x00000000         0x00000000
flash3           0x00000000         0x00000000
flash4           0x00000000         0x00000000
flash5           0x00000000         0x00000000
flash6           0x00000000         0x00000000
flash7           0x00000000         0x00000000
ram0             0x20000000         0x00020000
ram1             0x20000000         0x0001c000
ram2             0x2001c000         0x00004000
ram3             0x00000000         0x00000000
ram4             0x10000000         0x00010000
ram5             0x40024000         0x00001000
ram6             0x00000000         0x00000000
ram7             0x00000000         0x00000000
*default*        0x00000000         0xffffffff

Linker script and memory map

LOAD ./build/obj/crt0_v7m.o
LOAD ./build/obj/vectors.o
LOAD ./build/obj/chcoreasm_v7m.o
LOAD ./build/obj/crt1.o
LOAD /tmp/ccIzIhOr.ltrans0.ltrans.o
LOAD /tmp/ccIzIhOr.ltrans1.ltrans.o
LOAD /tmp/ccgcRVuc.debug.temp.o
LOAD /tmp/ccmRus0V.debug.temp.o
LOAD /tmp/cc8bk2HZ.debug.temp.o
LOAD /tmp/ccOAoqGn.debug.temp.o
LOAD /tmp/ccJJYS7Y.debug.temp.o
LOAD /tmp/ccJweCgB.debug.temp.o
LOAD /tmp/ccKRuO8H.debug.temp.o
LOAD /tmp/ccrEJWcj.debug.temp.o
LOAD /tmp/ccIZMwZB.debug.temp.o
LOAD /tmp/cc7iYND2.debug.temp.o
LOAD /tmp/ccYBWptj.debug.temp.o
LOAD /tmp/ccYv3uKC.debug.temp.o
LOAD /tmp/ccexhVaG.debug.temp.o
LOAD /tmp/ccdvvPFX.debug.temp.o
LOAD /tmp/ccylIG9y.debug.temp.o
LOAD /tmp/cc2dc1LU.debug.temp.o
LOAD /tmp/cc32RFj7.debug.temp.o
LOAD /tmp/ccOOokmS.debug.temp.o
LOAD /tmp/ccKIC8Qt.debug.temp.o
LOAD /tmp/ccL2xEC2.debug.temp.o
LOAD /tmp/ccMt7WRX.debug.temp.o
LOAD /tmp/ccu2lb51.debug.temp.o
LOAD /tmp/ccupPoCe.debug.temp.o
LOAD /tmp/ccPgxIcM.debug.temp.o
LOAD /tmp/ccfmvlGQ.debug.temp.o
LOAD /tmp/cceVRvT3.debug.temp.o
LOAD /tmp/ccZ5P7Ck.debug.temp.o
LOAD /tmp/cc4zE6HS.debug.temp.o
LOAD /tmp/ccVYypVa.debug.temp.o
LOAD /tmp/ccRjoke5.debug.temp.o
LOAD /tmp/cc7u49BX.debug.temp.o
LOAD /tmp/ccaOXLET.debug.temp.o
LOAD /tmp/ccH1y9Db.debug.temp.o
LOAD /tmp/ccg5KRJM.debug.temp.o
LOAD /tmp/cc5FVzem.debug.temp.o
LOAD /tmp/ccV5ZzHx.debug.temp.o
LOAD /tmp/ccpv11d6.debug.temp.o
LOAD /tmp/ccvw5KkR.debug.temp.o
LOAD /tmp/cc2yrpTR.debug.temp.o
LOAD /tmp/ccOt4ULx.debug.temp.o
LOAD /tmp/cccVFxnv.debug.temp.o
LOAD /tmp/ccD7Gwlw.debug.temp.o
LOAD /tmp/ccVGgv4Z.debug.temp.o
LOAD /tmp/cc2SEYnL.debug.temp.o
LOAD /tmp/cc2tI8Cj.debug.temp.o
LOAD /tmp/ccLrqp5B.debug.temp.o
LOAD /tmp/ccS7p14o.debug.temp.o
LOAD /tmp/ccctR6D9.debug.temp.o
LOAD /tmp/cchpH9rs.debug.temp.o
LOAD /tmp/ccg8OLu3.debug.temp.o
LOAD /tmp/cc7kCdtX.debug.temp.o
LOAD /tmp/cc2nsL3R.debug.temp.o
LOAD /tmp/ccMM1sHJ.debug.temp.o
LOAD /tmp/ccP4uJoD.debug.temp.o
LOAD /tmp/ccr7S0eN.debug.temp.o
LOAD /tmp/ccfzPyKb.debug.temp.o
LOAD /tmp/ccQInYUk.debug.temp.o
LOAD /tmp/ccIuerJr.debug.temp.o
LOAD /tmp/ccWoKn12.debug.temp.o
LOAD ./build/obj/hal.o
LOAD ./build/obj/hal_st.o
LOAD ./build/obj/hal_buffers.o
LOAD ./build/obj/hal_queues.o
LOAD ./build/obj/hal_mmcsd.o
LOAD ./build/obj/hal_pal.o
LOAD ./build/obj/hal_serial.o
LOAD ./build/obj/nvic.o
LOAD ./build/obj/stm32_isr.o
LOAD ./build/obj/hal_lld.o
LOAD ./build/obj/stm32_dma.o
LOAD ./build/obj/stm32_exti.o
LOAD ./build/obj/hal_pal_lld.o
LOAD ./build/obj/hal_st_lld.o
LOAD ./build/obj/hal_serial_lld.o
LOAD ./build/obj/board.o
LOAD ./build/obj/osal.o
LOAD ./build/obj/chsys.o
LOAD ./build/obj/chdebug.o
LOAD ./build/obj/chtrace.o
LOAD ./build/obj/chvt.o
LOAD ./build/obj/chschd.o
LOAD ./build/obj/chthreads.o
LOAD ./build/obj/chtm.o
LOAD ./build/obj/chregistry.o
LOAD ./build/obj/chsem.o
LOAD ./build/obj/chmtx.o
LOAD ./build/obj/chcond.o
LOAD ./build/obj/chevents.o
LOAD ./build/obj/chmsg.o
LOAD ./build/obj/chdynamic.o
LOAD ./build/obj/chmboxes.o
LOAD ./build/obj/chmemcore.o
LOAD ./build/obj/chmemheaps.o
LOAD ./build/obj/chmempools.o
LOAD ./build/obj/chpipes.o
LOAD ./build/obj/chfactory.o
LOAD ./build/obj/chcore.o
LOAD ./build/obj/chcore_v7m.o
LOAD ./build/obj/ch_test.o
LOAD ./build/obj/rt_test_root.o
LOAD ./build/obj/rt_test_sequence_001.o
LOAD ./build/obj/rt_test_sequence_002.o
LOAD ./build/obj/rt_test_sequence_003.o
LOAD ./build/obj/rt_test_sequence_004.o
LOAD ./build/obj/rt_test_sequence_005.o
LOAD ./build/obj/rt_test_sequence_006.o
LOAD ./build/obj/rt_test_sequence_007.o
LOAD ./build/obj/rt_test_sequence_008.o
LOAD ./build/obj/rt_test_sequence_009.o
LOAD ./build/obj/rt_test_sequence_010.o
LOAD ./build/obj/oslib_test_root.o
LOAD ./build/obj/oslib_test_sequence_001.o
LOAD ./build/obj/oslib_test_sequence_002.o
LOAD ./build/obj/oslib_test_sequence_003.o
LOAD ./build/obj/oslib_test_sequence_004.o
LOAD ./build/obj/oslib_test_sequence_005.o
LOAD ./build/obj/main.o

.mstack         0x20000000      0x400
                0x20000000                        . = ALIGN (0x8)
                0x20000000                        __main_stack_base__ = .
                0x20000400                        . = (. + __main_stack_size__)
 *fill*         0x20000000      0x400 
                0x20000400                        . = ALIGN (0x8)
                0x20000400                        __main_stack_end__ = .

.pstack         0x20000400      0x400
                0x20000400                        . = ALIGN (0x8)
                0x20000400                        __process_stack_base__ = .
                0x20000400                        __main_thread_stack_base__ = .
                0x20000800                        . = (. + __process_stack_size__)
 *fill*         0x20000400      0x400 
                0x20000800                        . = ALIGN (0x8)
                0x20000800                        __process_stack_end__ = .
                0x20000800                        __main_thread_stack_end__ = .

.vectors        0x08000000      0x1e0
 *(.vectors)
 .vectors       0x08000000      0x1e0 ./build/obj/vectors.o
                0x08000000                _vectors

.xtors          0x080001e0        0x0
                0x080001e0                        __init_array_start = .
 *(SORT_BY_NAME(.init_array.*))
 *(.init_array)
                0x080001e0                        __init_array_end = .
                0x080001e0                        __fini_array_start = .
 *(.fini_array)
 *(SORT_BY_NAME(.fini_array.*))
                0x080001e0                        __fini_array_end = .

.text           0x080001e0     0xaf1c
                0x080001e0                        __text_base = .
 *(.text)
 .text          0x080001e0       0xd8 ./build/obj/crt0_v7m.o
                0x080001e0                _crt0_entry
 .text          0x080002b8        0x8 ./build/obj/vectors.o
                0x080002b8                Reset_Handler
                0x080002ba                Vector58
                0x080002ba                VectorE8
                0x080002ba                Vector9C
                0x080002ba                VectorAC
                0x080002ba                DebugMon_Handler
                0x080002ba                Vector1A0
                0x080002ba                Vector5C
                0x080002ba                Vector11C
                0x080002ba                HardFault_Handler
                0x080002ba                Vector1B8
                0x080002ba                Vector19C
                0x080002ba                Vector8C
                0x080002ba                SysTick_Handler
                0x080002ba                VectorDC
                0x080002ba                PendSV_Handler
                0x080002ba                Vector168
                0x080002ba                NMI_Handler
                0x080002ba                Vector110
                0x080002ba                Vector120
                0x080002ba                Vector1D8
                0x080002ba                VectorC8
                0x080002ba                Vector94
                0x080002ba                VectorA8
                0x080002ba                VectorB4
                0x080002ba                Vector74
                0x080002ba                Vector160
                0x080002ba                Vector1B0
                0x080002ba                UsageFault_Handler
                0x080002ba                VectorEC
                0x080002ba                Vector40
                0x080002ba                VectorF8
                0x080002ba                Vector108
                0x080002ba                VectorBC
                0x080002ba                Vector190
                0x080002ba                Vector150
                0x080002ba                Vector124
                0x080002ba                Vector1C4
                0x080002ba                Vector1CC
                0x080002ba                Vector148
                0x080002ba                Vector188
                0x080002ba                Vector198
                0x080002ba                Vector118
                0x080002ba                Vector64
                0x080002ba                VectorCC
                0x080002ba                Vector54
                0x080002ba                Vector98
                0x080002ba                Vector138
                0x080002ba                Vector24
                0x080002ba                Vector1AC
                0x080002ba                Vector178
                0x080002ba                Vector84
                0x080002ba                Vector1A4
                0x080002ba                VectorD0
                0x080002ba                Vector1B4
                0x080002ba                Vector140
                0x080002ba                VectorE4
                0x080002ba                VectorC0
                0x080002ba                Vector158
                0x080002ba                Vector130
                0x080002ba                Vector1C0
                0x080002ba                Vector134
                0x080002ba                Vector1D0
                0x080002ba                VectorF0
                0x080002ba                Vector12C
                0x080002ba                Vector13C
                0x080002ba                Vector100
                0x080002ba                VectorE0
                0x080002ba                VectorF4
                0x080002ba                MemManage_Handler
                0x080002ba                Vector6C
                0x080002ba                VectorA0
                0x080002ba                VectorC4
                0x080002ba                Vector7C
                0x080002ba                Vector180
                0x080002ba                Vector90
                0x080002ba                Vector114
                0x080002ba                Vector164
                0x080002ba                Vector60
                0x080002ba                Vector1C
                0x080002ba                Vector1BC
                0x080002ba                Vector1D4
                0x080002ba                Vector17C
                0x080002ba                Vector48
                0x080002ba                Vector1A8
                0x080002ba                Vector16C
                0x080002ba                Vector70
                0x080002ba                VectorD4
                0x080002ba                Vector4C
                0x080002ba                Vector144
                0x080002ba                Vector80
                0x080002ba                Vector15C
                0x080002ba                Vector68
                0x080002ba                Vector78
                0x080002ba                Vector170
                0x080002ba                Vector88
                0x080002ba                Vector104
                0x080002ba                Vector184
                0x080002ba                Vector10C
                0x080002ba                Vector14C
                0x080002ba                BusFault_Handler
                0x080002ba                Vector50
                0x080002ba                Vector1C8
                0x080002ba                Vector194
                0x080002ba                Vector1DC
                0x080002ba                Vector154
                0x080002ba                Vector44
                0x080002ba                Vector28
                0x080002ba                VectorB8
                0x080002ba                VectorFC
                0x080002ba                Vector34
                0x080002ba                Vector128
                0x080002ba                VectorA4
                0x080002ba                Vector20
                0x080002ba                Vector18C
                0x080002ba                Vector174
                0x080002be                _unhandled_exception
 .text          0x080002c0       0x28 ./build/obj/chcoreasm_v7m.o
                0x080002c0                _port_switch
                0x080002d0                _port_thread_start
                0x080002e0                _port_switch_from_isr
                0x080002e4                _port_exit_from_isr
 .text          0x080002e8       0x68 /usr/lib/gcc/arm-none-eabi/13.2.1/../../../arm-none-eabi/lib/thumb/v7e-m/nofp/libg.a(libc_a-strncpy.o)
                0x080002e8                strncpy
 .text          0x08000350       0xa4 /usr/lib/gcc/arm-none-eabi/13.2.1/../../../arm-none-eabi/lib/thumb/v7e-m/nofp/libg.a(libc_a-memset.o)
                0x08000350                memset
 *fill*         0x080003f4        0xc 
 .text          0x08000400      0x2e0 /usr/lib/gcc/arm-none-eabi/13.2.1/../../../arm-none-eabi/lib/thumb/v7e-m/nofp/libg.a(libc_a-strcmp.o)
                0x08000400                strcmp
 .text          0x080006e0       0x8c /usr/lib/gcc/arm-none-eabi/13.2.1/../../../arm-none-eabi/lib/thumb/v7e-m/nofp/libg.a(libc_a-strncmp.o)
                0x080006e0                strncmp
 .text          0x0800076c       0x5c /usr/lib/gcc/arm-none-eabi/13.2.1/../../../arm-none-eabi/lib/thumb/v7e-m/nofp/libg.a(libc_a-memcmp.o)
                0x0800076c                memcmp
 .text          0x080007c8      0x134 /usr/lib/gcc/arm-none-eabi/13.2.1/../../../arm-none-eabi/lib/thumb/v7e-m/nofp/libg.a(libc_a-memcpy.o)
                0x080007c8                memcpy
 *(.text.*)
 *fill*         0x080008fc        0x4 
 .text._ctl.lto_priv.0
                0x08000900        0x4 /tmp/ccIzIhOr.ltrans0.ltrans.o
                0x08000900                _ctl.lto_priv.0
 *fill*         0x08000904        0xc 
 .text.notify2.lto_priv.0
                0x08000910       0x10 /tmp/ccIzIhOr.ltrans0.ltrans.o
                0x08000910                notify2.lto_priv.0
 .text._idle_thread.lto_priv.0
                0x08000920        0x4 /tmp/ccIzIhOr.ltrans0.ltrans.o
                0x08000920                _idle_thread.lto_priv.0
 *fill*         0x08000924        0xc 
 .text.wakeup.lto_priv.0
                0x08000930       0x6c /tmp/ccIzIhOr.ltrans0.ltrans.o
                0x08000930                wakeup.lto_priv.0
 *fill*         0x0800099c        0x4 
 .text.chMtxUnlockS
                0x080009a0       0x64 /tmp/ccIzIhOr.ltrans0.ltrans.o
 *fill*         0x08000a04        0xc 
 .text.chEvtBroadcastFlagsI
                0x08000a10       0x88 /tmp/ccIzIhOr.ltrans0.ltrans.o
 *fill*         0x08000a98        0x8 
 .text.chCoreAllocAlignedWithOffset
                0x08000aa0       0x48 /tmp/ccIzIhOr.ltrans0.ltrans.o
                0x08000aa0                chCoreAllocAlignedWithOffset
 *fill*         0x08000ae8        0x8 
 .text.chCoreAllocAlignedI.lto_priv.0
                0x08000af0       0x38 /tmp/ccIzIhOr.ltrans0.ltrans.o
                0x08000af0                chCoreAllocAlignedI.lto_priv.0
 *fill*         0x08000b28        0x8 
 .text._test_assert_sequence
                0x08000b30       0x4c /tmp/ccIzIhOr.ltrans0.ltrans.o
 *fill*         0x08000b7c        0x4 
 .text.rt_test_002_001_execute.lto_priv.0
                0x08000b80      0x144 /tmp/ccIzIhOr.ltrans0.ltrans.o
                0x08000b80                rt_test_002_001_execute.lto_priv.0
 *fill*         0x08000cc4        0xc 
 .text.rt_test_002_003_execute.lto_priv.0
                0x08000cd0       0x24 /tmp/ccIzIhOr.ltrans0.ltrans.o
                0x08000cd0                rt_test_002_003_execute.lto_priv.0
 *fill*         0x08000cf4        0xc 
 .text.rt_test_002_004_execute.lto_priv.0
                0x08000d00       0x18 /tmp/ccIzIhOr.ltrans0.ltrans.o
                0x08000d00                rt_test_002_004_execute.lto_priv.0
 *fill*         0x08000d18        0x8 
 .text.thread   0x08000d20       0x28 /tmp/ccIzIhOr.ltrans0.ltrans.o
 *fill*         0x08000d48        0x8 
 .text.rt_test_004_001_setup.lto_priv.0
                0x08000d50        0xc /tmp/ccIzIhOr.ltrans0.ltrans.o
                0x08000d50                rt_test_004_001_setup.lto_priv.0
 *fill*         0x08000d5c        0x4 
 .text.rt_test_005_001_setup.lto_priv.0
                0x08000d60       0x10 /tmp/ccIzIhOr.ltrans0.ltrans.o
                0x08000d60                rt_test_005_001_setup.lto_priv.0
 .text.rt_test_005_005_setup.lto_priv.0
                0x08000d70       0x10 /tmp/ccIzIhOr.ltrans0.ltrans.o
                0x08000d70                rt_test_005_005_setup.lto_priv.0
 .text.rt_test_005_002_setup
                0x08000d80       0x10 /tmp/ccIzIhOr.ltrans0.ltrans.o
                0x08000d80                rt_test_005_002_setup.lto_priv.0
 .text.rt_test_005_003_setup
                0x08000d90       0x10 /tmp/ccIzIhOr.ltrans0.ltrans.o
                0x08000d90                rt_test_005_003_setup.lto_priv.0
 .text.rt_test_005_004_setup
                0x08000da0       0x10 /tmp/ccIzIhOr.ltrans0.ltrans.o
                0x08000da0                rt_test_005_004_setup.lto_priv.0
 .text.rt_test_006_005_setup.lto_priv.0
                0x08000db0       0x10 /tmp/ccIzIhOr.ltrans0.ltrans.o
                0x08000db0                rt_test_006_005_setup.lto_priv.0
 .text.rt_test_006_001_setup
                0x08000dc0       0x10 /tmp/ccIzIhOr.ltrans0.ltrans.o
                0x08000dc0                rt_test_006_001_setup.lto_priv.0
 .text.rt_test_006_004_setup.lto_priv.0
                0x08000dd0       0x1c /tmp/ccIzIhOr.ltrans0.ltrans.o
                0x08000dd0                rt_test_006_004_setup.lto_priv.0
 *fill*         0x08000dec        0x4 
 .text.rt_test_006_008_setup.lto_priv.0
                0x08000df0       0x1c /tmp/ccIzIhOr.ltrans0.ltrans.o
                0x08000df0                rt_test_006_008_setup.lto_priv.0
 *fill*         0x08000e0c        0x4 
 .text.rt_test_006_007_setup
                0x08000e10       0x1c /tmp/ccIzIhOr.ltrans0.ltrans.o
                0x08000e10                rt_test_006_007_setup.lto_priv.0
 *fill*         0x08000e2c        0x4 
 .text.rt_test_006_009_setup.lto_priv.0
                0x08000e30       0x28 /tmp/ccIzIhOr.ltrans0.ltrans.o
                0x08000e30                rt_test_006_009_setup.lto_priv.0
 *fill*         0x08000e58        0x8 
 .text.h1       0x08000e60       0x28 /tmp/ccIzIhOr.ltrans0.ltrans.o
 *fill*         0x08000e88        0x8 
 .text.h2       0x08000e90       0x28 /tmp/ccIzIhOr.ltrans0.ltrans.o
 *fill*         0x08000eb8        0x8 
 .text.h3       0x08000ec0       0x28 /tmp/ccIzIhOr.ltrans0.ltrans.o
 *fill*         0x08000ee8        0x8 
 .text.rt_test_008_001_execute.lto_priv.0
                0x08000ef0      0x144 /tmp/ccIzIhOr.ltrans0.ltrans.o
                0x08000ef0                rt_test_008_001_execute.lto_priv.0
 *fill*         0x08001034        0xc 
 .text.rt_test_008_002_setup
                0x08001040       0x18 /tmp/ccIzIhOr.ltrans0.ltrans.o
                0x08001040                rt_test_008_002_setup.lto_priv.0
 *fill*         0x08001058        0x8 
 .text.rt_test_008_002_execute.lto_priv.0
                0x08001060       0x4c /tmp/ccIzIhOr.ltrans0.ltrans.o
                0x08001060                rt_test_008_002_execute.lto_priv.0
 *fill*         0x080010ac        0x4 
 .text.rt_test_008_003_setup
                0x080010b0       0x18 /tmp/ccIzIhOr.ltrans0.ltrans.o
                0x080010b0                rt_test_008_003_setup.lto_priv.0
 *fill*         0x080010c8        0x8 
 .text.rt_test_008_004_setup
                0x080010d0       0x18 /tmp/ccIzIhOr.ltrans0.ltrans.o
                0x080010d0                rt_test_008_004_setup.lto_priv.0
 *fill*         0x080010e8        0x8 
 .text.rt_test_008_005_setup
                0x080010f0       0x18 /tmp/ccIzIhOr.ltrans0.ltrans.o
                0x080010f0                rt_test_008_005_setup.lto_priv.0
 *fill*         0x08001108        0x8 
 .text.rt_test_008_006_setup.lto_priv.0
                0x08001110       0x18 /tmp/ccIzIhOr.ltrans0.ltrans.o
                0x08001110                rt_test_008_006_setup.lto_priv.0
 *fill*         0x08001128        0x8 
 .text.rt_test_008_007_setup.lto_priv.0
                0x08001130       0x28 /tmp/ccIzIhOr.ltrans0.ltrans.o
                0x08001130                rt_test_008_007_setup.lto_priv.0
 *fill*         0x08001158        0x8 
 .text.dyn_thread1
                0x08001160       0x28 /tmp/ccIzIhOr.ltrans0.ltrans.o
                0x08001160                dyn_thread1.lto_priv.0
 *fill*         0x08001188        0x8 
 .text.rt_test_009_001_setup.lto_priv.0
                0x08001190       0x38 /tmp/ccIzIhOr.ltrans0.ltrans.o
                0x08001190                rt_test_009_001_setup.lto_priv.0
 *fill*         0x080011c8        0x8 
 .text.rt_test_009_002_setup.lto_priv.0
                0x080011d0       0x18 /tmp/ccIzIhOr.ltrans0.ltrans.o
                0x080011d0                rt_test_009_002_setup.lto_priv.0
 *fill*         0x080011e8        0x8 
 .text.tmo      0x080011f0        0x4 /tmp/ccIzIhOr.ltrans0.ltrans.o
 *fill*         0x080011f4        0xc 
 .text.rt_test_010_007_setup.lto_priv.0
                0x08001200       0x10 /tmp/ccIzIhOr.ltrans0.ltrans.o
                0x08001200                rt_test_010_007_setup.lto_priv.0
 .text.rt_test_010_010_setup.lto_priv.0
                0x08001210       0x10 /tmp/ccIzIhOr.ltrans0.ltrans.o
                0x08001210                rt_test_010_010_setup.lto_priv.0
 .text.rt_test_010_011_setup.lto_priv.0
                0x08001220       0x10 /tmp/ccIzIhOr.ltrans0.ltrans.o
                0x08001220                rt_test_010_011_setup.lto_priv.0
 .text.oslib_test_001_003_setup.lto_priv.0
                0x08001230       0x38 /tmp/ccIzIhOr.ltrans0.ltrans.o
                0x08001230                oslib_test_001_003_setup.lto_priv.0
 *fill*         0x08001268        0x8 
 .text.oslib_test_001_001_setup
                0x08001270       0x38 /tmp/ccIzIhOr.ltrans0.ltrans.o
                0x08001270                oslib_test_001_001_setup.lto_priv.0
 *fill*         0x080012a8        0x8 
 .text.oslib_test_001_002_setup
                0x080012b0       0x38 /tmp/ccIzIhOr.ltrans0.ltrans.o
                0x080012b0                oslib_test_001_002_setup.lto_priv.0
 *fill*         0x080012e8        0x8 
 .text.oslib_test_002_001_setup.lto_priv.0
                0x080012f0       0x50 /tmp/ccIzIhOr.ltrans0.ltrans.o
                0x080012f0                oslib_test_002_001_setup.lto_priv.0
 .text.oslib_test_002_002_setup.lto_priv.0
                0x08001340       0x50 /tmp/ccIzIhOr.ltrans0.ltrans.o
                0x08001340                oslib_test_002_002_setup.lto_priv.0
 .text.null_provider
                0x08001390        0x4 /tmp/ccIzIhOr.ltrans0.ltrans.o
 *fill*         0x08001394        0xc 
 .text.oslib_test_003_001_setup.lto_priv.0
                0x080013a0       0x14 /tmp/ccIzIhOr.ltrans0.ltrans.o
                0x080013a0                oslib_test_003_001_setup.lto_priv.0
 *fill*         0x080013b4        0xc 
 .text.oslib_test_003_001_execute.lto_priv.0
                0x080013c0      0x1d0 /tmp/ccIzIhOr.ltrans0.ltrans.o
                0x080013c0                oslib_test_003_001_execute.lto_priv.0
 .text.oslib_test_003_003_setup.lto_priv.0
                0x08001590       0x1c /tmp/ccIzIhOr.ltrans0.ltrans.o
                0x08001590                oslib_test_003_003_setup.lto_priv.0
 *fill*         0x080015ac        0x4 
 .text.oslib_test_003_002_setup
                0x080015b0       0x1c /tmp/ccIzIhOr.ltrans0.ltrans.o
                0x080015b0                oslib_test_003_002_setup.lto_priv.0
 *fill*         0x080015cc        0x4 
 .text.oslib_test_004_001_setup.lto_priv.0
                0x080015d0       0x38 /tmp/ccIzIhOr.ltrans0.ltrans.o
                0x080015d0                oslib_test_004_001_setup.lto_priv.0
 *fill*         0x08001608        0x8 
 .text.chSchDoRescheduleBehind
                0x08001610       0x40 /tmp/ccIzIhOr.ltrans0.ltrans.o
 .text.bmk_thread8
                0x08001650       0x8c /tmp/ccIzIhOr.ltrans0.ltrans.o
 *fill*         0x080016dc        0x4 
 .text.chThdExitS
                0x080016e0       0x74 /tmp/ccIzIhOr.ltrans0.ltrans.o
 *fill*         0x08001754        0xc 
 .text.bmk_thread3
                0x08001760        0xc /tmp/ccIzIhOr.ltrans0.ltrans.o
 *fill*         0x0800176c        0x4 
 .text.thread1.lto_priv.1
                0x08001770       0x7c /tmp/ccIzIhOr.ltrans0.ltrans.o
 *fill*         0x080017ec        0x4 
 .text.msg_thread1
                0x080017f0      0x184 /tmp/ccIzIhOr.ltrans0.ltrans.o
 *fill*         0x08001974        0xc 
 .text.bmk_thread4
                0x08001980       0x3c /tmp/ccIzIhOr.ltrans0.ltrans.o
 *fill*         0x080019bc        0x4 
 .text.bmk_thread7
                0x080019c0       0x6c /tmp/ccIzIhOr.ltrans0.ltrans.o
 *fill*         0x08001a2c        0x4 
 .text.dyn_create_object_pool.lto_priv.0
                0x08001a30       0x78 /tmp/ccIzIhOr.ltrans0.ltrans.o
                0x08001a30                dyn_create_object_pool.lto_priv.0
 *fill*         0x08001aa8        0x8 
 .text.rt_test_003_002_execute.lto_priv.0
                0x08001ab0      0x1f4 /tmp/ccIzIhOr.ltrans0.ltrans.o
                0x08001ab0                rt_test_003_002_execute.lto_priv.0
 *fill*         0x08001ca4        0xc 
 .text.rt_test_005_005_teardown
                0x08001cb0       0x24 /tmp/ccIzIhOr.ltrans0.ltrans.o
                0x08001cb0                rt_test_005_005_teardown.lto_priv.0
 *fill*         0x08001cd4        0xc 
 .text.rt_test_005_006_teardown.lto_priv.0
                0x08001ce0       0x24 /tmp/ccIzIhOr.ltrans0.ltrans.o
                0x08001ce0                rt_test_005_006_teardown.lto_priv.0
 *fill*         0x08001d04        0xc 
 .text.rt_test_006_004_teardown
                0x08001d10       0x24 /tmp/ccIzIhOr.ltrans0.ltrans.o
                0x08001d10                rt_test_006_004_teardown.lto_priv.0
 *fill*         0x08001d34        0xc 
 .text.rt_test_005_005_execute.lto_priv.0
                0x08001d40       0x98 /tmp/ccIzIhOr.ltrans0.ltrans.o
                0x08001d40                rt_test_005_005_execute.lto_priv.0
 *fill*         0x08001dd8        0x8 
 .text.rt_test_009_002_execute.lto_priv.0
                0x08001de0      0x1d4 /tmp/ccIzIhOr.ltrans0.ltrans.o
                0x08001de0                rt_test_009_002_execute.lto_priv.0
 *fill*         0x08001fb4        0xc 
 .text.oslib_test_001_003_teardown.lto_priv.0
                0x08001fc0        0x4 /tmp/ccIzIhOr.ltrans0.ltrans.o
                0x08001fc0                oslib_test_001_003_teardown.lto_priv.0
 *fill*         0x08001fc4        0xc 
 .text.oslib_test_001_001_teardown
                0x08001fd0        0x4 /tmp/ccIzIhOr.ltrans0.ltrans.o
                0x08001fd0                oslib_test_001_001_teardown.lto_priv.0
 *fill*         0x08001fd4        0xc 
 .text.oslib_test_001_002_teardown
                0x08001fe0        0x4 /tmp/ccIzIhOr.ltrans0.ltrans.o
                0x08001fe0                oslib_test_001_002_teardown.lto_priv.0
 *fill*         0x08001fe4        0xc 
 .text.oslib_test_001_003_execute.lto_priv.0
                0x08001ff0      0x134 /tmp/ccIzIhOr.ltrans0.ltrans.o
                0x08001ff0                oslib_test_001_003_execute.lto_priv.0
 *fill*         0x08002124        0xc 
 .text.oslib_test_002_002_execute.lto_priv.0
                0x08002130       0xb4 /tmp/ccIzIhOr.ltrans0.ltrans.o
                0x08002130                oslib_test_002_002_execute.lto_priv.0
 *fill*         0x080021e4        0xc 
 .text.oslib_test_003_003_execute.lto_priv.0
                0x080021f0       0x38 /tmp/ccIzIhOr.ltrans0.ltrans.o
                0x080021f0                oslib_test_003_003_execute.lto_priv.0
 *fill*         0x08002228        0x8 
 .text.__core_init
                0x08002230        0x4 /tmp/ccIzIhOr.ltrans0.ltrans.o
                0x08002230                __core_init
 *fill*         0x08002234        0xc 
 .text.__late_init
                0x08002240        0x4 /tmp/ccIzIhOr.ltrans0.ltrans.o
                0x08002240                __late_init
 *fill*         0x08002244        0xc 
 .text.__default_exit
                0x08002250        0x4 /tmp/ccIzIhOr.ltrans0.ltrans.o
                0x08002250                __default_exit
 *fill*         0x08002254        0xc 
 .text.__init_ram_areas
                0x08002260       0x54 /tmp/ccIzIhOr.ltrans0.ltrans.o
                0x08002260                __init_ram_areas
 *fill*         0x080022b4        0xc 
 .text.VectorB0
                0x080022c0      0x100 /tmp/ccIzIhOr.ltrans0.ltrans.o
                0x080022c0                VectorB0
 .text.VectorD8
                0x080023c0      0x254 /tmp/ccIzIhOr.ltrans0.ltrans.o
                0x080023c0                VectorD8
 *fill*         0x08002614        0xc 
 .text.__early_init
                0x08002620      0x28c /tmp/ccIzIhOr.ltrans0.ltrans.o
                0x08002620                __early_init
 *fill*         0x080028ac        0x4 
 .text.chVTDoSetI
                0x080028b0       0x8c /tmp/ccIzIhOr.ltrans0.ltrans.o
                0x080028b0                chVTDoSetI
 *fill*         0x0800293c        0x4 
 .text.chVTDoResetI
                0x08002940       0x70 /tmp/ccIzIhOr.ltrans0.ltrans.o
                0x08002940                chVTDoResetI
 .text.test_wait_tick
                0x080029b0       0x64 /tmp/ccIzIhOr.ltrans0.ltrans.o
 *fill*         0x08002a14        0xc 
 .text.rt_test_008_003_execute.lto_priv.0
                0x08002a20      0x138 /tmp/ccIzIhOr.ltrans0.ltrans.o
                0x08002a20                rt_test_008_003_execute.lto_priv.0
 *fill*         0x08002b58        0x8 
 .text.rt_test_008_004_execute.lto_priv.0
                0x08002b60      0x188 /tmp/ccIzIhOr.ltrans0.ltrans.o
                0x08002b60                rt_test_008_004_execute.lto_priv.0
 *fill*         0x08002ce8        0x8 
 .text.rt_test_008_005_execute.lto_priv.0
                0x08002cf0      0x174 /tmp/ccIzIhOr.ltrans0.ltrans.o
                0x08002cf0                rt_test_008_005_execute.lto_priv.0
 *fill*         0x08002e64        0xc 
 .text.chSchGoSleepTimeoutS
                0x08002e70       0x70 /tmp/ccIzIhOr.ltrans0.ltrans.o
                0x08002e70                chSchGoSleepTimeoutS
 .text.oqWriteTimeout
                0x08002ee0       0xe4 /tmp/ccIzIhOr.ltrans0.ltrans.o
 *fill*         0x08002fc4        0xc 
 .text._write.lto_priv.0
                0x08002fd0        0xc /tmp/ccIzIhOr.ltrans0.ltrans.o
                0x08002fd0                _write.lto_priv.0
 *fill*         0x08002fdc        0x4 
 .text._writet.lto_priv.0
                0x08002fe0        0x8 /tmp/ccIzIhOr.ltrans0.ltrans.o
                0x08002fe0                _writet.lto_priv.0
 *fill*         0x08002fe8        0x8 
 .text.iqGetTimeout
                0x08002ff0       0x70 /tmp/ccIzIhOr.ltrans0.ltrans.o
 .text._get.lto_priv.0
                0x08003060        0xc /tmp/ccIzIhOr.ltrans0.ltrans.o
                0x08003060                _get.lto_priv.0
 *fill*         0x0800306c        0x4 
 .text._gett.lto_priv.0
                0x08003070        0x8 /tmp/ccIzIhOr.ltrans0.ltrans.o
                0x08003070                _gett.lto_priv.0
 *fill*         0x08003078        0x8 
 .text.iqReadTimeout
                0x08003080       0xe4 /tmp/ccIzIhOr.ltrans0.ltrans.o
 *fill*         0x08003164        0xc 
 .text._read.lto_priv.0
                0x08003170        0xc /tmp/ccIzIhOr.ltrans0.ltrans.o
                0x08003170                _read.lto_priv.0
 *fill*         0x0800317c        0x4 
 .text._readt.lto_priv.0
                0x08003180        0x8 /tmp/ccIzIhOr.ltrans0.ltrans.o
                0x08003180                _readt.lto_priv.0
 *fill*         0x08003188        0x8 
 .text.oqPutTimeout
                0x08003190       0x70 /tmp/ccIzIhOr.ltrans0.ltrans.o
 .text._put.lto_priv.0
                0x08003200        0xc /tmp/ccIzIhOr.ltrans0.ltrans.o
                0x08003200                _put.lto_priv.0
 *fill*         0x0800320c        0x4 
 .text._putt.lto_priv.0
                0x08003210        0x8 /tmp/ccIzIhOr.ltrans0.ltrans.o
                0x08003210                _putt.lto_priv.0
 *fill*         0x08003218        0x8 
 .text.rt_test_003_001_execute.lto_priv.0
                0x08003220      0x100 /tmp/ccIzIhOr.ltrans0.ltrans.o
                0x08003220                rt_test_003_001_execute.lto_priv.0
 .text.rt_test_004_001_execute.lto_priv.0
                0x08003320      0x124 /tmp/ccIzIhOr.ltrans0.ltrans.o
                0x08003320                rt_test_004_001_execute.lto_priv.0
 *fill*         0x08003444        0xc 
 .text.rt_test_005_003_execute.lto_priv.0
                0x08003450      0x1e8 /tmp/ccIzIhOr.ltrans0.ltrans.o
                0x08003450                rt_test_005_003_execute.lto_priv.0
 *fill*         0x08003638        0x8 
 .text.rt_test_008_006_execute.lto_priv.0
                0x08003640      0x13c /tmp/ccIzIhOr.ltrans0.ltrans.o
                0x08003640                rt_test_008_006_execute.lto_priv.0
 *fill*         0x0800377c        0x4 
 .text.rt_test_008_007_execute.lto_priv.0
                0x08003780      0x200 /tmp/ccIzIhOr.ltrans0.ltrans.o
                0x08003780                rt_test_008_007_execute.lto_priv.0
 .text.msg_loop_test
                0x08003980      0x10c /tmp/ccIzIhOr.ltrans0.ltrans.o
 *fill*         0x08003a8c        0x4 
 .text.chSchWakeupS
                0x08003a90       0x5c /tmp/ccIzIhOr.ltrans0.ltrans.o
                0x08003a90                chSchWakeupS
 *fill*         0x08003aec        0x4 
 .text.thread3  0x08003af0       0x7c /tmp/ccIzIhOr.ltrans0.ltrans.o
 *fill*         0x08003b6c        0x4 
 .text.rt_test_005_002_execute.lto_priv.0
                0x08003b70      0x18c /tmp/ccIzIhOr.ltrans0.ltrans.o
                0x08003b70                rt_test_005_002_execute.lto_priv.0
 *fill*         0x08003cfc        0x4 
 .text.rt_test_006_009_execute.lto_priv.0
                0x08003d00       0xec /tmp/ccIzIhOr.ltrans0.ltrans.o
                0x08003d00                rt_test_006_009_execute.lto_priv.0
 *fill*         0x08003dec        0x4 
 .text.rt_test_007_001_execute.lto_priv.0
                0x08003df0       0xec /tmp/ccIzIhOr.ltrans0.ltrans.o
                0x08003df0                rt_test_007_001_execute.lto_priv.0
 *fill*         0x08003edc        0x4 
 .text.bmk_thread1
                0x08003ee0       0x70 /tmp/ccIzIhOr.ltrans0.ltrans.o
 .text.chSchDoRescheduleAhead
                0x08003f50       0x40 /tmp/ccIzIhOr.ltrans0.ltrans.o
                0x08003f50                chSchDoReschedule
                0x08003f50                chSchDoRescheduleAhead
 .text.vtcb     0x08003f90       0x50 /tmp/ccIzIhOr.ltrans0.ltrans.o
 .text.rt_test_002_002_execute.lto_priv.0
                0x08003fe0      0x140 /tmp/ccIzIhOr.ltrans0.ltrans.o
                0x08003fe0                rt_test_002_002_execute.lto_priv.0
 .text.rt_test_003_003_execute.lto_priv.0
                0x08004120       0xe8 /tmp/ccIzIhOr.ltrans0.ltrans.o
                0x08004120                rt_test_003_003_execute.lto_priv.0
 *fill*         0x08004208        0x8 
 .text.rt_test_003_004_execute.lto_priv.0
                0x08004210      0x140 /tmp/ccIzIhOr.ltrans0.ltrans.o
                0x08004210                rt_test_003_004_execute.lto_priv.0
 .text.thread1.lto_priv.0
                0x08004350       0x7c /tmp/ccIzIhOr.ltrans0.ltrans.o
 *fill*         0x080043cc        0x4 
 .text.thread2  0x080043d0       0x7c /tmp/ccIzIhOr.ltrans0.ltrans.o
 *fill*         0x0800444c        0x4 
 .text.thread4  0x08004450       0x68 /tmp/ccIzIhOr.ltrans0.ltrans.o
 *fill*         0x080044b8        0x8 
 .text.rt_test_005_001_teardown.lto_priv.0
                0x080044c0       0x94 /tmp/ccIzIhOr.ltrans0.ltrans.o
                0x080044c0                rt_test_005_001_teardown.lto_priv.0
 *fill*         0x08004554        0xc 
 .text.rt_test_005_001_execute.lto_priv.0
                0x08004560      0x1c8 /tmp/ccIzIhOr.ltrans0.ltrans.o
                0x08004560                rt_test_005_001_execute.lto_priv.0
 *fill*         0x08004728        0x8 
 .text.rt_test_005_004_execute.lto_priv.0
                0x08004730      0x104 /tmp/ccIzIhOr.ltrans0.ltrans.o
                0x08004730                rt_test_005_004_execute.lto_priv.0
 *fill*         0x08004834        0xc 
 .text.rt_test_005_006_execute.lto_priv.0
                0x08004840      0x348 /tmp/ccIzIhOr.ltrans0.ltrans.o
                0x08004840                rt_test_005_006_execute.lto_priv.0
 *fill*         0x08004b88        0x8 
 .text.rt_test_006_007_execute.lto_priv.0
                0x08004b90      0x1ac /tmp/ccIzIhOr.ltrans0.ltrans.o
                0x08004b90                rt_test_006_007_execute.lto_priv.0
 *fill*         0x08004d3c        0x4 
 .text.rt_test_006_008_execute.lto_priv.0
                0x08004d40      0x12c /tmp/ccIzIhOr.ltrans0.ltrans.o
                0x08004d40                rt_test_006_008_execute.lto_priv.0
 *fill*         0x08004e6c        0x4 
 .text.evt_thread3
                0x08004e70       0x88 /tmp/ccIzIhOr.ltrans0.ltrans.o
 *fill*         0x08004ef8        0x8 
 .text.evt_thread7
                0x08004f00       0x78 /tmp/ccIzIhOr.ltrans0.ltrans.o
 *fill*         0x08004f78        0x8 
 .text.oslib_test_003_002_execute.lto_priv.0
                0x08004f80      0x180 /tmp/ccIzIhOr.ltrans0.ltrans.o
                0x08004f80                oslib_test_003_002_execute.lto_priv.0
 .text.chThdCreateSuspendedI
                0x08005100       0x78 /tmp/ccIzIhOr.ltrans0.ltrans.o
                0x08005100                chThdCreateSuspendedI
 *fill*         0x08005178        0x8 
 .text.chThdExit
                0x08005180        0xc /tmp/ccIzIhOr.ltrans0.ltrans.o
                0x08005180                chThdExit
 *fill*         0x0800518c        0x4 
 .text.chTMStopMeasurementX
                0x08005190       0x44 /tmp/ccIzIhOr.ltrans0.ltrans.o
                0x08005190                chTMStopMeasurementX
 *fill*         0x080051d4        0xc 
 .text.chMtxLockS
                0x080051e0       0xdc /tmp/ccIzIhOr.ltrans0.ltrans.o
                0x080051e0                chMtxLockS
 *fill*         0x080052bc        0x4 
 .text.thread4B
                0x080052c0       0x54 /tmp/ccIzIhOr.ltrans0.ltrans.o
 *fill*         0x08005314        0xc 
 .text.chMtxUnlock
                0x08005320       0x8c /tmp/ccIzIhOr.ltrans0.ltrans.o
                0x08005320                chMtxUnlock
 *fill*         0x080053ac        0x4 
 .text.chHeapStatus
                0x080053b0       0x70 /tmp/ccIzIhOr.ltrans0.ltrans.o
 .text.chFactoryReleaseObject
                0x08005420       0x64 /tmp/ccIzIhOr.ltrans0.ltrans.o
 *fill*         0x08005484        0xc 
 .text.thread1.lto_priv.2
                0x08005490       0x48 /tmp/ccIzIhOr.ltrans0.ltrans.o
 *fill*         0x080054d8        0x8 
 .text.thread4A
                0x080054e0       0x70 /tmp/ccIzIhOr.ltrans0.ltrans.o
 .text.thread6  0x08005550       0xb0 /tmp/ccIzIhOr.ltrans0.ltrans.o
 .text.thread8  0x08005600       0xcc /tmp/ccIzIhOr.ltrans0.ltrans.o
 *fill*         0x080056cc        0x4 
 .text.thread9  0x080056d0       0x48 /tmp/ccIzIhOr.ltrans0.ltrans.o
 *fill*         0x08005718        0x8 
 .text.rt_test_006_001_execute.lto_priv.0
                0x08005720      0x110 /tmp/ccIzIhOr.ltrans0.ltrans.o
                0x08005720                rt_test_006_001_execute.lto_priv.0
 .text.rt_test_006_004_execute.lto_priv.0
                0x08005830      0x120 /tmp/ccIzIhOr.ltrans0.ltrans.o
                0x08005830                rt_test_006_004_execute.lto_priv.0
 .text.rt_test_009_001_execute.lto_priv.0
                0x08005950      0x204 /tmp/ccIzIhOr.ltrans0.ltrans.o
                0x08005950                rt_test_009_001_execute.lto_priv.0
 *fill*         0x08005b54        0xc 
 .text.oslib_test_005_001_teardown.lto_priv.0
                0x08005b60       0x68 /tmp/ccIzIhOr.ltrans0.ltrans.o
                0x08005b60                oslib_test_005_001_teardown.lto_priv.0
 *fill*         0x08005bc8        0x8 
 .text.chHeapFree
                0x08005bd0       0xa0 /tmp/ccIzIhOr.ltrans0.ltrans.o
                0x08005bd0                chHeapFree
 .text.chThdRelease.part.0
                0x08005c70       0x3c /tmp/ccIzIhOr.ltrans0.ltrans.o
                0x08005c70                chThdRelease.part.0
 *fill*         0x08005cac        0x4 
 .text.chFactoryReleaseBuffer
                0x08005cb0       0x50 /tmp/ccIzIhOr.ltrans0.ltrans.o
 .text.oslib_test_004_002_execute.lto_priv.0
                0x08005d00       0x90 /tmp/ccIzIhOr.ltrans0.ltrans.o
                0x08005d00                oslib_test_004_002_execute.lto_priv.0
 .text.oslib_test_005_002_teardown.lto_priv.0
                0x08005d90       0xac /tmp/ccIzIhOr.ltrans0.ltrans.o
                0x08005d90                oslib_test_005_002_teardown.lto_priv.0
 *fill*         0x08005e3c        0x4 
 .text.dyn_create_object_heap.lto_priv.0
                0x08005e40       0x54 /tmp/ccIzIhOr.ltrans0.ltrans.o
                0x08005e40                dyn_create_object_heap.lto_priv.0
 *fill*         0x08005e94        0xc 
 .text.chFactoryReleaseSemaphore
                0x08005ea0       0x64 /tmp/ccIzIhOr.ltrans0.ltrans.o
                0x08005ea0                chFactoryReleaseSemaphore
 *fill*         0x08005f04        0xc 
 .text.oslib_test_005_003_teardown.lto_priv.0
                0x08005f10       0x68 /tmp/ccIzIhOr.ltrans0.ltrans.o
                0x08005f10                oslib_test_005_003_teardown.lto_priv.0
 *fill*         0x08005f78        0x8 
 .text.chFactoryReleaseMailbox
                0x08005f80       0x50 /tmp/ccIzIhOr.ltrans0.ltrans.o
                0x08005f80                chFactoryReleaseMailbox
 .text.chFactoryReleaseObjectsFIFO
                0x08005fd0       0x50 /tmp/ccIzIhOr.ltrans0.ltrans.o
                0x08005fd0                chFactoryReleaseObjectsFIFO
 .text.chFactoryReleasePipe
                0x08006020       0x50 /tmp/ccIzIhOr.ltrans0.ltrans.o
                0x08006020                chFactoryReleasePipe
 .text.SVC_Handler
                0x08006070       0x14 /tmp/ccIzIhOr.ltrans0.ltrans.o
                0x08006070                SVC_Handler
 *fill*         0x08006084        0xc 
 .text.print_line.lto_priv.0
                0x08006090       0x2c /tmp/ccIzIhOr.ltrans0.ltrans.o
                0x08006090                print_line.lto_priv.0
 *fill*         0x080060bc        0x4 
 .text._test_assert
                0x080060c0       0x28 /tmp/ccIzIhOr.ltrans0.ltrans.o
                0x080060c0                _test_assert
 *fill*         0x080060e8        0x8 
 .text.rt_test_006_005_execute.lto_priv.0
                0x080060f0      0x1c4 /tmp/ccIzIhOr.ltrans0.ltrans.o
                0x080060f0                rt_test_006_005_execute.lto_priv.0
 *fill*         0x080062b4        0xc 
 .text.oslib_test_001_001_execute.lto_priv.0
                0x080062c0      0x364 /tmp/ccIzIhOr.ltrans0.ltrans.o
                0x080062c0                oslib_test_001_001_execute.lto_priv.0
 *fill*         0x08006624        0xc 
 .text.oslib_test_001_002_execute.lto_priv.0
                0x08006630      0x450 /tmp/ccIzIhOr.ltrans0.ltrans.o
                0x08006630                oslib_test_001_002_execute.lto_priv.0
 .text.oslib_test_002_001_execute.lto_priv.0
                0x08006a80      0x510 /tmp/ccIzIhOr.ltrans0.ltrans.o
                0x08006a80                oslib_test_002_001_execute.lto_priv.0
 .text.oslib_test_004_001_execute.lto_priv.0
                0x08006f90      0x428 /tmp/ccIzIhOr.ltrans0.ltrans.o
                0x08006f90                oslib_test_004_001_execute.lto_priv.0
 *fill*         0x080073b8        0x8 
 .text.oslib_test_005_001_execute.lto_priv.0
                0x080073c0      0x1f0 /tmp/ccIzIhOr.ltrans0.ltrans.o
                0x080073c0                oslib_test_005_001_execute.lto_priv.0
 .text.oslib_test_005_002_execute.lto_priv.0
                0x080075b0      0x1bc /tmp/ccIzIhOr.ltrans0.ltrans.o
                0x080075b0                oslib_test_005_002_execute.lto_priv.0
 *fill*         0x0800776c        0x4 
 .text.test_println
                0x08007770       0x38 /tmp/ccIzIhOr.ltrans0.ltrans.o
                0x08007770                test_println
 *fill*         0x080077a8        0x8 
 .text.test_printn.part.0
                0x080077b0       0x4c /tmp/ccIzIhOr.ltrans0.ltrans.o
                0x080077b0                test_printn.part.0
 *fill*         0x080077fc        0x4 
 .text.rt_test_001_001_execute.lto_priv.0
                0x08007800      0x110 /tmp/ccIzIhOr.ltrans0.ltrans.o
                0x08007800                rt_test_001_001_execute.lto_priv.0
 .text.rt_test_001_002_execute.lto_priv.0
                0x08007910       0xdc /tmp/ccIzIhOr.ltrans0.ltrans.o
                0x08007910                rt_test_001_002_execute.lto_priv.0
 *fill*         0x080079ec        0x4 
 .text.rt_test_001_003_execute.lto_priv.0
                0x080079f0      0x690 /tmp/ccIzIhOr.ltrans0.ltrans.o
                0x080079f0                rt_test_001_003_execute.lto_priv.0
 .text.rt_test_010_001_execute.lto_priv.0
                0x08008080       0xd0 /tmp/ccIzIhOr.ltrans0.ltrans.o
                0x08008080                rt_test_010_001_execute.lto_priv.0
 .text.rt_test_010_002_execute.lto_priv.0
                0x08008150       0xd0 /tmp/ccIzIhOr.ltrans0.ltrans.o
                0x08008150                rt_test_010_002_execute.lto_priv.0
 .text.rt_test_010_003_execute.lto_priv.0
                0x08008220      0x134 /tmp/ccIzIhOr.ltrans0.ltrans.o
                0x08008220                rt_test_010_003_execute.lto_priv.0
 *fill*         0x08008354        0xc 
 .text.rt_test_010_004_execute.lto_priv.0
                0x08008360      0x124 /tmp/ccIzIhOr.ltrans0.ltrans.o
                0x08008360                rt_test_010_004_execute.lto_priv.0
 *fill*         0x08008484        0xc 
 .text.rt_test_010_005_execute.lto_priv.0
                0x08008490       0xc0 /tmp/ccIzIhOr.ltrans0.ltrans.o
                0x08008490                rt_test_010_005_execute.lto_priv.0
 .text.rt_test_010_006_execute.lto_priv.0
                0x08008550       0xe4 /tmp/ccIzIhOr.ltrans0.ltrans.o
                0x08008550                rt_test_010_006_execute.lto_priv.0
 *fill*         0x08008634        0xc 
 .text.rt_test_010_007_execute.lto_priv.0
                0x08008640      0x2a0 /tmp/ccIzIhOr.ltrans0.ltrans.o
                0x08008640                rt_test_010_007_execute.lto_priv.0
 .text.rt_test_010_008_execute.lto_priv.0
                0x080088e0      0x150 /tmp/ccIzIhOr.ltrans0.ltrans.o
                0x080088e0                rt_test_010_008_execute.lto_priv.0
 .text.rt_test_010_009_execute.lto_priv.0
                0x08008a30       0xdc /tmp/ccIzIhOr.ltrans0.ltrans.o
                0x08008a30                rt_test_010_009_execute.lto_priv.0
 *fill*         0x08008b0c        0x4 
 .text.rt_test_010_010_execute.lto_priv.0
                0x08008b10      0x228 /tmp/ccIzIhOr.ltrans0.ltrans.o
                0x08008b10                rt_test_010_010_execute.lto_priv.0
 *fill*         0x08008d38        0x8 
 .text.rt_test_010_011_execute.lto_priv.0
                0x08008d40       0xf0 /tmp/ccIzIhOr.ltrans0.ltrans.o
                0x08008d40                rt_test_010_011_execute.lto_priv.0
 .text.rt_test_010_012_execute.lto_priv.0
                0x08008e30      0x180 /tmp/ccIzIhOr.ltrans0.ltrans.o
                0x08008e30                rt_test_010_012_execute.lto_priv.0
 .text.chTMStartMeasurementX.constprop.0
                0x08008fb0        0xc /tmp/ccIzIhOr.ltrans1.ltrans.o
 *fill*         0x08008fbc        0x4 
 .text._pal_lld_setgroupmode.constprop.0
                0x08008fc0       0x98 /tmp/ccIzIhOr.ltrans1.ltrans.o
 *fill*         0x08009058        0x8 
 .text.chFactoryFindPipe.constprop.0
                0x08009060       0x60 /tmp/ccIzIhOr.ltrans1.ltrans.o
 .text.chFactoryFindObjectsFIFO.constprop.0
                0x080090c0       0x60 /tmp/ccIzIhOr.ltrans1.ltrans.o
 .text.chFactoryFindMailbox.constprop.0
                0x08009120       0x60 /tmp/ccIzIhOr.ltrans1.ltrans.o
 .text.chFactoryFindSemaphore.constprop.0
                0x08009180       0x60 /tmp/ccIzIhOr.ltrans1.ltrans.o
                0x08009180                chFactoryFindSemaphore.constprop.0
 .text.oslib_test_005_004_teardown
                0x080091e0       0xac /tmp/ccIzIhOr.ltrans1.ltrans.o
 *fill*         0x0800928c        0x4 
 .text.oslib_test_005_005_teardown
                0x08009290       0xac /tmp/ccIzIhOr.ltrans1.ltrans.o
 *fill*         0x0800933c        0x4 
 .text.oslib_test_005_006_teardown
                0x08009340       0xac /tmp/ccIzIhOr.ltrans1.ltrans.o
 *fill*         0x080093ec        0x4 
 .text.oslib_test_005_004_execute
                0x080093f0      0x1f8 /tmp/ccIzIhOr.ltrans1.ltrans.o
 *fill*         0x080095e8        0x8 
 .text.chFactoryCreatePipe.constprop.0
                0x080095f0       0x70 /tmp/ccIzIhOr.ltrans1.ltrans.o
 .text.oslib_test_005_006_execute
                0x08009660      0x154 /tmp/ccIzIhOr.ltrans1.ltrans.o
 *fill*         0x080097b4        0xc 
 .text.Thread1  0x080097c0       0xb8 /tmp/ccIzIhOr.ltrans1.ltrans.o
 *fill*         0x08009878        0x8 
 .text.chFactoryCreateObjectsFIFO.constprop.0
                0x08009880      0x104 /tmp/ccIzIhOr.ltrans1.ltrans.o
 *fill*         0x08009984        0xc 
 .text.oslib_test_005_005_execute
                0x08009990      0x154 /tmp/ccIzIhOr.ltrans1.ltrans.o
 *fill*         0x08009ae4        0xc 
 .text.chFactoryCreateSemaphore.constprop.0
                0x08009af0       0xac /tmp/ccIzIhOr.ltrans1.ltrans.o
 *fill*         0x08009b9c        0x4 
 .text.oslib_test_005_003_execute
                0x08009ba0      0x15c /tmp/ccIzIhOr.ltrans1.ltrans.o
 *fill*         0x08009cfc        0x4 
 .text.test_execute.constprop.0.isra.0
                0x08009d00      0x4b4 /tmp/ccIzIhOr.ltrans1.ltrans.o
 *fill*         0x0800a1b4        0xc 
 .text.chFactoryFindBuffer.constprop.0
                0x0800a1c0       0x60 /tmp/ccIzIhOr.ltrans1.ltrans.o
                0x0800a1c0                chFactoryFindBuffer.constprop.0
 .text.chFactoryFindObject.constprop.0
                0x0800a220       0x60 /tmp/ccIzIhOr.ltrans1.ltrans.o
                0x0800a220                chFactoryFindObject.constprop.0
 .text.chPipeReadTimeout.part.0.constprop.0
                0x0800a280       0xdc /tmp/ccIzIhOr.ltrans1.ltrans.o
                0x0800a280                chPipeReadTimeout.part.0.constprop.0
 *fill*         0x0800a35c        0x4 
 .text.chPipeWriteTimeout.part.0.constprop.0
                0x0800a360       0xe4 /tmp/ccIzIhOr.ltrans1.ltrans.o
                0x0800a360                chPipeWriteTimeout.part.0.constprop.0
 *fill*         0x0800a444        0xc 
 .text.chGuardedPoolAllocTimeout.constprop.0
                0x0800a450       0x6c /tmp/ccIzIhOr.ltrans1.ltrans.o
                0x0800a450                chGuardedPoolAllocTimeout.constprop.0
 *fill*         0x0800a4bc        0x4 
 .text.chMBFetchI.constprop.0
                0x0800a4c0       0x70 /tmp/ccIzIhOr.ltrans1.ltrans.o
                0x0800a4c0                chMBFetchI.constprop.0
 .text.chMBFetchTimeout.constprop.0
                0x0800a530       0xbc /tmp/ccIzIhOr.ltrans1.ltrans.o
                0x0800a530                chMBFetchTimeout.constprop.0
 *fill*         0x0800a5ec        0x4 
 .text.chMBPostAheadI.constprop.0
                0x0800a5f0       0x74 /tmp/ccIzIhOr.ltrans1.ltrans.o
                0x0800a5f0                chMBPostAheadI.constprop.0
 *fill*         0x0800a664        0xc 
 .text.chMBPostAheadTimeout.constprop.0
                0x0800a670       0xc4 /tmp/ccIzIhOr.ltrans1.ltrans.o
                0x0800a670                chMBPostAheadTimeout.constprop.0
 *fill*         0x0800a734        0xc 
 .text.chMBPostTimeout.constprop.0
                0x0800a740       0xc4 /tmp/ccIzIhOr.ltrans1.ltrans.o
                0x0800a740                chMBPostTimeout.constprop.0
 *fill*         0x0800a804        0xc 
 .text.chMBReset.constprop.0
                0x0800a810       0xec /tmp/ccIzIhOr.ltrans1.ltrans.o
                0x0800a810                chMBReset.constprop.0
 *fill*         0x0800a8fc        0x4 
 .text.chThdCreateFromMemoryPool.constprop.0
                0x0800a900       0x84 /tmp/ccIzIhOr.ltrans1.ltrans.o
                0x0800a900                chThdCreateFromMemoryPool.constprop.0
 *fill*         0x0800a984        0xc 
 .text.chHeapAllocAligned.constprop.0
                0x0800a990       0xf8 /tmp/ccIzIhOr.ltrans1.ltrans.o
                0x0800a990                chHeapAllocAligned.constprop.0
 *fill*         0x0800aa88        0x8 
 .text.chThdCreateFromHeap.constprop.0
                0x0800aa90       0x5c /tmp/ccIzIhOr.ltrans1.ltrans.o
                0x0800aa90                chThdCreateFromHeap.constprop.0
 *fill*         0x0800aaec        0x4 
 .text.chEvtWaitOne.constprop.0
                0x0800aaf0       0x4c /tmp/ccIzIhOr.ltrans1.ltrans.o
                0x0800aaf0                chEvtWaitOne.constprop.0
 *fill*         0x0800ab3c        0x4 
 .text.chThdCreateStatic.constprop.0
                0x0800ab40       0x80 /tmp/ccIzIhOr.ltrans1.ltrans.o
                0x0800ab40                chThdCreateStatic.constprop.0
 .text.startup.main
                0x0800abc0      0x428 /tmp/ccIzIhOr.ltrans1.ltrans.o
                0x0800abc0                main
 *fill*         0x0800afe8        0x8 
 .text.chSemSignalWait.constprop.0.isra.0
                0x0800aff0       0x98 /tmp/ccIzIhOr.ltrans1.ltrans.o
                0x0800aff0                chSemSignalWait.constprop.0.isra.0
 *fill*         0x0800b088        0x8 
 .text.chThdWait.isra.0
                0x0800b090       0x6c /tmp/ccIzIhOr.ltrans1.ltrans.o
                0x0800b090                chThdWait.isra.0
 *(.glue_7t)
 .glue_7t       0x0800b0fc        0x0 linker stubs
 *(.glue_7)
 .glue_7        0x0800b0fc        0x0 linker stubs
 *(.gcc*)
                0x0800b0fc                        __text_end = .

.vfp11_veneer   0x0800b0fc        0x0
 .vfp11_veneer  0x0800b0fc        0x0 linker stubs

.v4_bx          0x0800b0fc        0x0
 .v4_bx         0x0800b0fc        0x0 linker stubs

.iplt           0x0800b0fc        0x0
 .iplt          0x0800b0fc        0x0 ./build/obj/crt0_v7m.o

.rodata         0x0800b0fc     0x22c8
                0x0800b0fc                        __rodata_base__ = .
 *(.rodata)
 *(.rodata.*)
 .rodata.rt_test_002_001_execute.lto_priv.0.str1.4
                0x0800b0fc     0x1bda /tmp/ccIzIhOr.ltrans0.ltrans.o
                                 0x57 (size before relaxing)
 .rodata.rt_test_008_001_execute.lto_priv.0.str1.4
                0x0800ccd6       0x1b /tmp/ccIzIhOr.ltrans0.ltrans.o
 .rodata.rt_test_008_002_execute.lto_priv.0.str1.4
                0x0800ccd6       0x18 /tmp/ccIzIhOr.ltrans0.ltrans.o
 .rodata.oslib_test_003_001_execute.lto_priv.0.str1.4
                0x0800ccd6       0x35 /tmp/ccIzIhOr.ltrans0.ltrans.o
 .rodata.rt_test_003_002_execute.lto_priv.0.str1.4
                0x0800ccd6       0x1a /tmp/ccIzIhOr.ltrans0.ltrans.o
 .rodata.rt_test_005_005_execute.lto_priv.0.str1.4
                0x0800ccd6       0x21 /tmp/ccIzIhOr.ltrans0.ltrans.o
 .rodata.rt_test_009_002_execute.lto_priv.0.str1.4
                0x0800ccd6       0x88 /tmp/ccIzIhOr.ltrans0.ltrans.o
 .rodata.oslib_test_001_003_execute.lto_priv.0.str1.4
                0x0800ccd6       0x16 /tmp/ccIzIhOr.ltrans0.ltrans.o
 .rodata.oslib_test_002_002_execute.lto_priv.0.str1.4
                0x0800ccd6       0x1f /tmp/ccIzIhOr.ltrans0.ltrans.o
 .rodata.rt_test_008_003_execute.lto_priv.0.str1.4
                0x0800ccd6       0x45 /tmp/ccIzIhOr.ltrans0.ltrans.o
 .rodata.rt_test_008_004_execute.lto_priv.0.str1.4
                0x0800ccd6       0x17 /tmp/ccIzIhOr.ltrans0.ltrans.o
 .rodata.rt_test_004_001_execute.lto_priv.0.str1.4
                0x0800ccd6       0x23 /tmp/ccIzIhOr.ltrans0.ltrans.o
 .rodata.rt_test_008_006_execute.lto_priv.0.str1.4
                0x0800ccd6        0xf /tmp/ccIzIhOr.ltrans0.ltrans.o
 .rodata.rt_test_002_002_execute.lto_priv.0.str1.4
                0x0800ccd6       0x12 /tmp/ccIzIhOr.ltrans0.ltrans.o
 .rodata.rt_test_003_003_execute.lto_priv.0.str1.4
                0x0800ccd6       0x3e /tmp/ccIzIhOr.ltrans0.ltrans.o
 .rodata.rt_test_003_004_execute.lto_priv.0.str1.4
                0x0800ccd6       0x47 /tmp/ccIzIhOr.ltrans0.ltrans.o
 .rodata.rt_test_005_001_execute.lto_priv.0.str1.4
                0x0800ccd6       0x14 /tmp/ccIzIhOr.ltrans0.ltrans.o
 .rodata.rt_test_005_004_execute.lto_priv.0.str1.4
                0x0800ccd6       0x10 /tmp/ccIzIhOr.ltrans0.ltrans.o
 .rodata.rt_test_005_006_execute.lto_priv.0.str1.4
                0x0800ccd6       0x46 /tmp/ccIzIhOr.ltrans0.ltrans.o
 .rodata.rt_test_006_001_execute.lto_priv.0.str1.4
                0x0800ccd6       0x15 /tmp/ccIzIhOr.ltrans0.ltrans.o
 .rodata.rt_test_009_001_execute.lto_priv.0.str1.4
                0x0800ccd6       0x66 /tmp/ccIzIhOr.ltrans0.ltrans.o
 .rodata.oslib_test_005_001_teardown.lto_priv.0.str1.4
                0x0800ccd6        0x6 /tmp/ccIzIhOr.ltrans0.ltrans.o
 .rodata.oslib_test_004_002_execute.lto_priv.0.str1.4
                0x0800ccd6       0x2a /tmp/ccIzIhOr.ltrans0.ltrans.o
 .rodata.oslib_test_005_002_teardown.lto_priv.0.str1.4
                0x0800ccd6        0x6 /tmp/ccIzIhOr.ltrans0.ltrans.o
 .rodata.oslib_test_005_003_teardown.lto_priv.0.str1.4
                0x0800ccd6        0x6 /tmp/ccIzIhOr.ltrans0.ltrans.o
 .rodata.print_line.lto_priv.0.str1.4
                0x0800ccd6        0x3 /tmp/ccIzIhOr.ltrans0.ltrans.o
 .rodata.rt_test_006_005_execute.lto_priv.0.str1.4
                0x0800ccd6       0x28 /tmp/ccIzIhOr.ltrans0.ltrans.o
 .rodata.oslib_test_001_001_execute.lto_priv.0.str1.4
                0x0800ccd6       0xb7 /tmp/ccIzIhOr.ltrans0.ltrans.o
 .rodata.oslib_test_002_001_execute.lto_priv.0.str1.4
                0x0800ccd6       0x1d /tmp/ccIzIhOr.ltrans0.ltrans.o
 .rodata.oslib_test_004_001_execute.lto_priv.0.str1.4
                0x0800ccd6       0x49 /tmp/ccIzIhOr.ltrans0.ltrans.o
 .rodata.oslib_test_005_001_execute.lto_priv.0.str1.4
                0x0800ccd6       0x74 /tmp/ccIzIhOr.ltrans0.ltrans.o
 .rodata.oslib_test_005_002_execute.lto_priv.0.str1.4
                0x0800ccd6       0x1b /tmp/ccIzIhOr.ltrans0.ltrans.o
 .rodata.rt_test_001_001_execute.lto_priv.0.str1.4
                0x0800ccd6      0x179 /tmp/ccIzIhOr.ltrans0.ltrans.o
 .rodata.rt_test_001_002_execute.lto_priv.0.str1.4
                0x0800ccd6      0x116 /tmp/ccIzIhOr.ltrans0.ltrans.o
 .rodata.rt_test_001_003_execute.lto_priv.0.str1.4
                0x0800ccd6      0x78d /tmp/ccIzIhOr.ltrans0.ltrans.o
 .rodata.rt_test_010_001_execute.lto_priv.0.str1.4
                0x0800ccd6       0x26 /tmp/ccIzIhOr.ltrans0.ltrans.o
 .rodata.rt_test_010_005_execute.lto_priv.0.str1.4
                0x0800ccd6        0xb /tmp/ccIzIhOr.ltrans0.ltrans.o
 .rodata.rt_test_010_007_execute.lto_priv.0.str1.4
                0x0800ccd6       0x11 /tmp/ccIzIhOr.ltrans0.ltrans.o
 .rodata.rt_test_010_009_execute.lto_priv.0.str1.4
                0x0800ccd6        0xa /tmp/ccIzIhOr.ltrans0.ltrans.o
 .rodata.rt_test_010_010_execute.lto_priv.0.str1.4
                0x0800ccd6        0xf /tmp/ccIzIhOr.ltrans0.ltrans.o
 .rodata.rt_test_010_011_execute.lto_priv.0.str1.4
                0x0800ccd6        0xf /tmp/ccIzIhOr.ltrans0.ltrans.o
 .rodata.rt_test_010_012_execute.lto_priv.0.str1.4
                0x0800ccd6       0x97 /tmp/ccIzIhOr.ltrans0.ltrans.o
 *fill*         0x0800ccd6        0x2 
 .rodata.pipe_pattern.lto_priv.0
                0x0800ccd8       0x11 /tmp/ccIzIhOr.ltrans0.ltrans.o
                0x0800ccd8                pipe_pattern.lto_priv.0
 *fill*         0x0800cce9        0x3 
 .rodata.evhndl
                0x0800ccec        0xc /tmp/ccIzIhOr.ltrans0.ltrans.o
 .rodata.wa     0x0800ccf8       0x14 /tmp/ccIzIhOr.ltrans0.ltrans.o
 .rodata.ram_areas
                0x0800cd0c       0x80 /tmp/ccIzIhOr.ltrans0.ltrans.o
 .rodata.chFactoryFindPipe.constprop.0.str1.4
                0x0800cd8c        0x7 /tmp/ccIzIhOr.ltrans1.ltrans.o
 .rodata.chFactoryFindObjectsFIFO.constprop.0.str1.4
                0x0800cd8c        0x7 /tmp/ccIzIhOr.ltrans1.ltrans.o
 .rodata.chFactoryFindMailbox.constprop.0.str1.4
                0x0800cd8c        0x6 /tmp/ccIzIhOr.ltrans1.ltrans.o
 .rodata.chFactoryFindSemaphore.constprop.0.str1.4
                0x0800cd8c        0x6 /tmp/ccIzIhOr.ltrans1.ltrans.o
 .rodata.oslib_test_005_004_execute.str1.4
                0x0800cd8c       0x60 /tmp/ccIzIhOr.ltrans1.ltrans.o
 .rodata.Thread1.str1.4
                0x0800cd8c        0x8 /tmp/ccIzIhOr.ltrans1.ltrans.o
 .rodata.test_execute.constprop.0.isra.0.str1.4
                0x0800cd8c      0x194 /tmp/ccIzIhOr.ltrans1.ltrans.o
 .rodata.chFactoryFindBuffer.constprop.0.str1.4
                0x0800cd8c        0x6 /tmp/ccIzIhOr.ltrans1.ltrans.o
 .rodata.chFactoryFindObject.constprop.0.str1.4
                0x0800cd8c        0x6 /tmp/ccIzIhOr.ltrans1.ltrans.o
 .rodata.chThdCreateStatic.constprop.0.str1.4
                0x0800cd8c        0x7 /tmp/ccIzIhOr.ltrans1.ltrans.o
 .rodata.str1.4
                0x0800cd8c      0x91a /tmp/ccIzIhOr.ltrans1.ltrans.o
 .rodata.oslib_test_005_006
                0x0800cd8c       0x10 /tmp/ccIzIhOr.ltrans1.ltrans.o
 .rodata.oslib_test_005_005
                0x0800cd9c       0x10 /tmp/ccIzIhOr.ltrans1.ltrans.o
 .rodata.oslib_test_005_004
                0x0800cdac       0x10 /tmp/ccIzIhOr.ltrans1.ltrans.o
 .rodata.oslib_test_005_003
                0x0800cdbc       0x10 /tmp/ccIzIhOr.ltrans1.ltrans.o
 .rodata.oslib_test_005_002
                0x0800cdcc       0x10 /tmp/ccIzIhOr.ltrans1.ltrans.o
 .rodata.oslib_test_005_001
                0x0800cddc       0x10 /tmp/ccIzIhOr.ltrans1.ltrans.o
 .rodata.oslib_test_004_002
                0x0800cdec       0x10 /tmp/ccIzIhOr.ltrans1.ltrans.o
 .rodata.oslib_test_004_001
                0x0800cdfc       0x10 /tmp/ccIzIhOr.ltrans1.ltrans.o
 .rodata.oslib_test_003_003
                0x0800ce0c       0x10 /tmp/ccIzIhOr.ltrans1.ltrans.o
 .rodata.oslib_test_003_002
                0x0800ce1c       0x10 /tmp/ccIzIhOr.ltrans1.ltrans.o
 .rodata.oslib_test_003_001
                0x0800ce2c       0x10 /tmp/ccIzIhOr.ltrans1.ltrans.o
 .rodata.oslib_test_002_002
                0x0800ce3c       0x10 /tmp/ccIzIhOr.ltrans1.ltrans.o
 .rodata.oslib_test_002_001
                0x0800ce4c       0x10 /tmp/ccIzIhOr.ltrans1.ltrans.o
 .rodata.oslib_test_001_003
                0x0800ce5c       0x10 /tmp/ccIzIhOr.ltrans1.ltrans.o
 .rodata.oslib_test_001_002
                0x0800ce6c       0x10 /tmp/ccIzIhOr.ltrans1.ltrans.o
 .rodata.oslib_test_001_001
                0x0800ce7c       0x10 /tmp/ccIzIhOr.ltrans1.ltrans.o
 .rodata.rt_test_010_012
                0x0800ce8c       0x10 /tmp/ccIzIhOr.ltrans1.ltrans.o
 .rodata.rt_test_010_011
                0x0800ce9c       0x10 /tmp/ccIzIhOr.ltrans1.ltrans.o
 .rodata.rt_test_010_010
                0x0800ceac       0x10 /tmp/ccIzIhOr.ltrans1.ltrans.o
 .rodata.rt_test_010_009
                0x0800cebc       0x10 /tmp/ccIzIhOr.ltrans1.ltrans.o
 .rodata.rt_test_010_008
                0x0800cecc       0x10 /tmp/ccIzIhOr.ltrans1.ltrans.o
 .rodata.rt_test_010_007
                0x0800cedc       0x10 /tmp/ccIzIhOr.ltrans1.ltrans.o
 .rodata.rt_test_010_006
                0x0800ceec       0x10 /tmp/ccIzIhOr.ltrans1.ltrans.o
 .rodata.rt_test_010_005
                0x0800cefc       0x10 /tmp/ccIzIhOr.ltrans1.ltrans.o
 .rodata.rt_test_010_004
                0x0800cf0c       0x10 /tmp/ccIzIhOr.ltrans1.ltrans.o
 .rodata.rt_test_010_003
                0x0800cf1c       0x10 /tmp/ccIzIhOr.ltrans1.ltrans.o
 .rodata.rt_test_010_002
                0x0800cf2c       0x10 /tmp/ccIzIhOr.ltrans1.ltrans.o
 .rodata.rt_test_010_001
                0x0800cf3c       0x10 /tmp/ccIzIhOr.ltrans1.ltrans.o
 .rodata.rt_test_009_002
                0x0800cf4c       0x10 /tmp/ccIzIhOr.ltrans1.ltrans.o
 .rodata.rt_test_009_001
                0x0800cf5c       0x10 /tmp/ccIzIhOr.ltrans1.ltrans.o
 .rodata.rt_test_008_007
                0x0800cf6c       0x10 /tmp/ccIzIhOr.ltrans1.ltrans.o
 .rodata.rt_test_008_006
                0x0800cf7c       0x10 /tmp/ccIzIhOr.ltrans1.ltrans.o
 .rodata.rt_test_008_005
                0x0800cf8c       0x10 /tmp/ccIzIhOr.ltrans1.ltrans.o
 .rodata.rt_test_008_004
                0x0800cf9c       0x10 /tmp/ccIzIhOr.ltrans1.ltrans.o
 .rodata.rt_test_008_003
                0x0800cfac       0x10 /tmp/ccIzIhOr.ltrans1.ltrans.o
 .rodata.rt_test_008_002
                0x0800cfbc       0x10 /tmp/ccIzIhOr.ltrans1.ltrans.o
 .rodata.rt_test_008_001
                0x0800cfcc       0x10 /tmp/ccIzIhOr.ltrans1.ltrans.o
 .rodata.rt_test_007_001
                0x0800cfdc       0x10 /tmp/ccIzIhOr.ltrans1.ltrans.o
 .rodata.rt_test_006_009
                0x0800cfec       0x10 /tmp/ccIzIhOr.ltrans1.ltrans.o
 .rodata.rt_test_006_008
                0x0800cffc       0x10 /tmp/ccIzIhOr.ltrans1.ltrans.o
 .rodata.rt_test_006_007
                0x0800d00c       0x10 /tmp/ccIzIhOr.ltrans1.ltrans.o
 .rodata.rt_test_006_005
                0x0800d01c       0x10 /tmp/ccIzIhOr.ltrans1.ltrans.o
 .rodata.rt_test_006_004
                0x0800d02c       0x10 /tmp/ccIzIhOr.ltrans1.ltrans.o
 .rodata.rt_test_006_001
                0x0800d03c       0x10 /tmp/ccIzIhOr.ltrans1.ltrans.o
 .rodata.rt_test_005_006
                0x0800d04c       0x10 /tmp/ccIzIhOr.ltrans1.ltrans.o
 .rodata.rt_test_005_005
                0x0800d05c       0x10 /tmp/ccIzIhOr.ltrans1.ltrans.o
 .rodata.rt_test_005_004
                0x0800d06c       0x10 /tmp/ccIzIhOr.ltrans1.ltrans.o
 .rodata.rt_test_005_003
                0x0800d07c       0x10 /tmp/ccIzIhOr.ltrans1.ltrans.o
 .rodata.rt_test_005_002
                0x0800d08c       0x10 /tmp/ccIzIhOr.ltrans1.ltrans.o
 .rodata.rt_test_005_001
                0x0800d09c       0x10 /tmp/ccIzIhOr.ltrans1.ltrans.o
 .rodata.rt_test_004_001
                0x0800d0ac       0x10 /tmp/ccIzIhOr.ltrans1.ltrans.o
 .rodata.rt_test_003_004
                0x0800d0bc       0x10 /tmp/ccIzIhOr.ltrans1.ltrans.o
 .rodata.rt_test_003_003
                0x0800d0cc       0x10 /tmp/ccIzIhOr.ltrans1.ltrans.o
 .rodata.rt_test_003_002
                0x0800d0dc       0x10 /tmp/ccIzIhOr.ltrans1.ltrans.o
 .rodata.rt_test_003_001
                0x0800d0ec       0x10 /tmp/ccIzIhOr.ltrans1.ltrans.o
 .rodata.rt_test_002_004
                0x0800d0fc       0x10 /tmp/ccIzIhOr.ltrans1.ltrans.o
 .rodata.rt_test_002_003
                0x0800d10c       0x10 /tmp/ccIzIhOr.ltrans1.ltrans.o
 .rodata.rt_test_002_002
                0x0800d11c       0x10 /tmp/ccIzIhOr.ltrans1.ltrans.o
 .rodata.rt_test_002_001
                0x0800d12c       0x10 /tmp/ccIzIhOr.ltrans1.ltrans.o
 .rodata.rt_test_001_003
                0x0800d13c       0x10 /tmp/ccIzIhOr.ltrans1.ltrans.o
 .rodata.rt_test_001_002
                0x0800d14c       0x10 /tmp/ccIzIhOr.ltrans1.ltrans.o
 .rodata.rt_test_001_001
                0x0800d15c       0x10 /tmp/ccIzIhOr.ltrans1.ltrans.o
 .rodata.oslib_test_sequence_005_array
                0x0800d16c       0x1c /tmp/ccIzIhOr.ltrans1.ltrans.o
 .rodata.oslib_test_sequence_004_array
                0x0800d188        0xc /tmp/ccIzIhOr.ltrans1.ltrans.o
 .rodata.oslib_test_sequence_003_array
                0x0800d194       0x10 /tmp/ccIzIhOr.ltrans1.ltrans.o
 .rodata.oslib_test_sequence_002_array
                0x0800d1a4        0xc /tmp/ccIzIhOr.ltrans1.ltrans.o
 .rodata.oslib_test_sequence_001_array
                0x0800d1b0       0x10 /tmp/ccIzIhOr.ltrans1.ltrans.o
 .rodata.rt_test_sequence_010_array
                0x0800d1c0       0x34 /tmp/ccIzIhOr.ltrans1.ltrans.o
 .rodata.rt_test_sequence_009_array
                0x0800d1f4        0xc /tmp/ccIzIhOr.ltrans1.ltrans.o
 .rodata.rt_test_sequence_008_array
                0x0800d200       0x20 /tmp/ccIzIhOr.ltrans1.ltrans.o
 .rodata.rt_test_sequence_007_array
                0x0800d220        0x8 /tmp/ccIzIhOr.ltrans1.ltrans.o
 .rodata.rt_test_sequence_006_array
                0x0800d228       0x1c /tmp/ccIzIhOr.ltrans1.ltrans.o
 .rodata.rt_test_sequence_005_array
                0x0800d244       0x1c /tmp/ccIzIhOr.ltrans1.ltrans.o
 .rodata.rt_test_sequence_004_array
                0x0800d260        0x8 /tmp/ccIzIhOr.ltrans1.ltrans.o
 .rodata.rt_test_sequence_003_array
                0x0800d268       0x14 /tmp/ccIzIhOr.ltrans1.ltrans.o
 .rodata.rt_test_sequence_002_array
                0x0800d27c       0x14 /tmp/ccIzIhOr.ltrans1.ltrans.o
 .rodata.rt_test_sequence_001_array
                0x0800d290       0x10 /tmp/ccIzIhOr.ltrans1.ltrans.o
 .rodata.oslib_test_sequence_005
                0x0800d2a0        0x8 /tmp/ccIzIhOr.ltrans1.ltrans.o
 .rodata.oslib_test_sequence_004
                0x0800d2a8        0x8 /tmp/ccIzIhOr.ltrans1.ltrans.o
 .rodata.oslib_test_sequence_003
                0x0800d2b0        0x8 /tmp/ccIzIhOr.ltrans1.ltrans.o
 .rodata.oslib_test_sequence_002
                0x0800d2b8        0x8 /tmp/ccIzIhOr.ltrans1.ltrans.o
 .rodata.oslib_test_sequence_001
                0x0800d2c0        0x8 /tmp/ccIzIhOr.ltrans1.ltrans.o
 .rodata.rt_test_sequence_010
                0x0800d2c8        0x8 /tmp/ccIzIhOr.ltrans1.ltrans.o
 .rodata.rt_test_sequence_009
                0x0800d2d0        0x8 /tmp/ccIzIhOr.ltrans1.ltrans.o
 .rodata.rt_test_sequence_008
                0x0800d2d8        0x8 /tmp/ccIzIhOr.ltrans1.ltrans.o
 .rodata.rt_test_sequence_007
                0x0800d2e0        0x8 /tmp/ccIzIhOr.ltrans1.ltrans.o
 .rodata.rt_test_sequence_006
                0x0800d2e8        0x8 /tmp/ccIzIhOr.ltrans1.ltrans.o
 .rodata.rt_test_sequence_005
                0x0800d2f0        0x8 /tmp/ccIzIhOr.ltrans1.ltrans.o
 .rodata.rt_test_sequence_004
                0x0800d2f8        0x8 /tmp/ccIzIhOr.ltrans1.ltrans.o
 .rodata.rt_test_sequence_003
                0x0800d300        0x8 /tmp/ccIzIhOr.ltrans1.ltrans.o
 .rodata.rt_test_sequence_002
                0x0800d308        0x8 /tmp/ccIzIhOr.ltrans1.ltrans.o
 .rodata.rt_test_sequence_001
                0x0800d310        0x8 /tmp/ccIzIhOr.ltrans1.ltrans.o
 .rodata.oslib_test_suite_array
                0x0800d318       0x18 /tmp/ccIzIhOr.ltrans1.ltrans.o
 .rodata.rt_test_suite_array
                0x0800d330       0x2c /tmp/ccIzIhOr.ltrans1.ltrans.o
 .rodata.vmt    0x0800d35c       0x28 /tmp/ccIzIhOr.ltrans1.ltrans.o
 .rodata.idle_descriptor.0
                0x0800d384       0x18 /tmp/ccIzIhOr.ltrans1.ltrans.o
 .rodata.ch_debug
                0x0800d39c       0x16 /tmp/ccIzIhOr.ltrans1.ltrans.o
 *fill*         0x0800d3b2        0x2 
 .rodata.oslib_test_suite
                0x0800d3b4        0x8 /tmp/ccIzIhOr.ltrans1.ltrans.o
 .rodata.rt_test_suite
                0x0800d3bc        0x8 /tmp/ccIzIhOr.ltrans1.ltrans.o
                0x0800d3c4                        . = ALIGN (0x4)
                0x0800d3c4                        __rodata_end__ = .

.ARM.extab
 *(.ARM.extab* .gnu.linkonce.armextab.*)

.ARM.exidx      0x0800d3c4        0x8
                0x0800d3c4                        __exidx_start = .
 *(.ARM.exidx* .gnu.linkonce.armexidx.*)
 .ARM.exidx     0x0800d3c4        0x8 /usr/lib/gcc/arm-none-eabi/13.2.1/../../../arm-none-eabi/lib/thumb/v7e-m/nofp/libg.a(libc_a-strcmp.o)
 .ARM.exidx     0x0800d3cc        0x0 /usr/lib/gcc/arm-none-eabi/13.2.1/../../../arm-none-eabi/lib/thumb/v7e-m/nofp/libg.a(libc_a-memcpy.o)
                                  0x8 (size before relaxing)
                0x0800d3cc                        __exidx_end = .

.rel.dyn        0x0800d3cc        0x0
 .rel.iplt      0x0800d3cc        0x0 ./build/obj/crt0_v7m.o

.eh_frame_hdr
 *(.eh_frame_hdr)

.eh_frame
 *(.eh_frame)

.data           0x20000800       0xe0 load address 0x0800d3cc
                [!provide]                        PROVIDE (_textdata = LOADADDR (.data))
                [!provide]                        PROVIDE (_data = .)
                0x0800d3cc                        _textdata_start = LOADADDR (.data)
                0x20000800                        _data_start = .
 *(.data)
 *(.data.*)
 .data.myobj.0  0x20000800        0x4 /tmp/ccIzIhOr.ltrans0.ltrans.o
 .data.myobj.1  0x20000804        0x4 /tmp/ccIzIhOr.ltrans0.ltrans.o
 .data.gmp1.lto_priv.0
                0x20000808       0x1c /tmp/ccIzIhOr.ltrans0.ltrans.o
                0x20000808                gmp1.lto_priv.0
 *fill*         0x20000824        0x4 
 .data.mp1.lto_priv.1
                0x20000828       0x10 /tmp/ccIzIhOr.ltrans0.ltrans.o
 .data.pipe1.lto_priv.0
                0x20000838       0x50 /tmp/ccIzIhOr.ltrans0.ltrans.o
                0x20000838                pipe1.lto_priv.0
 .data.mb1.lto_priv.0
                0x20000888       0x28 /tmp/ccIzIhOr.ltrans0.ltrans.o
                0x20000888                mb1.lto_priv.0
 .data.es2      0x200008b0        0x4 /tmp/ccIzIhOr.ltrans0.ltrans.o
 .data.es1      0x200008b4        0x4 /tmp/ccIzIhOr.ltrans0.ltrans.o
 .data.c1       0x200008b8        0x8 /tmp/ccIzIhOr.ltrans0.ltrans.o
 .data.m2       0x200008c0       0x10 /tmp/ccIzIhOr.ltrans0.ltrans.o
 .data.m1       0x200008d0       0x10 /tmp/ccIzIhOr.ltrans0.ltrans.o
 *(.ramtext)
                0x200008e0                        . = ALIGN (0x4)
                [!provide]                        PROVIDE (_edata = .)
                0x200008e0                        _data_end = .

.igot.plt       0x200008e0        0x0 load address 0x0800d4ac
 .igot.plt      0x200008e0        0x0 ./build/obj/crt0_v7m.o

.bss            0x200008e0      0xb78 load address 0x0800d4ac
                0x200008e0                        _bss_start = .
 *(.bss)
 *(.bss.*)
 .bss.test_heap_buffer
                0x200008e0       0x80 /tmp/ccIzIhOr.ltrans0.ltrans.o
 .bss.test_heap
                0x20000960       0x1c /tmp/ccIzIhOr.ltrans0.ltrans.o
 .bss.objects   0x2000097c       0x10 /tmp/ccIzIhOr.ltrans0.ltrans.o
 .bss.buffer    0x2000098c       0x10 /tmp/ccIzIhOr.ltrans0.ltrans.o
 .bss.mb_buffer
                0x2000099c       0x10 /tmp/ccIzIhOr.ltrans0.ltrans.o
 *fill*         0x200009ac        0x4 
 .bss.mtx1      0x200009b0       0x10 /tmp/ccIzIhOr.ltrans0.ltrans.o
 .bss.vt2.0     0x200009c0       0x14 /tmp/ccIzIhOr.ltrans0.ltrans.o
 .bss.vt1.1     0x200009d4       0x14 /tmp/ccIzIhOr.ltrans0.ltrans.o
 .bss.sem1.lto_priv.1
                0x200009e8        0xc /tmp/ccIzIhOr.ltrans0.ltrans.o
 *fill*         0x200009f4        0x4 
 .bss.mp1.lto_priv.0
                0x200009f8       0x10 /tmp/ccIzIhOr.ltrans0.ltrans.o
                0x200009f8                mp1.lto_priv.0
 .bss.test_buffer
                0x20000a08      0x668 /tmp/ccIzIhOr.ltrans0.ltrans.o
 .bss.heap1.lto_priv.0
                0x20001070       0x1c /tmp/ccIzIhOr.ltrans0.ltrans.o
                0x20001070                heap1.lto_priv.0
 *fill*         0x2000108c        0x4 
 .bss.sem1.lto_priv.0
                0x20001090        0xc /tmp/ccIzIhOr.ltrans0.ltrans.o
                0x20001090                sem1.lto_priv.0
 .bss.tr1       0x2000109c        0x4 /tmp/ccIzIhOr.ltrans0.ltrans.o
 .bss.threads   0x200010a0       0x14 /tmp/ccIzIhOr.ltrans0.ltrans.o
 .bss.test_step
                0x200010b4        0x4 /tmp/ccIzIhOr.ltrans0.ltrans.o
                0x200010b4                test_step
 .bss.test_tokens_buffer.lto_priv.0
                0x200010b8       0x10 /tmp/ccIzIhOr.ltrans0.ltrans.o
                0x200010b8                test_tokens_buffer.lto_priv.0
 .bss.test_tokp.lto_priv.0
                0x200010c8        0x4 /tmp/ccIzIhOr.ltrans0.ltrans.o
                0x200010c8                test_tokp.lto_priv.0
 .bss.test_failure_message.lto_priv.0
                0x200010cc        0x4 /tmp/ccIzIhOr.ltrans0.ltrans.o
                0x200010cc                test_failure_message.lto_priv.0
 .bss.test_global_fail
                0x200010d0        0x1 /tmp/ccIzIhOr.ltrans0.ltrans.o
                0x200010d0                test_global_fail
 .bss.test_local_fail.lto_priv.0
                0x200010d1        0x1 /tmp/ccIzIhOr.ltrans0.ltrans.o
                0x200010d1                test_local_fail.lto_priv.0
 *fill*         0x200010d2        0x2 
 .bss.test_chp.lto_priv.0
                0x200010d4        0x4 /tmp/ccIzIhOr.ltrans0.ltrans.o
                0x200010d4                test_chp.lto_priv.0
 .bss.ch_factory
                0x200010d8       0x48 /tmp/ccIzIhOr.ltrans0.ltrans.o
                0x200010d8                ch_factory
 .bss.default_heap.lto_priv.0
                0x20001120       0x1c /tmp/ccIzIhOr.ltrans0.ltrans.o
                0x20001120                default_heap.lto_priv.0
 .bss.ch_memcore
                0x2000113c        0x8 /tmp/ccIzIhOr.ltrans0.ltrans.o
                0x2000113c                ch_memcore
 .bss.SD2       0x20001144       0x7c /tmp/ccIzIhOr.ltrans0.ltrans.o
                0x20001144                SD2
 .bss.ch        0x200011c0       0x78 /tmp/ccIzIhOr.ltrans0.ltrans.o
                0x200011c0                ch
 .bss.ch_idle_thread_wa
                0x20001238       0xd8 /tmp/ccIzIhOr.ltrans1.ltrans.o
 .bss.waThread1
                0x20001310      0x148 /tmp/ccIzIhOr.ltrans1.ltrans.o
 *(COMMON)
                0x20001458                        . = ALIGN (0x4)
                0x20001458                        _bss_end = .
                [!provide]                        PROVIDE (end = .)
                0x20000000                        __ram0_start__ = ORIGIN (ram0)
                0x00020000                        __ram0_size__ = LENGTH (ram0)
                0x20020000                        __ram0_end__ = (__ram0_start__ + __ram0_size__)
                0x20000000                        __ram1_start__ = ORIGIN (ram1)
                0x0001c000                        __ram1_size__ = LENGTH (ram1)
                0x2001c000                        __ram1_end__ = (__ram1_start__ + __ram1_size__)
                0x2001c000                        __ram2_start__ = ORIGIN (ram2)
                0x00004000                        __ram2_size__ = LENGTH (ram2)
                0x20020000                        __ram2_end__ = (__ram2_start__ + __ram2_size__)
                0x00000000                        __ram3_start__ = ORIGIN (ram3)
                0x00000000                        __ram3_size__ = LENGTH (ram3)
                0x00000000                        __ram3_end__ = (__ram3_start__ + __ram3_size__)
                0x10000000                        __ram4_start__ = ORIGIN (ram4)
                0x00010000                        __ram4_size__ = LENGTH (ram4)
                0x10010000                        __ram4_end__ = (__ram4_start__ + __ram4_size__)
                0x40024000                        __ram5_start__ = ORIGIN (ram5)
                0x00001000                        __ram5_size__ = LENGTH (ram5)
                0x40025000                        __ram5_end__ = (__ram5_start__ + __ram5_size__)
                0x00000000                        __ram6_start__ = ORIGIN (ram6)
                0x00000000                        __ram6_size__ = LENGTH (ram6)
                0x00000000                        __ram6_end__ = (__ram6_start__ + __ram6_size__)
                0x00000000                        __ram7_start__ = ORIGIN (ram7)
                0x00000000                        __ram7_size__ = LENGTH (ram7)
                0x00000000                        __ram7_end__ = (__ram7_start__ + __ram7_size__)
                0x08000000                        __flash0_start__ = ORIGIN (flash0)
                0x00100000                        __flash0_size__ = LENGTH (flash0)
                0x08100000                        __flash0_end__ = (__flash0_start__ + __flash0_size__)
                0x00000000                        __flash1_start__ = ORIGIN (flash1)
                0x00000000                        __flash1_size__ = LENGTH (flash1)
                0x00000000                        __flash1_end__ = (__flash1_start__ + __flash1_size__)
                0x00000000                        __flash2_start__ = ORIGIN (flash2)
                0x00000000                        __flash2_size__ = LENGTH (flash2)
                0x00000000                        __flash2_end__ = (__flash2_start__ + __flash2_size__)
                0x00000000                        __flash3_start__ = ORIGIN (flash3)
                0x00000000                        __flash3_size__ = LENGTH (flash3)
                0x00000000                        __flash3_end__ = (__flash3_start__ + __flash3_size__)
                0x00000000                        __flash4_start__ = ORIGIN (flash4)
                0x00000000                        __flash4_size__ = LENGTH (flash4)
                0x00000000                        __flash4_end__ = (__flash4_start__ + __flash4_size__)
                0x00000000                        __flash5_start__ = ORIGIN (flash5)
                0x00000000                        __flash5_size__ = LENGTH (flash5)
                0x00000000                        __flash5_end__ = (__flash5_start__ + __flash5_size__)
                0x00000000                        __flash6_start__ = ORIGIN (flash6)
                0x00000000                        __flash6_size__ = LENGTH (flash6)
                0x00000000                        __flash6_end__ = (__flash6_start__ + __flash6_size__)
                0x00000000                        __flash7_start__ = ORIGIN (flash7)
                0x00000000                        __flash7_size__ = LENGTH (flash7)
                0x00000000                        __flash7_end__ = (__flash7_start__ + __flash7_size__)

.ram0_init      0x20001458        0x0 load address 0x0800d4ac
                0x0800d4ac                        __ram0_init_text__ = LOADADDR (.ram0_init)
                0x20001458                        __ram0_init__ = .
 *(.ram0_init)
 *(.ram0_init.*)
                0x20001458                        . = ALIGN (0x4)

.ram0           0x20001458        0x0 load address 0x0800d4ac
                0x20001458                        __ram0_clear__ = .
 *(.ram0_clear)
 *(.ram0_clear.*)
                0x20001458                        . = ALIGN (0x4)
                0x20001458                        __ram0_noinit__ = .
 *(.ram0)
 *(.ram0.*)
                0x20001458                        . = ALIGN (0x4)
                0x20001458                        __ram0_free__ = .

.ram1_init      0x20000000        0x0 load address 0x0800d4ac
                0x0800d4ac                        __ram1_init_text__ = LOADADDR (.ram1_init)
                0x20000000                        __ram1_init__ = .
 *(.ram1_init)
 *(.ram1_init.*)
                0x20000000                        . = ALIGN (0x4)

.ram1           0x20000000        0x0 load address 0x0800d4ac
                0x20000000                        __ram1_clear__ = .
 *(.ram1_clear)
 *(.ram1_clear.*)
                0x20000000                        . = ALIGN (0x4)
                0x20000000                        __ram1_noinit__ = .
 *(.ram1)
 *(.ram1.*)
                0x20000000                        . = ALIGN (0x4)
                0x20000000                        __ram1_free__ = .

.ram2_init      0x2001c000        0x0 load address 0x0800d4ac
                0x0800d4ac                        __ram2_init_text__ = LOADADDR (.ram2_init)
                0x2001c000                        __ram2_init__ = .
 *(.ram2_init)
 *(.ram2_init.*)
                0x2001c000                        . = ALIGN (0x4)

.ram2           0x2001c000        0x0 load address 0x0800d4ac
                0x2001c000                        __ram2_clear__ = .
 *(.ram2_clear)
 *(.ram2_clear.*)
                0x2001c000                        . = ALIGN (0x4)
                0x2001c000                        __ram2_noinit__ = .
 *(.ram2)
 *(.ram2.*)
                0x2001c000                        . = ALIGN (0x4)
                0x2001c000                        __ram2_free__ = .

.ram3_init      0x00000000        0x0 load address 0x0800d4ac
                0x0800d4ac                        __ram3_init_text__ = LOADADDR (.ram3_init)
                0x00000000                        __ram3_init__ = .
 *(.ram3_init)
 *(.ram3_init.*)
                0x00000000                        . = ALIGN (0x4)

.ram3           0x00000000        0x0 load address 0x0800d4ac
                0x00000000                        __ram3_clear__ = .
 *(.ram3_clear)
 *(.ram3_clear.*)
                0x00000000                        . = ALIGN (0x4)
                0x00000000                        __ram3_noinit__ = .
 *(.ram3)
 *(.ram3.*)
                0x00000000                        . = ALIGN (0x4)
                0x00000000                        __ram3_free__ = .

.ram4_init      0x10000000        0x0 load address 0x0800d4ac
                0x0800d4ac                        __ram4_init_text__ = LOADADDR (.ram4_init)
                0x10000000                        __ram4_init__ = .
 *(.ram4_init)
 *(.ram4_init.*)
                0x10000000                        . = ALIGN (0x4)

.ram4           0x10000000        0x0 load address 0x0800d4ac
                0x10000000                        __ram4_clear__ = .
 *(.ram4_clear)
 *(.ram4_clear.*)
                0x10000000                        . = ALIGN (0x4)
                0x10000000                        __ram4_noinit__ = .
 *(.ram4)
 *(.ram4.*)
                0x10000000                        . = ALIGN (0x4)
                0x10000000                        __ram4_free__ = .

.ram5_init      0x40024000        0x0 load address 0x0800d4ac
                0x0800d4ac                        __ram5_init_text__ = LOADADDR (.ram5_init)
                0x40024000                        __ram5_init__ = .
 *(.ram5_init)
 *(.ram5_init.*)
                0x40024000                        . = ALIGN (0x4)

.ram5           0x40024000        0x0 load address 0x0800d4ac
                0x40024000                        __ram5_clear__ = .
 *(.ram5_clear)
 *(.ram5_clear.*)
                0x40024000                        . = ALIGN (0x4)
                0x40024000                        __ram5_noinit__ = .
 *(.ram5)
 *(.ram5.*)
                0x40024000                        . = ALIGN (0x4)
                0x40024000                        __ram5_free__ = .

.ram6_init      0x00000000        0x0 load address 0x0800d4ac
                0x0800d4ac                        __ram6_init_text__ = LOADADDR (.ram6_init)
                0x00000000                        __ram6_init__ = .
 *(.ram6_init)
 *(.ram6_init.*)
                0x00000000                        . = ALIGN (0x4)

.ram6           0x00000000        0x0 load address 0x0800d4ac
                0x00000000                        __ram6_clear__ = .
 *(.ram6_clear)
 *(.ram6_clear.*)
                0x00000000                        . = ALIGN (0x4)
                0x00000000                        __ram6_noinit__ = .
 *(.ram6)
 *(.ram6.*)
                0x00000000                        . = ALIGN (0x4)
                0x00000000                        __ram6_free__ = .

.ram7_init      0x00000000        0x0 load address 0x0800d4ac
                0x0800d4ac                        __ram7_init_text__ = LOADADDR (.ram7_init)
                0x00000000                        __ram7_init__ = .
 *(.ram7_init)
 *(.ram7_init.*)
                0x00000000                        . = ALIGN (0x4)

.ram7           0x00000000        0x0 load address 0x0800d4ac
                0x00000000                        __ram7_clear__ = .
 *(.ram7_clear)
 *(.ram7_clear.*)
                0x00000000                        . = ALIGN (0x4)
                0x00000000                        __ram7_noinit__ = .
 *(.ram7)
 *(.ram7.*)
                0x00000000                        . = ALIGN (0x4)
                0x00000000                        __ram7_free__ = .

.flash0         0x0800d4ac        0x0
                0x0800d4ac                        __flash0_init__ = .
 *(.flash0_init)
 *(.flash0_init.*)
                0x0800d4ac                        __flash0_free__ = .

.flash1         0x00000000        0x0
                0x00000000                        __flash1_init__ = .
 *(.flash1_init)
 *(.flash1_init.*)
                0x00000000                        __flash1_free__ = .

.flash2         0x00000000        0x0
                0x00000000                        __flash2_init__ = .
 *(.flash2_init)
 *(.flash2_init.*)
                0x00000000                        __flash2_free__ = .

.flash3         0x00000000        0x0
                0x00000000                        __flash3_init__ = .
 *(.flash3_init)
 *(.flash3_init.*)
                0x00000000                        __flash3_free__ = .

.flash4         0x00000000        0x0
                0x00000000                        __flash4_init__ = .
 *(.flash4_init)
 *(.flash4_init.*)
                0x00000000                        __flash4_free__ = .

.flash5         0x00000000        0x0
                0x00000000                        __flash5_init__ = .
 *(.flash5_init)
 *(.flash5_init.*)
                0x00000000                        __flash5_free__ = .

.flash6         0x00000000        0x0
                0x00000000                        __flash6_init__ = .
 *(.flash6_init)
 *(.flash6_init.*)
                0x00000000                        __flash6_free__ = .

.flash7         0x00000000        0x0
                0x00000000                        __flash7_init__ = .
 *(.flash7_init)
 *(.flash7_init.*)
                0x00000000                        __flash7_free__ = .

.heap           0x20001458    0x1eba8
                0x20001458                        . = ALIGN (0x8)
                0x20001458                        __heap_base__ = .
                0x20020000                        . = (ORIGIN (HEAP_RAM) + LENGTH (HEAP_RAM))
 *fill*         0x20001458    0x1eba8 
                0x20020000                        __heap_end__ = .
                0x00000400                        __process_stack_size__ = 0x400
                0x00000400                        __main_stack_size__ = 0x400
START GROUP
LOAD /usr/lib/gcc/arm-none-eabi/13.2.1/thumb/v7e-m/nofp/libgcc.a
LOAD /usr/lib/gcc/arm-none-eabi/13.2.1/../../../arm-none-eabi/lib/thumb/v7e-m/nofp/libg.a
LOAD /usr/lib/gcc/arm-none-eabi/13.2.1/../../../arm-none-eabi/lib/thumb/v7e-m/nofp/libc.a
END GROUP
OUTPUT(build/ch.elf elf32-littlearm)
LOAD linker stubs

.ARM.attributes
                0x00000000       0x2f
 .ARM.attributes
                0x00000000       0x21 ./build/obj/crt0_v7m.o
 .ARM.attributes
                0x00000021       0x21 ./build/obj/vectors.o
 .ARM.attributes
                0x00000042       0x21 ./build/obj/chcoreasm_v7m.o
 .ARM.attributes
                0x00000063       0x2c /tmp/ccIzIhOr.ltrans0.ltrans.o
 .ARM.attributes
                0x0000008f       0x2c /tmp/ccIzIhOr.ltrans1.ltrans.o
 .ARM.attributes
                0x000000bb       0x2e /usr/lib/gcc/arm-none-eabi/13.2.1/../../../arm-none-eabi/lib/thumb/v7e-m/nofp/libg.a(libc_a-strncpy.o)
 .ARM.attributes
                0x000000e9       0x2e /usr/lib/gcc/arm-none-eabi/13.2.1/../../../arm-none-eabi/lib/thumb/v7e-m/nofp/libg.a(libc_a-memset.o)
 .ARM.attributes
                0x00000117       0x1c /usr/lib/gcc/arm-none-eabi/13.2.1/../../../arm-none-eabi/lib/thumb/v7e-m/nofp/libg.a(libc_a-strcmp.o)
 .ARM.attributes
                0x00000133       0x2e /usr/lib/gcc/arm-none-eabi/13.2.1/../../../arm-none-eabi/lib/thumb/v7e-m/nofp/libg.a(libc_a-strncmp.o)
 .ARM.attributes
                0x00000161       0x2e /usr/lib/gcc/arm-none-eabi/13.2.1/../../../arm-none-eabi/lib/thumb/v7e-m/nofp/libg.a(libc_a-memcmp.o)
 .ARM.attributes
                0x0000018f       0x1c /usr/lib/gcc/arm-none-eabi/13.2.1/../../../arm-none-eabi/lib/thumb/v7e-m/nofp/libg.a(libc_a-memcpy.o)

.comment        0x00000000       0x26
 .comment       0x00000000       0x26 /tmp/ccIzIhOr.ltrans0.ltrans.o
                                 0x27 (size before relaxing)
 .comment       0x00000026       0x27 /tmp/ccIzIhOr.ltrans1.ltrans.o
 .comment       0x00000026       0x27 /usr/lib/gcc/arm-none-eabi/13.2.1/../../../arm-none-eabi/lib/thumb/v7e-m/nofp/libg.a(libc_a-strncpy.o)
 .comment       0x00000026       0x27 /usr/lib/gcc/arm-none-eabi/13.2.1/../../../arm-none-eabi/lib/thumb/v7e-m/nofp/libg.a(libc_a-memset.o)
 .comment       0x00000026       0x27 /usr/lib/gcc/arm-none-eabi/13.2.1/../../../arm-none-eabi/lib/thumb/v7e-m/nofp/libg.a(libc_a-strncmp.o)
 .comment       0x00000026       0x27 /usr/lib/gcc/arm-none-eabi/13.2.1/../../../arm-none-eabi/lib/thumb/v7e-m/nofp/libg.a(libc_a-memcmp.o)

.debug_line     0x00000000    0x21f7b
 .debug_line    0x00000000       0xa4 ./build/obj/crt0_v7m.o
 .debug_line    0x000000a4       0x4f ./build/obj/vectors.o
 .debug_line    0x000000f3       0x5d ./build/obj/chcoreasm_v7m.o
 .debug_line    0x00000150    0x1b074 /tmp/ccIzIhOr.ltrans0.ltrans.o
 .debug_line    0x0001b1c4     0x4805 /tmp/ccIzIhOr.ltrans1.ltrans.o
 .debug_line    0x0001f9c9       0x43 /tmp/ccgcRVuc.debug.temp.o
 .debug_line    0x0001fa0c       0x6c /tmp/ccmRus0V.debug.temp.o
 .debug_line    0x0001fa78       0x5a /tmp/cc8bk2HZ.debug.temp.o
 .debug_line    0x0001fad2       0xaa /tmp/ccJJYS7Y.debug.temp.o
 .debug_line    0x0001fb7c       0xb8 /tmp/ccrEJWcj.debug.temp.o
 .debug_line    0x0001fc34       0x4c /tmp/ccIZMwZB.debug.temp.o
 .debug_line    0x0001fc80       0x55 /tmp/cc7iYND2.debug.temp.o
 .debug_line    0x0001fcd5       0x5f /tmp/ccYBWptj.debug.temp.o
 .debug_line    0x0001fd34       0x4d /tmp/ccdvvPFX.debug.temp.o
 .debug_line    0x0001fd81       0x7e /tmp/ccylIG9y.debug.temp.o